[1.329s] Invoking command in '/home/stlab24-04/ira2_ws/src/ur_safety_monitor': DEBUGINFOD_URLS=https://debuginfod.ubuntu.com PYTHONPATH=/home/stlab24-04/ira2_ws/build/ur_safety_monitor/prefix_override:/usr/lib/python3/dist-packages/colcon_core/task/python/colcon_distutils_commands:/home/stlab24-04/ira2_ws/install/ur_safety_monitor/lib/python3.12/site-packages:${PYTHONPATH} /usr/bin/python3 -W ignore:setup.py install is deprecated -W ignore:easy_install command is deprecated setup.py egg_info --egg-base ../../build/ur_safety_monitor build --build-base /home/stlab24-04/ira2_ws/build/ur_safety_monitor/build install --record /home/stlab24-04/ira2_ws/build/ur_safety_monitor/install.log --single-version-externally-managed install_data
[1.568s] running egg_info
[1.585s] writing ../../build/ur_safety_monitor/ur_safety_monitor.egg-info/PKG-INFO
[1.585s] writing dependency_links to ../../build/ur_safety_monitor/ur_safety_monitor.egg-info/dependency_links.txt
[1.585s] writing entry points to ../../build/ur_safety_monitor/ur_safety_monitor.egg-info/entry_points.txt
[1.586s] writing requirements to ../../build/ur_safety_monitor/ur_safety_monitor.egg-info/requires.txt
[1.586s] writing top-level names to ../../build/ur_safety_monitor/ur_safety_monitor.egg-info/top_level.txt
[1.620s] reading manifest file '../../build/ur_safety_monitor/ur_safety_monitor.egg-info/SOURCES.txt'
[1.621s] writing manifest file '../../build/ur_safety_monitor/ur_safety_monitor.egg-info/SOURCES.txt'
[1.621s] running build
[1.621s] running build_py
[1.622s] running install
[1.626s] running install_lib
[1.644s] running install_data
[1.644s] running install_egg_info
[1.662s] removing '/home/stlab24-04/ira2_ws/install/ur_safety_monitor/lib/python3.12/site-packages/ur_safety_monitor-0.0.0-py3.12.egg-info' (and everything under it)
[1.663s] Copying ../../build/ur_safety_monitor/ur_safety_monitor.egg-info to /home/stlab24-04/ira2_ws/install/ur_safety_monitor/lib/python3.12/site-packages/ur_safety_monitor-0.0.0-py3.12.egg-info
[1.663s] running install_scripts
[1.776s] Installing safety_monitor_node script to /home/stlab24-04/ira2_ws/install/ur_safety_monitor/lib/ur_safety_monitor
[1.777s] writing list of installed files to '/home/stlab24-04/ira2_ws/build/ur_safety_monitor/install.log'
[1.826s] Invoked command in '/home/stlab24-04/ira2_ws/src/ur_safety_monitor' returned '0': DEBUGINFOD_URLS=https://debuginfod.ubuntu.com PYTHONPATH=/home/stlab24-04/ira2_ws/build/ur_safety_monitor/prefix_override:/usr/lib/python3/dist-packages/colcon_core/task/python/colcon_distutils_commands:/home/stlab24-04/ira2_ws/install/ur_safety_monitor/lib/python3.12/site-packages:${PYTHONPATH} /usr/bin/python3 -W ignore:setup.py install is deprecated -W ignore:easy_install command is deprecated setup.py egg_info --egg-base ../../build/ur_safety_monitor build --build-base /home/stlab24-04/ira2_ws/build/ur_safety_monitor/build install --record /home/stlab24-04/ira2_ws/build/ur_safety_monitor/install.log --single-version-externally-managed install_data
