[2.073s] Invoking command in '/home/stlab24-04/ira2_ws/src/ur_force_controller': DEBUGINFOD_URLS=https://debuginfod.ubuntu.com PYTHONPATH=/home/stlab24-04/ira2_ws/build/ur_force_controller/prefix_override:/usr/lib/python3/dist-packages/colcon_core/task/python/colcon_distutils_commands:/home/stlab24-04/ira2_ws/install/ur_force_controller/lib/python3.12/site-packages:${PYTHONPATH} /usr/bin/python3 -W ignore:setup.py install is deprecated -W ignore:easy_install command is deprecated setup.py egg_info --egg-base ../../build/ur_force_controller build --build-base /home/stlab24-04/ira2_ws/build/ur_force_controller/build install --record /home/stlab24-04/ira2_ws/build/ur_force_controller/install.log --single-version-externally-managed install_data
[2.499s] running egg_info
[2.531s] writing ../../build/ur_force_controller/ur_force_controller.egg-info/PKG-INFO
[2.531s] writing dependency_links to ../../build/ur_force_controller/ur_force_controller.egg-info/dependency_links.txt
[2.531s] writing entry points to ../../build/ur_force_controller/ur_force_controller.egg-info/entry_points.txt
[2.531s] writing requirements to ../../build/ur_force_controller/ur_force_controller.egg-info/requires.txt
[2.531s] writing top-level names to ../../build/ur_force_controller/ur_force_controller.egg-info/top_level.txt
[2.600s] reading manifest file '../../build/ur_force_controller/ur_force_controller.egg-info/SOURCES.txt'
[2.601s] writing manifest file '../../build/ur_force_controller/ur_force_controller.egg-info/SOURCES.txt'
[2.601s] running build
[2.601s] running build_py
[2.602s] running install
[2.609s] running install_lib
[2.647s] running install_data
[2.647s] running install_egg_info
[2.686s] removing '/home/stlab24-04/ira2_ws/install/ur_force_controller/lib/python3.12/site-packages/ur_force_controller-0.0.0-py3.12.egg-info' (and everything under it)
[2.686s] Copying ../../build/ur_force_controller/ur_force_controller.egg-info to /home/stlab24-04/ira2_ws/install/ur_force_controller/lib/python3.12/site-packages/ur_force_controller-0.0.0-py3.12.egg-info
[2.687s] running install_scripts
[2.881s] Installing force_controller_node script to /home/stlab24-04/ira2_ws/install/ur_force_controller/lib/ur_force_controller
[2.881s] writing list of installed files to '/home/stlab24-04/ira2_ws/build/ur_force_controller/install.log'
[2.914s] Invoked command in '/home/stlab24-04/ira2_ws/src/ur_force_controller' returned '0': DEBUGINFOD_URLS=https://debuginfod.ubuntu.com PYTHONPATH=/home/stlab24-04/ira2_ws/build/ur_force_controller/prefix_override:/usr/lib/python3/dist-packages/colcon_core/task/python/colcon_distutils_commands:/home/stlab24-04/ira2_ws/install/ur_force_controller/lib/python3.12/site-packages:${PYTHONPATH} /usr/bin/python3 -W ignore:setup.py install is deprecated -W ignore:easy_install command is deprecated setup.py egg_info --egg-base ../../build/ur_force_controller build --build-base /home/stlab24-04/ira2_ws/build/ur_force_controller/build install --record /home/stlab24-04/ira2_ws/build/ur_force_controller/install.log --single-version-externally-managed install_data
