-- The C compiler identification is GNU 13.3.0
-- The CXX compiler identification is GNU 13.3.0
-- Detecting C compiler ABI info
-- Detecting C compiler ABI info - done
-- Check for working C compiler: /usr/bin/cc - skipped
-- Detecting C compile features
-- Detecting C compile features - done
-- Detecting CXX compiler ABI info
-- Detecting CXX compiler ABI info - done
-- Check for working CXX compiler: /usr/bin/c++ - skipped
-- Detecting CXX compile features
-- Detecting CXX compile features - done
-- Found Boost: /usr/lib/x86_64-linux-gnu/cmake/Boost-1.83.0/BoostConfig.cmake (found version "1.83.0") found components: system thread program_options 
-- Found Threads: TRUE  
-- Found PythonInterp: /usr/bin/python3 (found version "3.12.3") 
-- Found PythonLibs: /usr/lib/x86_64-linux-gnu/libpython3.12.so
-- pybind11 v2.10.1 
-- Performing Test HAS_FLTO
-- Performing Test HAS_FLTO - Success
-- Found Curses: /usr/lib/x86_64-linux-gnu/libcurses.so  
-- Performing Test COMPILER_HAS_HIDDEN_VISIBILITY
-- Performing Test COMPILER_HAS_HIDDEN_VISIBILITY - Success
-- Performing Test COMPILER_HAS_HIDDEN_INLINE_VISIBILITY
-- Performing Test COMPILER_HAS_HIDDEN_INLINE_VISIBILITY - Success
-- Performing Test COMPILER_HAS_DEPRECATED_ATTR
-- Performing Test COMPILER_HAS_DEPRECATED_ATTR - Success
-- Configuring done (4.4s)
-- Generating done (0.0s)
-- Build files have been written to: /home/stlab24-04/ira2_ws/build/ur_rtde
[  4%] [32mBuilding CXX object CMakeFiles/rtde.dir/src/rtde.cpp.o[0m
[  4%] [32mBuilding CXX object CMakeFiles/rtde_io.dir/src/robot_state.cpp.o[0m
[  4%] [32mBuilding CXX object CMakeFiles/dashboard_client.dir/src/dashboard_client.cpp.o[0m
[  4%] [32mBuilding CXX object CMakeFiles/rtde_io.dir/src/dashboard_enums.cpp.o[0m
[  6%] [32mBuilding CXX object CMakeFiles/rtde_io.dir/src/rtde_control_interface.cpp.o[0m
[  6%] [32mBuilding CXX object CMakeFiles/dashboard_client.dir/src/robot_state.cpp.o[0m
[ 15%] [32mBuilding CXX object CMakeFiles/rtde_control.dir/src/robot_state.cpp.o[0m
[ 15%] [32mBuilding CXX object CMakeFiles/rtde_io.dir/src/dashboard_client.cpp.o[0m
[ 15%] [32mBuilding CXX object CMakeFiles/rtde.dir/src/dashboard_enums.cpp.o[0m
[ 15%] [32mBuilding CXX object CMakeFiles/rtde_control.dir/src/rtde.cpp.o[0m
[ 15%] [32mBuilding CXX object CMakeFiles/script_client.dir/src/rtde.cpp.o[0m
[ 15%] [32mBuilding CXX object CMakeFiles/dashboard_client.dir/src/rtde.cpp.o[0m
[ 15%] [32mBuilding CXX object CMakeFiles/script_client.dir/src/robot_state.cpp.o[0m
[ 15%] [32mBuilding CXX object CMakeFiles/script_client.dir/src/dashboard_client.cpp.o[0m
[ 15%] [32mBuilding CXX object CMakeFiles/rtde_receive.dir/src/robot_state.cpp.o[0m
[ 15%] [32mBuilding CXX object CMakeFiles/rtde_io.dir/src/script_client.cpp.o[0m
[ 15%] [32mBuilding CXX object CMakeFiles/rtde_control.dir/src/dashboard_client.cpp.o[0m
[ 15%] [32mBuilding CXX object CMakeFiles/rtde_io.dir/src/rtde.cpp.o[0m
[ 16%] [32mBuilding CXX object CMakeFiles/rtde.dir/src/robot_state.cpp.o[0m
[ 17%] [32mBuilding CXX object CMakeFiles/rtde.dir/src/dashboard_client.cpp.o[0m
[ 17%] [32mBuilding CXX object CMakeFiles/script_client.dir/src/dashboard_enums.cpp.o[0m
[ 18%] [32mBuilding CXX object CMakeFiles/rtde_io.dir/src/rtde_receive_interface.cpp.o[0m
[ 19%] [32mBuilding CXX object CMakeFiles/rtde_receive.dir/src/rtde.cpp.o[0m
[ 20%] [32mBuilding CXX object CMakeFiles/rtde_receive.dir/src/dashboard_client.cpp.o[0m
[ 21%] [32mBuilding CXX object CMakeFiles/rtde_io.dir/src/rtde_io_interface.cpp.o[0m
[ 22%] [32mBuilding CXX object CMakeFiles/rtde_control.dir/src/dashboard_enums.cpp.o[0m
[ 23%] [32mBuilding CXX object CMakeFiles/dashboard_client.dir/src/dashboard_enums.cpp.o[0m
[ 24%] [32mBuilding CXX object CMakeFiles/script_client.dir/src/script_client.cpp.o[0m
[ 25%] [32mBuilding CXX object CMakeFiles/script_client.dir/src/rtde_control_interface.cpp.o[0m
[ 25%] [32mBuilding CXX object CMakeFiles/rtde_receive.dir/src/dashboard_enums.cpp.o[0m
[ 26%] [32mBuilding CXX object CMakeFiles/dashboard_client.dir/src/script_client.cpp.o[0m
[ 27%] [32mBuilding CXX object CMakeFiles/rtde_io.dir/src/robotiq_gripper.cpp.o[0m
[ 28%] [32mBuilding CXX object CMakeFiles/rtde.dir/src/script_client.cpp.o[0m
[ 29%] [32mBuilding CXX object CMakeFiles/rtde.dir/src/rtde_control_interface.cpp.o[0m
[ 30%] [32mBuilding CXX object CMakeFiles/rtde.dir/src/rtde_receive_interface.cpp.o[0m
[ 31%] [32mBuilding CXX object CMakeFiles/rtde_control.dir/src/script_client.cpp.o[0m
[ 32%] [32mBuilding CXX object CMakeFiles/rtde_receive.dir/src/script_client.cpp.o[0m
[ 33%] [32mBuilding CXX object CMakeFiles/script_client.dir/src/rtde_receive_interface.cpp.o[0m
[ 34%] [32mBuilding CXX object CMakeFiles/rtde.dir/src/rtde_io_interface.cpp.o[0m
[ 35%] [32mBuilding CXX object CMakeFiles/rtde_control.dir/src/rtde_control_interface.cpp.o[0m
[ 36%] [32mBuilding CXX object CMakeFiles/rtde_receive.dir/src/rtde_control_interface.cpp.o[0m
[ 37%] [32mBuilding CXX object CMakeFiles/rtde_io.dir/src/urcl/script_sender.cpp.o[0m
[ 38%] [32mBuilding CXX object CMakeFiles/rtde.dir/src/robotiq_gripper.cpp.o[0m
[ 38%] [32mBuilding CXX object CMakeFiles/dashboard_client.dir/src/rtde_control_interface.cpp.o[0m
[ 38%] [32mBuilding CXX object CMakeFiles/rtde_io.dir/src/urcl/tcp_server.cpp.o[0m
[ 39%] [32mBuilding CXX object CMakeFiles/rtde_control.dir/src/rtde_receive_interface.cpp.o[0m
[ 40%] [32mBuilding CXX object CMakeFiles/script_client.dir/src/rtde_io_interface.cpp.o[0m
[ 41%] [32mBuilding CXX object CMakeFiles/rtde_receive.dir/src/rtde_receive_interface.cpp.o[0m
[ 42%] [32mBuilding CXX object CMakeFiles/dashboard_client.dir/src/rtde_receive_interface.cpp.o[0m
[ 43%] [32mBuilding CXX object CMakeFiles/script_client.dir/src/robotiq_gripper.cpp.o[0m
[ 43%] [32mBuilding CXX object CMakeFiles/rtde.dir/src/urcl/script_sender.cpp.o[0m
[ 44%] [32mBuilding CXX object CMakeFiles/rtde_io.dir/src/urcl/log.cpp.o[0m
[ 45%] [32mBuilding CXX object CMakeFiles/dashboard_client.dir/src/rtde_io_interface.cpp.o[0m
[ 46%] [32mBuilding CXX object CMakeFiles/script_client.dir/src/urcl/script_sender.cpp.o[0m
[ 47%] [32mBuilding CXX object CMakeFiles/rtde_control.dir/src/rtde_io_interface.cpp.o[0m
[ 48%] [32mBuilding CXX object CMakeFiles/rtde_io.dir/src/urcl/default_log_handler.cpp.o[0m
[ 49%] [32mBuilding CXX object CMakeFiles/rtde_receive.dir/src/rtde_io_interface.cpp.o[0m
[ 50%] [32mBuilding CXX object CMakeFiles/rtde_io.dir/src/rtde_python_bindings.cpp.o[0m
[ 51%] [32mBuilding CXX object CMakeFiles/dashboard_client.dir/src/robotiq_gripper.cpp.o[0m
[ 52%] [32mBuilding CXX object CMakeFiles/dashboard_client.dir/src/urcl/script_sender.cpp.o[0m
[ 53%] [32mBuilding CXX object CMakeFiles/rtde_receive.dir/src/robotiq_gripper.cpp.o[0m
[ 54%] [32mBuilding CXX object CMakeFiles/rtde_control.dir/src/robotiq_gripper.cpp.o[0m
[ 55%] [32mBuilding CXX object CMakeFiles/rtde.dir/src/urcl/tcp_server.cpp.o[0m
[ 56%] [32mBuilding CXX object CMakeFiles/script_client.dir/src/urcl/tcp_server.cpp.o[0m
[ 57%] [32mBuilding CXX object CMakeFiles/rtde_receive.dir/src/urcl/script_sender.cpp.o[0m
[ 58%] [32mBuilding CXX object CMakeFiles/rtde_control.dir/src/urcl/script_sender.cpp.o[0m
[ 59%] [32mBuilding CXX object CMakeFiles/rtde.dir/src/urcl/log.cpp.o[0m
[ 59%] [32mBuilding CXX object CMakeFiles/script_client.dir/src/urcl/log.cpp.o[0m
[ 60%] [32mBuilding CXX object CMakeFiles/dashboard_client.dir/src/urcl/tcp_server.cpp.o[0m
[ 61%] [32mBuilding CXX object CMakeFiles/script_client.dir/src/urcl/default_log_handler.cpp.o[0m
[ 62%] [32mBuilding CXX object CMakeFiles/rtde.dir/src/urcl/default_log_handler.cpp.o[0m
[ 63%] [32mBuilding CXX object CMakeFiles/rtde_receive.dir/src/urcl/tcp_server.cpp.o[0m
[ 63%] [32mBuilding CXX object CMakeFiles/rtde_receive.dir/src/urcl/log.cpp.o[0m
[ 64%] [32mBuilding CXX object CMakeFiles/dashboard_client.dir/src/urcl/log.cpp.o[0m
[ 64%] [32mBuilding CXX object CMakeFiles/rtde_control.dir/src/urcl/tcp_server.cpp.o[0m
[ 65%] [32mBuilding CXX object CMakeFiles/rtde_receive.dir/src/urcl/default_log_handler.cpp.o[0m
[ 66%] [32mBuilding CXX object CMakeFiles/script_client.dir/src/rtde_python_bindings.cpp.o[0m
[ 67%] [32mBuilding CXX object CMakeFiles/dashboard_client.dir/src/urcl/default_log_handler.cpp.o[0m
[ 68%] [32mBuilding CXX object CMakeFiles/rtde_control.dir/src/urcl/log.cpp.o[0m
[ 68%] [32mBuilding CXX object CMakeFiles/dashboard_client.dir/src/rtde_python_bindings.cpp.o[0m
[ 69%] [32mBuilding CXX object CMakeFiles/rtde_control.dir/src/urcl/default_log_handler.cpp.o[0m
[ 70%] [32mBuilding CXX object CMakeFiles/rtde_control.dir/src/rtde_python_bindings.cpp.o[0m
[ 71%] [32mBuilding CXX object CMakeFiles/rtde_receive.dir/src/rtde_python_bindings.cpp.o[0m
[ 72%] [32m[1mLinking CXX shared library librtde.so[0m
[ 72%] Built target rtde
[ 73%] [32mBuilding CXX object CMakeFiles/forcemode_example.dir/examples/cpp/forcemode_example.cpp.o[0m
[ 76%] [32mBuilding CXX object CMakeFiles/realtime_control_example.dir/examples/cpp/realtime_control_example.cpp.o[0m
[ 76%] [32mBuilding CXX object CMakeFiles/move_path_async_example.dir/examples/cpp/move_path_async_example.cpp.o[0m
[ 76%] [32mBuilding CXX object CMakeFiles/move_async_example.dir/examples/cpp/move_async_example.cpp.o[0m
[ 76%] [32mBuilding CXX object CMakeFiles/robotiq_gripper_example.dir/examples/cpp/robotiq_gripper_example.cpp.o[0m
[ 80%] [32mBuilding CXX object CMakeFiles/servoj_example.dir/examples/cpp/servoj_example.cpp.o[0m
[ 80%] [32mBuilding CXX object CMakeFiles/speedj_example.dir/examples/cpp/speedj_example.cpp.o[0m
[ 80%] [32mBuilding CXX object CMakeFiles/record_data_example.dir/examples/cpp/record_data_example.cpp.o[0m
[ 82%] [32mBuilding CXX object CMakeFiles/contact_detection_example.dir/examples/cpp/contact_detection_example.cpp.o[0m
[ 82%] [32mBuilding CXX object CMakeFiles/movej_path_with_blend_example.dir/examples/cpp/movej_path_with_blend_example.cpp.o[0m
[ 82%] [32mBuilding CXX object CMakeFiles/jog_example.dir/examples/cpp/jog_example.cpp.o[0m
[ 80%] [32mBuilding CXX object CMakeFiles/io_example.dir/examples/cpp/io_example.cpp.o[0m
[ 83%] [32mBuilding CXX object CMakeFiles/move_until_contact_example.dir/examples/cpp/move_until_contact.cpp.o[0m
[ 84%] [32m[1mLinking CXX executable /home/stlab24-04/ira2_ws/ur_rtde/bin/robotiq_gripper_example[0m
[ 84%] Built target robotiq_gripper_example
[ 85%] [32m[1mLinking CXX executable /home/stlab24-04/ira2_ws/ur_rtde/bin/io_example[0m
[ 85%] Built target io_example
[ 87%] [32m[1mLinking CXX executable /home/stlab24-04/ira2_ws/ur_rtde/bin/move_path_async_example[0m
[ 87%] [32m[1mLinking CXX executable /home/stlab24-04/ira2_ws/ur_rtde/bin/forcemode_example[0m
[ 88%] [32m[1mLinking CXX executable /home/stlab24-04/ira2_ws/ur_rtde/bin/jog_example[0m
[ 89%] [32m[1mLinking CXX executable /home/stlab24-04/ira2_ws/ur_rtde/bin/contact_detection_example[0m
[ 90%] [32m[1mLinking CXX executable /home/stlab24-04/ira2_ws/ur_rtde/bin/move_until_contact_example[0m
[ 91%] [32m[1mLinking CXX executable /home/stlab24-04/ira2_ws/ur_rtde/bin/movej_path_with_blend_example[0m
[ 91%] [32m[1mLinking CXX executable /home/stlab24-04/ira2_ws/ur_rtde/bin/speedj_example[0m
[ 91%] Built target forcemode_example
[ 91%] Built target jog_example
[ 92%] [32m[1mLinking CXX executable /home/stlab24-04/ira2_ws/ur_rtde/bin/servoj_example[0m
[ 92%] Built target move_path_async_example
[ 92%] Built target contact_detection_example
[ 92%] Built target movej_path_with_blend_example
[ 92%] Built target speedj_example
[ 92%] Built target servoj_example
[ 93%] [32m[1mLinking CXX executable /home/stlab24-04/ira2_ws/ur_rtde/bin/move_async_example[0m
[ 93%] Built target move_until_contact_example
[ 94%] [32m[1mLinking CXX executable /home/stlab24-04/ira2_ws/ur_rtde/bin/realtime_control_example[0m
[ 94%] Built target move_async_example
[ 94%] Built target realtime_control_example
[ 95%] [32m[1mLinking CXX executable /home/stlab24-04/ira2_ws/ur_rtde/bin/record_data_example[0m
[ 95%] Built target record_data_example
[ 96%] [32m[1mLinking CXX shared library rtde_io.cpython-312-x86_64-linux-gnu.so[0m
[ 97%] [32m[1mLinking CXX shared library script_client.cpython-312-x86_64-linux-gnu.so[0m
[ 98%] [32m[1mLinking CXX shared library dashboard_client.cpython-312-x86_64-linux-gnu.so[0m
[ 99%] [32m[1mLinking CXX shared library rtde_control.cpython-312-x86_64-linux-gnu.so[0m
[100%] [32m[1mLinking CXX shared library rtde_receive.cpython-312-x86_64-linux-gnu.so[0m
[100%] Built target rtde_io
[100%] Built target script_client
[100%] Built target dashboard_client
[100%] Built target rtde_control
[100%] Built target rtde_receive
-- Install configuration: ""
-- Installing: /home/stlab24-04/ira2_ws/install/ur_rtde/lib/librtde.so.1.6.2
-- Installing: /home/stlab24-04/ira2_ws/install/ur_rtde/lib/librtde.so.1.6
-- Installing: /home/stlab24-04/ira2_ws/install/ur_rtde/lib/librtde.so
-- Installing: /usr/lib/python3/dist-packages/rtde_control.cpython-312-x86_64-linux-gnu.so
