[1.030s] Invoking command in '/home/stlab24-04/ira2_ws/src/ur_motion_manager': DEBUGINFOD_URLS=https://debuginfod.ubuntu.com PYTHONPATH=/home/stlab24-04/ira2_ws/build/ur_motion_manager/prefix_override:/usr/lib/python3/dist-packages/colcon_core/task/python/colcon_distutils_commands:/home/stlab24-04/ira2_ws/install/ur_motion_manager/lib/python3.12/site-packages:${PYTHONPATH} /usr/bin/python3 -W ignore:setup.py install is deprecated -W ignore:easy_install command is deprecated setup.py egg_info --egg-base ../../build/ur_motion_manager build --build-base /home/stlab24-04/ira2_ws/build/ur_motion_manager/build install --record /home/stlab24-04/ira2_ws/build/ur_motion_manager/install.log --single-version-externally-managed install_data
[1.244s] running egg_info
[1.244s] creating ../../build/ur_motion_manager/ur_motion_manager.egg-info
[1.260s] writing ../../build/ur_motion_manager/ur_motion_manager.egg-info/PKG-INFO
[1.261s] writing dependency_links to ../../build/ur_motion_manager/ur_motion_manager.egg-info/dependency_links.txt
[1.261s] writing entry points to ../../build/ur_motion_manager/ur_motion_manager.egg-info/entry_points.txt
[1.261s] writing requirements to ../../build/ur_motion_manager/ur_motion_manager.egg-info/requires.txt
[1.261s] writing top-level names to ../../build/ur_motion_manager/ur_motion_manager.egg-info/top_level.txt
[1.261s] writing manifest file '../../build/ur_motion_manager/ur_motion_manager.egg-info/SOURCES.txt'
[1.294s] reading manifest file '../../build/ur_motion_manager/ur_motion_manager.egg-info/SOURCES.txt'
[1.294s] writing manifest file '../../build/ur_motion_manager/ur_motion_manager.egg-info/SOURCES.txt'
[1.295s] running build
[1.295s] running build_py
[1.295s] creating /home/stlab24-04/ira2_ws/build/ur_motion_manager/build
[1.295s] creating /home/stlab24-04/ira2_ws/build/ur_motion_manager/build/lib
[1.296s] creating /home/stlab24-04/ira2_ws/build/ur_motion_manager/build/lib/ur_motion_manager
[1.296s] copying ur_motion_manager/teach_node.py -> /home/stlab24-04/ira2_ws/build/ur_motion_manager/build/lib/ur_motion_manager
[1.296s] copying ur_motion_manager/motion_manager_node.py -> /home/stlab24-04/ira2_ws/build/ur_motion_manager/build/lib/ur_motion_manager
[1.296s] copying ur_motion_manager/__init__.py -> /home/stlab24-04/ira2_ws/build/ur_motion_manager/build/lib/ur_motion_manager
[1.296s] running install
[1.299s] running install_lib
[1.315s] creating /home/stlab24-04/ira2_ws/install/ur_motion_manager/lib/python3.12/site-packages/ur_motion_manager
[1.316s] copying /home/stlab24-04/ira2_ws/build/ur_motion_manager/build/lib/ur_motion_manager/teach_node.py -> /home/stlab24-04/ira2_ws/install/ur_motion_manager/lib/python3.12/site-packages/ur_motion_manager
[1.316s] copying /home/stlab24-04/ira2_ws/build/ur_motion_manager/build/lib/ur_motion_manager/motion_manager_node.py -> /home/stlab24-04/ira2_ws/install/ur_motion_manager/lib/python3.12/site-packages/ur_motion_manager
[1.316s] copying /home/stlab24-04/ira2_ws/build/ur_motion_manager/build/lib/ur_motion_manager/__init__.py -> /home/stlab24-04/ira2_ws/install/ur_motion_manager/lib/python3.12/site-packages/ur_motion_manager
[1.316s] byte-compiling /home/stlab24-04/ira2_ws/install/ur_motion_manager/lib/python3.12/site-packages/ur_motion_manager/teach_node.py to teach_node.cpython-312.pyc
[1.317s] byte-compiling /home/stlab24-04/ira2_ws/install/ur_motion_manager/lib/python3.12/site-packages/ur_motion_manager/motion_manager_node.py to motion_manager_node.cpython-312.pyc
[1.319s] byte-compiling /home/stlab24-04/ira2_ws/install/ur_motion_manager/lib/python3.12/site-packages/ur_motion_manager/__init__.py to __init__.cpython-312.pyc
[1.319s] running install_data
[1.320s] creating /home/stlab24-04/ira2_ws/install/ur_motion_manager/share/ament_index
[1.320s] creating /home/stlab24-04/ira2_ws/install/ur_motion_manager/share/ament_index/resource_index
[1.320s] creating /home/stlab24-04/ira2_ws/install/ur_motion_manager/share/ament_index/resource_index/packages
[1.320s] copying resource/ur_motion_manager -> /home/stlab24-04/ira2_ws/install/ur_motion_manager/share/ament_index/resource_index/packages
[1.320s] copying package.xml -> /home/stlab24-04/ira2_ws/install/ur_motion_manager/share/ur_motion_manager
[1.320s] running install_egg_info
[1.337s] Copying ../../build/ur_motion_manager/ur_motion_manager.egg-info to /home/stlab24-04/ira2_ws/install/ur_motion_manager/lib/python3.12/site-packages/ur_motion_manager-0.0.0-py3.12.egg-info
[1.338s] running install_scripts
[1.447s] Installing motion_manager_node script to /home/stlab24-04/ira2_ws/install/ur_motion_manager/lib/ur_motion_manager
[1.447s] Installing teach_node script to /home/stlab24-04/ira2_ws/install/ur_motion_manager/lib/ur_motion_manager
[1.447s] writing list of installed files to '/home/stlab24-04/ira2_ws/build/ur_motion_manager/install.log'
[1.473s] Invoked command in '/home/stlab24-04/ira2_ws/src/ur_motion_manager' returned '0': DEBUGINFOD_URLS=https://debuginfod.ubuntu.com PYTHONPATH=/home/stlab24-04/ira2_ws/build/ur_motion_manager/prefix_override:/usr/lib/python3/dist-packages/colcon_core/task/python/colcon_distutils_commands:/home/stlab24-04/ira2_ws/install/ur_motion_manager/lib/python3.12/site-packages:${PYTHONPATH} /usr/bin/python3 -W ignore:setup.py install is deprecated -W ignore:easy_install command is deprecated setup.py egg_info --egg-base ../../build/ur_motion_manager build --build-base /home/stlab24-04/ira2_ws/build/ur_motion_manager/build install --record /home/stlab24-04/ira2_ws/build/ur_motion_manager/install.log --single-version-externally-managed install_data
