[1.235s] Invoking command in '/home/stlab24-04/ira2_ws/src/ROS-TCP-Endpoint': DEBUGINFOD_URLS=https://debuginfod.ubuntu.com PYTHONPATH=/home/stlab24-04/ira2_ws/build/ros_tcp_endpoint/prefix_override:/usr/lib/python3/dist-packages/colcon_core/task/python/colcon_distutils_commands:/home/stlab24-04/ira2_ws/install/ros_tcp_endpoint/lib/python3.12/site-packages:${PYTHONPATH} /usr/bin/python3 -W ignore:setup.py install is deprecated -W ignore:easy_install command is deprecated setup.py egg_info --egg-base ../../build/ros_tcp_endpoint build --build-base /home/stlab24-04/ira2_ws/build/ros_tcp_endpoint/build install --record /home/stlab24-04/ira2_ws/build/ros_tcp_endpoint/install.log --install-scripts $base/lib/ros_tcp_endpoint --single-version-externally-managed install_data
[1.335s] /usr/lib/python3/dist-packages/setuptools/dist.py:744: SetuptoolsDeprecationWarning: Invalid dash-separated options
[1.335s] !!
[1.335s] 
[1.335s]         ********************************************************************************
[1.335s]         Usage of dash-separated 'script-dir' will not be supported in future
[1.335s]         versions. Please use the underscore name 'script_dir' instead.
[1.335s] 
[1.335s]         This deprecation is overdue, please update your project and remove deprecated
[1.335s]         calls to avoid build errors in the future.
[1.335s] 
[1.336s]         See https://setuptools.pypa.io/en/latest/userguide/declarative_config.html for details.
[1.336s]         ********************************************************************************
[1.336s] 
[1.336s] !!
[1.336s]   opt = self.warn_dash_deprecation(opt, section)
[1.452s] running egg_info
[1.453s] creating ../../build/ros_tcp_endpoint/ros_tcp_endpoint.egg-info
[1.469s] writing ../../build/ros_tcp_endpoint/ros_tcp_endpoint.egg-info/PKG-INFO
[1.469s] writing dependency_links to ../../build/ros_tcp_endpoint/ros_tcp_endpoint.egg-info/dependency_links.txt
[1.469s] writing entry points to ../../build/ros_tcp_endpoint/ros_tcp_endpoint.egg-info/entry_points.txt
[1.469s] writing requirements to ../../build/ros_tcp_endpoint/ros_tcp_endpoint.egg-info/requires.txt
[1.469s] writing top-level names to ../../build/ros_tcp_endpoint/ros_tcp_endpoint.egg-info/top_level.txt
[1.469s] writing manifest file '../../build/ros_tcp_endpoint/ros_tcp_endpoint.egg-info/SOURCES.txt'
[1.502s] reading manifest file '../../build/ros_tcp_endpoint/ros_tcp_endpoint.egg-info/SOURCES.txt'
[1.502s] adding license file 'LICENSE'
[1.502s] writing manifest file '../../build/ros_tcp_endpoint/ros_tcp_endpoint.egg-info/SOURCES.txt'
[1.502s] running build
[1.503s] running build_py
[1.503s] creating /home/stlab24-04/ira2_ws/build/ros_tcp_endpoint/build
[1.503s] creating /home/stlab24-04/ira2_ws/build/ros_tcp_endpoint/build/lib
[1.503s] creating /home/stlab24-04/ira2_ws/build/ros_tcp_endpoint/build/lib/ros_tcp_endpoint
[1.503s] copying ros_tcp_endpoint/server.py -> /home/stlab24-04/ira2_ws/build/ros_tcp_endpoint/build/lib/ros_tcp_endpoint
[1.503s] copying ros_tcp_endpoint/client.py -> /home/stlab24-04/ira2_ws/build/ros_tcp_endpoint/build/lib/ros_tcp_endpoint
[1.503s] copying ros_tcp_endpoint/subscriber.py -> /home/stlab24-04/ira2_ws/build/ros_tcp_endpoint/build/lib/ros_tcp_endpoint
[1.503s] copying ros_tcp_endpoint/tcp_sender.py -> /home/stlab24-04/ira2_ws/build/ros_tcp_endpoint/build/lib/ros_tcp_endpoint
[1.504s] copying ros_tcp_endpoint/unity_service.py -> /home/stlab24-04/ira2_ws/build/ros_tcp_endpoint/build/lib/ros_tcp_endpoint
[1.504s] copying ros_tcp_endpoint/communication.py -> /home/stlab24-04/ira2_ws/build/ros_tcp_endpoint/build/lib/ros_tcp_endpoint
[1.504s] copying ros_tcp_endpoint/default_server_endpoint.py -> /home/stlab24-04/ira2_ws/build/ros_tcp_endpoint/build/lib/ros_tcp_endpoint
[1.504s] copying ros_tcp_endpoint/__init__.py -> /home/stlab24-04/ira2_ws/build/ros_tcp_endpoint/build/lib/ros_tcp_endpoint
[1.504s] copying ros_tcp_endpoint/exceptions.py -> /home/stlab24-04/ira2_ws/build/ros_tcp_endpoint/build/lib/ros_tcp_endpoint
[1.504s] copying ros_tcp_endpoint/service.py -> /home/stlab24-04/ira2_ws/build/ros_tcp_endpoint/build/lib/ros_tcp_endpoint
[1.504s] copying ros_tcp_endpoint/publisher.py -> /home/stlab24-04/ira2_ws/build/ros_tcp_endpoint/build/lib/ros_tcp_endpoint
[1.504s] copying ros_tcp_endpoint/thread_pauser.py -> /home/stlab24-04/ira2_ws/build/ros_tcp_endpoint/build/lib/ros_tcp_endpoint
[1.504s] running install
[1.507s] running install_lib
[1.524s] creating /home/stlab24-04/ira2_ws/install/ros_tcp_endpoint/lib/python3.12/site-packages/ros_tcp_endpoint
[1.524s] copying /home/stlab24-04/ira2_ws/build/ros_tcp_endpoint/build/lib/ros_tcp_endpoint/server.py -> /home/stlab24-04/ira2_ws/install/ros_tcp_endpoint/lib/python3.12/site-packages/ros_tcp_endpoint
[1.524s] copying /home/stlab24-04/ira2_ws/build/ros_tcp_endpoint/build/lib/ros_tcp_endpoint/client.py -> /home/stlab24-04/ira2_ws/install/ros_tcp_endpoint/lib/python3.12/site-packages/ros_tcp_endpoint
[1.524s] copying /home/stlab24-04/ira2_ws/build/ros_tcp_endpoint/build/lib/ros_tcp_endpoint/subscriber.py -> /home/stlab24-04/ira2_ws/install/ros_tcp_endpoint/lib/python3.12/site-packages/ros_tcp_endpoint
[1.524s] copying /home/stlab24-04/ira2_ws/build/ros_tcp_endpoint/build/lib/ros_tcp_endpoint/tcp_sender.py -> /home/stlab24-04/ira2_ws/install/ros_tcp_endpoint/lib/python3.12/site-packages/ros_tcp_endpoint
[1.524s] copying /home/stlab24-04/ira2_ws/build/ros_tcp_endpoint/build/lib/ros_tcp_endpoint/unity_service.py -> /home/stlab24-04/ira2_ws/install/ros_tcp_endpoint/lib/python3.12/site-packages/ros_tcp_endpoint
[1.524s] copying /home/stlab24-04/ira2_ws/build/ros_tcp_endpoint/build/lib/ros_tcp_endpoint/communication.py -> /home/stlab24-04/ira2_ws/install/ros_tcp_endpoint/lib/python3.12/site-packages/ros_tcp_endpoint
[1.524s] copying /home/stlab24-04/ira2_ws/build/ros_tcp_endpoint/build/lib/ros_tcp_endpoint/default_server_endpoint.py -> /home/stlab24-04/ira2_ws/install/ros_tcp_endpoint/lib/python3.12/site-packages/ros_tcp_endpoint
[1.524s] copying /home/stlab24-04/ira2_ws/build/ros_tcp_endpoint/build/lib/ros_tcp_endpoint/__init__.py -> /home/stlab24-04/ira2_ws/install/ros_tcp_endpoint/lib/python3.12/site-packages/ros_tcp_endpoint
[1.524s] copying /home/stlab24-04/ira2_ws/build/ros_tcp_endpoint/build/lib/ros_tcp_endpoint/exceptions.py -> /home/stlab24-04/ira2_ws/install/ros_tcp_endpoint/lib/python3.12/site-packages/ros_tcp_endpoint
[1.524s] copying /home/stlab24-04/ira2_ws/build/ros_tcp_endpoint/build/lib/ros_tcp_endpoint/service.py -> /home/stlab24-04/ira2_ws/install/ros_tcp_endpoint/lib/python3.12/site-packages/ros_tcp_endpoint
[1.524s] copying /home/stlab24-04/ira2_ws/build/ros_tcp_endpoint/build/lib/ros_tcp_endpoint/publisher.py -> /home/stlab24-04/ira2_ws/install/ros_tcp_endpoint/lib/python3.12/site-packages/ros_tcp_endpoint
[1.524s] copying /home/stlab24-04/ira2_ws/build/ros_tcp_endpoint/build/lib/ros_tcp_endpoint/thread_pauser.py -> /home/stlab24-04/ira2_ws/install/ros_tcp_endpoint/lib/python3.12/site-packages/ros_tcp_endpoint
[1.525s] byte-compiling /home/stlab24-04/ira2_ws/install/ros_tcp_endpoint/lib/python3.12/site-packages/ros_tcp_endpoint/server.py to server.cpython-312.pyc
[1.526s] byte-compiling /home/stlab24-04/ira2_ws/install/ros_tcp_endpoint/lib/python3.12/site-packages/ros_tcp_endpoint/client.py to client.cpython-312.pyc
[1.527s] byte-compiling /home/stlab24-04/ira2_ws/install/ros_tcp_endpoint/lib/python3.12/site-packages/ros_tcp_endpoint/subscriber.py to subscriber.cpython-312.pyc
[1.527s] byte-compiling /home/stlab24-04/ira2_ws/install/ros_tcp_endpoint/lib/python3.12/site-packages/ros_tcp_endpoint/tcp_sender.py to tcp_sender.cpython-312.pyc
[1.529s] byte-compiling /home/stlab24-04/ira2_ws/install/ros_tcp_endpoint/lib/python3.12/site-packages/ros_tcp_endpoint/unity_service.py to unity_service.cpython-312.pyc
[1.529s] byte-compiling /home/stlab24-04/ira2_ws/install/ros_tcp_endpoint/lib/python3.12/site-packages/ros_tcp_endpoint/communication.py to communication.cpython-312.pyc
[1.529s] byte-compiling /home/stlab24-04/ira2_ws/install/ros_tcp_endpoint/lib/python3.12/site-packages/ros_tcp_endpoint/default_server_endpoint.py to default_server_endpoint.cpython-312.pyc
[1.529s] byte-compiling /home/stlab24-04/ira2_ws/install/ros_tcp_endpoint/lib/python3.12/site-packages/ros_tcp_endpoint/__init__.py to __init__.cpython-312.pyc
[1.529s] byte-compiling /home/stlab24-04/ira2_ws/install/ros_tcp_endpoint/lib/python3.12/site-packages/ros_tcp_endpoint/exceptions.py to exceptions.cpython-312.pyc
[1.529s] byte-compiling /home/stlab24-04/ira2_ws/install/ros_tcp_endpoint/lib/python3.12/site-packages/ros_tcp_endpoint/service.py to service.cpython-312.pyc
[1.530s] byte-compiling /home/stlab24-04/ira2_ws/install/ros_tcp_endpoint/lib/python3.12/site-packages/ros_tcp_endpoint/publisher.py to publisher.cpython-312.pyc
[1.530s] byte-compiling /home/stlab24-04/ira2_ws/install/ros_tcp_endpoint/lib/python3.12/site-packages/ros_tcp_endpoint/thread_pauser.py to thread_pauser.cpython-312.pyc
[1.530s] running install_data
[1.530s] creating /home/stlab24-04/ira2_ws/install/ros_tcp_endpoint/share/ament_index
[1.530s] creating /home/stlab24-04/ira2_ws/install/ros_tcp_endpoint/share/ament_index/resource_index
[1.530s] creating /home/stlab24-04/ira2_ws/install/ros_tcp_endpoint/share/ament_index/resource_index/packages
[1.530s] copying resource/ros_tcp_endpoint -> /home/stlab24-04/ira2_ws/install/ros_tcp_endpoint/share/ament_index/resource_index/packages
[1.530s] copying package.xml -> /home/stlab24-04/ira2_ws/install/ros_tcp_endpoint/share/ros_tcp_endpoint
[1.531s] creating /home/stlab24-04/ira2_ws/install/ros_tcp_endpoint/share/ros_tcp_endpoint/launch
[1.531s] copying launch/endpoint.py -> /home/stlab24-04/ira2_ws/install/ros_tcp_endpoint/share/ros_tcp_endpoint/launch
[1.531s] running install_egg_info
[1.548s] Copying ../../build/ros_tcp_endpoint/ros_tcp_endpoint.egg-info to /home/stlab24-04/ira2_ws/install/ros_tcp_endpoint/lib/python3.12/site-packages/ros_tcp_endpoint-0.0.1-py3.12.egg-info
[1.548s] running install_scripts
[1.655s] Installing default_server_endpoint script to /home/stlab24-04/ira2_ws/install/ros_tcp_endpoint/lib/ros_tcp_endpoint
[1.655s] writing list of installed files to '/home/stlab24-04/ira2_ws/build/ros_tcp_endpoint/install.log'
[1.678s] Invoked command in '/home/stlab24-04/ira2_ws/src/ROS-TCP-Endpoint' returned '0': DEBUGINFOD_URLS=https://debuginfod.ubuntu.com PYTHONPATH=/home/stlab24-04/ira2_ws/build/ros_tcp_endpoint/prefix_override:/usr/lib/python3/dist-packages/colcon_core/task/python/colcon_distutils_commands:/home/stlab24-04/ira2_ws/install/ros_tcp_endpoint/lib/python3.12/site-packages:${PYTHONPATH} /usr/bin/python3 -W ignore:setup.py install is deprecated -W ignore:easy_install command is deprecated setup.py egg_info --egg-base ../../build/ros_tcp_endpoint build --build-base /home/stlab24-04/ira2_ws/build/ros_tcp_endpoint/build install --record /home/stlab24-04/ira2_ws/build/ros_tcp_endpoint/install.log --install-scripts $base/lib/ros_tcp_endpoint --single-version-externally-managed install_data
