[0.038s] Invoking command in '/home/stlab24-04/ira2_ws/build/haptic_teleop': CMAKE_PREFIX_PATH=${CMAKE_PREFIX_PATH}:/home/stlab24-04/ira2_ws/install/ur_safety_monitor:/home/stlab24-04/ira2_ws/install/ur_motion_manager:/home/stlab24-04/ira2_ws/install/ur_force_controller:/home/stlab24-04/ira2_ws/install/ros_tcp_endpoint:/home/stlab24-04/ros2_ws/install/ros_tcp_endpoint:/home/stlab24-04/ros2_ws/install/my_robot_controller:/home/stlab24-04/ur3e_ws/install/ur_safety_monitor:/home/stlab24-04/ur3e_ws/install/ur_motion_manager:/home/stlab24-04/ur3e_ws/install/ur_force_controller:/home/stlab24-04/camera_ws/install/camera_test:/home/stlab24-04/ws_moveit/install/robotiq_driver:/home/stlab24-04/ws_moveit/install/kortex_description:/home/stlab24-04/ws_moveit/install/moveit_configs_utils:/opt/ros/jazzy DEBUGINFOD_URLS=https://debuginfod.ubuntu.com /usr/bin/cmake --build /home/stlab24-04/ira2_ws/build/haptic_teleop -- -j20 -l20
[0.579s] [  1%] Built target haptic_teleop__rosidl_generator_type_description
[0.579s] [  3%] Built target unity_control
[0.579s] [  5%] Built target robot_control
[0.579s] [  8%] Built target get_force
[0.579s] [ 10%] Built target joints_sub
[0.580s] [ 10%] Built target ament_cmake_python_copy_haptic_teleop
[0.580s] [ 12%] Built target unity_control_v2
[0.580s] [ 13%] Built target haptic_teleop__cpp
[0.580s] [ 30%] Built target haptic_teleop__rosidl_generator_c
[0.580s] [ 58%] Built target haptic_teleop__rosidl_typesupport_c
[0.580s] [ 58%] Built target haptic_teleop__rosidl_typesupport_fastrtps_c
[0.580s] [ 58%] Built target haptic_teleop__rosidl_typesupport_fastrtps_cpp
[0.580s] [ 58%] Built target haptic_teleop__rosidl_typesupport_cpp
[0.580s] [ 65%] Built target haptic_teleop__rosidl_typesupport_introspection_cpp
[0.580s] [ 72%] Built target haptic_teleop__rosidl_typesupport_introspection_c
[0.581s] [ 72%] Built target haptic_teleop
[0.581s] [ 73%] Built target haptic_teleop__py
[0.581s] [ 75%] Built target position_service
[0.581s] [ 77%] Built target color_publisher
[0.581s] [ 84%] Built target haptic_control3
[0.581s] [ 84%] Built target haptic_control4
[0.581s] [ 84%] Built target haptic_control
[0.581s] [ 87%] Built target haptic_control2
[0.581s] [ 93%] Built target haptic_teleop__rosidl_generator_py
[0.581s] [ 97%] Built target haptic_teleop_s__rosidl_typesupport_fastrtps_c
[0.581s] [ 97%] Built target haptic_teleop_s__rosidl_typesupport_introspection_c
[0.581s] [100%] Built target haptic_teleop_s__rosidl_typesupport_c
[0.582s] running egg_info
[0.582s] writing haptic_teleop.egg-info/PKG-INFO
[0.582s] writing dependency_links to haptic_teleop.egg-info/dependency_links.txt
[0.582s] writing top-level names to haptic_teleop.egg-info/top_level.txt
[0.582s] reading manifest file 'haptic_teleop.egg-info/SOURCES.txt'
[0.582s] writing manifest file 'haptic_teleop.egg-info/SOURCES.txt'
[0.582s] [100%] Built target ament_cmake_python_build_haptic_teleop_egg
[0.582s] Invoked command in '/home/stlab24-04/ira2_ws/build/haptic_teleop' returned '0': CMAKE_PREFIX_PATH=${CMAKE_PREFIX_PATH}:/home/stlab24-04/ira2_ws/install/ur_safety_monitor:/home/stlab24-04/ira2_ws/install/ur_motion_manager:/home/stlab24-04/ira2_ws/install/ur_force_controller:/home/stlab24-04/ira2_ws/install/ros_tcp_endpoint:/home/stlab24-04/ros2_ws/install/ros_tcp_endpoint:/home/stlab24-04/ros2_ws/install/my_robot_controller:/home/stlab24-04/ur3e_ws/install/ur_safety_monitor:/home/stlab24-04/ur3e_ws/install/ur_motion_manager:/home/stlab24-04/ur3e_ws/install/ur_force_controller:/home/stlab24-04/camera_ws/install/camera_test:/home/stlab24-04/ws_moveit/install/robotiq_driver:/home/stlab24-04/ws_moveit/install/kortex_description:/home/stlab24-04/ws_moveit/install/moveit_configs_utils:/opt/ros/jazzy DEBUGINFOD_URLS=https://debuginfod.ubuntu.com /usr/bin/cmake --build /home/stlab24-04/ira2_ws/build/haptic_teleop -- -j20 -l20
[0.593s] Invoking command in '/home/stlab24-04/ira2_ws/build/haptic_teleop': CMAKE_PREFIX_PATH=${CMAKE_PREFIX_PATH}:/home/stlab24-04/ira2_ws/install/ur_safety_monitor:/home/stlab24-04/ira2_ws/install/ur_motion_manager:/home/stlab24-04/ira2_ws/install/ur_force_controller:/home/stlab24-04/ira2_ws/install/ros_tcp_endpoint:/home/stlab24-04/ros2_ws/install/ros_tcp_endpoint:/home/stlab24-04/ros2_ws/install/my_robot_controller:/home/stlab24-04/ur3e_ws/install/ur_safety_monitor:/home/stlab24-04/ur3e_ws/install/ur_motion_manager:/home/stlab24-04/ur3e_ws/install/ur_force_controller:/home/stlab24-04/camera_ws/install/camera_test:/home/stlab24-04/ws_moveit/install/robotiq_driver:/home/stlab24-04/ws_moveit/install/kortex_description:/home/stlab24-04/ws_moveit/install/moveit_configs_utils:/opt/ros/jazzy DEBUGINFOD_URLS=https://debuginfod.ubuntu.com /usr/bin/cmake --install /home/stlab24-04/ira2_ws/build/haptic_teleop
[0.771s] -- Install configuration: ""
[0.771s] -- Up-to-date: /home/stlab24-04/ira2_ws/install/haptic_teleop/share/ament_index/resource_index/rosidl_interfaces/haptic_teleop
[0.771s] -- Up-to-date: /home/stlab24-04/ira2_ws/install/haptic_teleop/share/haptic_teleop/msg/PosRot.json
[0.771s] -- Up-to-date: /home/stlab24-04/ira2_ws/install/haptic_teleop/share/haptic_teleop/msg/UnityColor.json
[0.771s] -- Up-to-date: /home/stlab24-04/ira2_ws/install/haptic_teleop/share/haptic_teleop/srv/PositionService.json
[0.772s] -- Up-to-date: /home/stlab24-04/ira2_ws/install/haptic_teleop/share/haptic_teleop/srv/ObjectPoseService.json
[0.772s] -- Up-to-date: /home/stlab24-04/ira2_ws/install/haptic_teleop/include/haptic_teleop/haptic_teleop
[0.772s] -- Up-to-date: /home/stlab24-04/ira2_ws/install/haptic_teleop/include/haptic_teleop/haptic_teleop/srv
[0.772s] -- Up-to-date: /home/stlab24-04/ira2_ws/install/haptic_teleop/include/haptic_teleop/haptic_teleop/srv/position_service.h
[0.772s] -- Up-to-date: /home/stlab24-04/ira2_ws/install/haptic_teleop/include/haptic_teleop/haptic_teleop/srv/detail
[0.772s] -- Up-to-date: /home/stlab24-04/ira2_ws/install/haptic_teleop/include/haptic_teleop/haptic_teleop/srv/detail/position_service__struct.h
[0.772s] -- Up-to-date: /home/stlab24-04/ira2_ws/install/haptic_teleop/include/haptic_teleop/haptic_teleop/srv/detail/object_pose_service__struct.h
[0.772s] -- Up-to-date: /home/stlab24-04/ira2_ws/install/haptic_teleop/include/haptic_teleop/haptic_teleop/srv/detail/object_pose_service__functions.h
[0.772s] -- Up-to-date: /home/stlab24-04/ira2_ws/install/haptic_teleop/include/haptic_teleop/haptic_teleop/srv/detail/position_service__type_support.h
[0.772s] -- Up-to-date: /home/stlab24-04/ira2_ws/install/haptic_teleop/include/haptic_teleop/haptic_teleop/srv/detail/object_pose_service__functions.c
[0.772s] -- Up-to-date: /home/stlab24-04/ira2_ws/install/haptic_teleop/include/haptic_teleop/haptic_teleop/srv/detail/object_pose_service__type_support.c
[0.772s] -- Up-to-date: /home/stlab24-04/ira2_ws/install/haptic_teleop/include/haptic_teleop/haptic_teleop/srv/detail/object_pose_service__description.c
[0.772s] -- Up-to-date: /home/stlab24-04/ira2_ws/install/haptic_teleop/include/haptic_teleop/haptic_teleop/srv/detail/position_service__type_support.c
[0.772s] -- Up-to-date: /home/stlab24-04/ira2_ws/install/haptic_teleop/include/haptic_teleop/haptic_teleop/srv/detail/position_service__description.c
[0.772s] -- Up-to-date: /home/stlab24-04/ira2_ws/install/haptic_teleop/include/haptic_teleop/haptic_teleop/srv/detail/position_service__functions.c
[0.772s] -- Up-to-date: /home/stlab24-04/ira2_ws/install/haptic_teleop/include/haptic_teleop/haptic_teleop/srv/detail/object_pose_service__type_support.h
[0.772s] -- Up-to-date: /home/stlab24-04/ira2_ws/install/haptic_teleop/include/haptic_teleop/haptic_teleop/srv/detail/position_service__functions.h
[0.772s] -- Up-to-date: /home/stlab24-04/ira2_ws/install/haptic_teleop/include/haptic_teleop/haptic_teleop/srv/object_pose_service.h
[0.772s] -- Up-to-date: /home/stlab24-04/ira2_ws/install/haptic_teleop/include/haptic_teleop/haptic_teleop/msg
[0.773s] -- Up-to-date: /home/stlab24-04/ira2_ws/install/haptic_teleop/include/haptic_teleop/haptic_teleop/msg/unity_color.h
[0.773s] -- Up-to-date: /home/stlab24-04/ira2_ws/install/haptic_teleop/include/haptic_teleop/haptic_teleop/msg/detail
[0.773s] -- Up-to-date: /home/stlab24-04/ira2_ws/install/haptic_teleop/include/haptic_teleop/haptic_teleop/msg/detail/pos_rot__type_support.c
[0.773s] -- Up-to-date: /home/stlab24-04/ira2_ws/install/haptic_teleop/include/haptic_teleop/haptic_teleop/msg/detail/pos_rot__type_support.h
[0.773s] -- Up-to-date: /home/stlab24-04/ira2_ws/install/haptic_teleop/include/haptic_teleop/haptic_teleop/msg/detail/pos_rot__functions.c
[0.773s] -- Up-to-date: /home/stlab24-04/ira2_ws/install/haptic_teleop/include/haptic_teleop/haptic_teleop/msg/detail/unity_color__functions.c
[0.773s] -- Up-to-date: /home/stlab24-04/ira2_ws/install/haptic_teleop/include/haptic_teleop/haptic_teleop/msg/detail/pos_rot__functions.h
[0.773s] -- Up-to-date: /home/stlab24-04/ira2_ws/install/haptic_teleop/include/haptic_teleop/haptic_teleop/msg/detail/pos_rot__description.c
[0.773s] -- Up-to-date: /home/stlab24-04/ira2_ws/install/haptic_teleop/include/haptic_teleop/haptic_teleop/msg/detail/unity_color__type_support.h
[0.773s] -- Up-to-date: /home/stlab24-04/ira2_ws/install/haptic_teleop/include/haptic_teleop/haptic_teleop/msg/detail/pos_rot__struct.h
[0.773s] -- Up-to-date: /home/stlab24-04/ira2_ws/install/haptic_teleop/include/haptic_teleop/haptic_teleop/msg/detail/unity_color__struct.h
[0.773s] -- Up-to-date: /home/stlab24-04/ira2_ws/install/haptic_teleop/include/haptic_teleop/haptic_teleop/msg/detail/unity_color__functions.h
[0.773s] -- Up-to-date: /home/stlab24-04/ira2_ws/install/haptic_teleop/include/haptic_teleop/haptic_teleop/msg/detail/unity_color__description.c
[0.773s] -- Up-to-date: /home/stlab24-04/ira2_ws/install/haptic_teleop/include/haptic_teleop/haptic_teleop/msg/detail/unity_color__type_support.c
[0.773s] -- Up-to-date: /home/stlab24-04/ira2_ws/install/haptic_teleop/include/haptic_teleop/haptic_teleop/msg/pos_rot.h
[0.773s] -- Up-to-date: /home/stlab24-04/ira2_ws/install/haptic_teleop/include/haptic_teleop/haptic_teleop/msg/rosidl_generator_c__visibility_control.h
[0.773s] -- Up-to-date: /home/stlab24-04/ira2_ws/install/haptic_teleop/share/haptic_teleop/environment/library_path.sh
[0.773s] -- Up-to-date: /home/stlab24-04/ira2_ws/install/haptic_teleop/share/haptic_teleop/environment/library_path.dsv
[0.773s] -- Up-to-date: /home/stlab24-04/ira2_ws/install/haptic_teleop/lib/libhaptic_teleop__rosidl_generator_c.so
[0.773s] -- Up-to-date: /home/stlab24-04/ira2_ws/install/haptic_teleop/include/haptic_teleop/haptic_teleop
[0.773s] -- Up-to-date: /home/stlab24-04/ira2_ws/install/haptic_teleop/include/haptic_teleop/haptic_teleop/srv
[0.773s] -- Up-to-date: /home/stlab24-04/ira2_ws/install/haptic_teleop/include/haptic_teleop/haptic_teleop/srv/detail
[0.773s] -- Up-to-date: /home/stlab24-04/ira2_ws/install/haptic_teleop/include/haptic_teleop/haptic_teleop/srv/detail/object_pose_service__rosidl_typesupport_fastrtps_c.h
[0.773s] -- Up-to-date: /home/stlab24-04/ira2_ws/install/haptic_teleop/include/haptic_teleop/haptic_teleop/srv/detail/position_service__rosidl_typesupport_fastrtps_c.h
[0.773s] -- Up-to-date: /home/stlab24-04/ira2_ws/install/haptic_teleop/include/haptic_teleop/haptic_teleop/msg
[0.773s] -- Up-to-date: /home/stlab24-04/ira2_ws/install/haptic_teleop/include/haptic_teleop/haptic_teleop/msg/rosidl_typesupport_fastrtps_c__visibility_control.h
[0.773s] -- Up-to-date: /home/stlab24-04/ira2_ws/install/haptic_teleop/include/haptic_teleop/haptic_teleop/msg/detail
[0.774s] -- Up-to-date: /home/stlab24-04/ira2_ws/install/haptic_teleop/include/haptic_teleop/haptic_teleop/msg/detail/unity_color__rosidl_typesupport_fastrtps_c.h
[0.774s] -- Up-to-date: /home/stlab24-04/ira2_ws/install/haptic_teleop/include/haptic_teleop/haptic_teleop/msg/detail/pos_rot__rosidl_typesupport_fastrtps_c.h
[0.774s] -- Up-to-date: /home/stlab24-04/ira2_ws/install/haptic_teleop/lib/libhaptic_teleop__rosidl_typesupport_fastrtps_c.so
[0.774s] -- Up-to-date: /home/stlab24-04/ira2_ws/install/haptic_teleop/include/haptic_teleop/haptic_teleop
[0.774s] -- Up-to-date: /home/stlab24-04/ira2_ws/install/haptic_teleop/include/haptic_teleop/haptic_teleop/srv
[0.774s] -- Up-to-date: /home/stlab24-04/ira2_ws/install/haptic_teleop/include/haptic_teleop/haptic_teleop/srv/object_pose_service.hpp
[0.774s] -- Up-to-date: /home/stlab24-04/ira2_ws/install/haptic_teleop/include/haptic_teleop/haptic_teleop/srv/detail
[0.774s] -- Up-to-date: /home/stlab24-04/ira2_ws/install/haptic_teleop/include/haptic_teleop/haptic_teleop/srv/detail/object_pose_service__struct.hpp
[0.774s] -- Up-to-date: /home/stlab24-04/ira2_ws/install/haptic_teleop/include/haptic_teleop/haptic_teleop/srv/detail/position_service__builder.hpp
[0.774s] -- Up-to-date: /home/stlab24-04/ira2_ws/install/haptic_teleop/include/haptic_teleop/haptic_teleop/srv/detail/position_service__traits.hpp
[0.774s] -- Up-to-date: /home/stlab24-04/ira2_ws/install/haptic_teleop/include/haptic_teleop/haptic_teleop/srv/detail/object_pose_service__builder.hpp
[0.774s] -- Up-to-date: /home/stlab24-04/ira2_ws/install/haptic_teleop/include/haptic_teleop/haptic_teleop/srv/detail/object_pose_service__traits.hpp
[0.774s] -- Up-to-date: /home/stlab24-04/ira2_ws/install/haptic_teleop/include/haptic_teleop/haptic_teleop/srv/detail/object_pose_service__type_support.hpp
[0.774s] -- Up-to-date: /home/stlab24-04/ira2_ws/install/haptic_teleop/include/haptic_teleop/haptic_teleop/srv/detail/position_service__type_support.hpp
[0.774s] -- Up-to-date: /home/stlab24-04/ira2_ws/install/haptic_teleop/include/haptic_teleop/haptic_teleop/srv/detail/position_service__struct.hpp
[0.774s] -- Up-to-date: /home/stlab24-04/ira2_ws/install/haptic_teleop/include/haptic_teleop/haptic_teleop/srv/position_service.hpp
[0.774s] -- Up-to-date: /home/stlab24-04/ira2_ws/install/haptic_teleop/include/haptic_teleop/haptic_teleop/msg
[0.774s] -- Up-to-date: /home/stlab24-04/ira2_ws/install/haptic_teleop/include/haptic_teleop/haptic_teleop/msg/pos_rot.hpp
[0.774s] -- Up-to-date: /home/stlab24-04/ira2_ws/install/haptic_teleop/include/haptic_teleop/haptic_teleop/msg/rosidl_generator_cpp__visibility_control.hpp
[0.774s] -- Up-to-date: /home/stlab24-04/ira2_ws/install/haptic_teleop/include/haptic_teleop/haptic_teleop/msg/detail
[0.774s] -- Up-to-date: /home/stlab24-04/ira2_ws/install/haptic_teleop/include/haptic_teleop/haptic_teleop/msg/detail/pos_rot__struct.hpp
[0.774s] -- Up-to-date: /home/stlab24-04/ira2_ws/install/haptic_teleop/include/haptic_teleop/haptic_teleop/msg/detail/unity_color__type_support.hpp
[0.774s] -- Up-to-date: /home/stlab24-04/ira2_ws/install/haptic_teleop/include/haptic_teleop/haptic_teleop/msg/detail/pos_rot__type_support.hpp
[0.774s] -- Up-to-date: /home/stlab24-04/ira2_ws/install/haptic_teleop/include/haptic_teleop/haptic_teleop/msg/detail/unity_color__builder.hpp
[0.774s] -- Up-to-date: /home/stlab24-04/ira2_ws/install/haptic_teleop/include/haptic_teleop/haptic_teleop/msg/detail/unity_color__traits.hpp
[0.775s] -- Up-to-date: /home/stlab24-04/ira2_ws/install/haptic_teleop/include/haptic_teleop/haptic_teleop/msg/detail/pos_rot__builder.hpp
[0.775s] -- Up-to-date: /home/stlab24-04/ira2_ws/install/haptic_teleop/include/haptic_teleop/haptic_teleop/msg/detail/unity_color__struct.hpp
[0.775s] -- Up-to-date: /home/stlab24-04/ira2_ws/install/haptic_teleop/include/haptic_teleop/haptic_teleop/msg/detail/pos_rot__traits.hpp
[0.775s] -- Up-to-date: /home/stlab24-04/ira2_ws/install/haptic_teleop/include/haptic_teleop/haptic_teleop/msg/unity_color.hpp
[0.775s] -- Up-to-date: /home/stlab24-04/ira2_ws/install/haptic_teleop/include/haptic_teleop/haptic_teleop
[0.775s] -- Up-to-date: /home/stlab24-04/ira2_ws/install/haptic_teleop/include/haptic_teleop/haptic_teleop/srv
[0.775s] -- Up-to-date: /home/stlab24-04/ira2_ws/install/haptic_teleop/include/haptic_teleop/haptic_teleop/srv/detail
[0.775s] -- Up-to-date: /home/stlab24-04/ira2_ws/install/haptic_teleop/include/haptic_teleop/haptic_teleop/srv/detail/object_pose_service__rosidl_typesupport_fastrtps_cpp.hpp
[0.775s] -- Up-to-date: /home/stlab24-04/ira2_ws/install/haptic_teleop/include/haptic_teleop/haptic_teleop/srv/detail/dds_fastrtps
[0.775s] -- Up-to-date: /home/stlab24-04/ira2_ws/install/haptic_teleop/include/haptic_teleop/haptic_teleop/srv/detail/position_service__rosidl_typesupport_fastrtps_cpp.hpp
[0.775s] -- Up-to-date: /home/stlab24-04/ira2_ws/install/haptic_teleop/include/haptic_teleop/haptic_teleop/msg
[0.775s] -- Up-to-date: /home/stlab24-04/ira2_ws/install/haptic_teleop/include/haptic_teleop/haptic_teleop/msg/rosidl_typesupport_fastrtps_cpp__visibility_control.h
[0.775s] -- Up-to-date: /home/stlab24-04/ira2_ws/install/haptic_teleop/include/haptic_teleop/haptic_teleop/msg/detail
[0.775s] -- Up-to-date: /home/stlab24-04/ira2_ws/install/haptic_teleop/include/haptic_teleop/haptic_teleop/msg/detail/dds_fastrtps
[0.775s] -- Up-to-date: /home/stlab24-04/ira2_ws/install/haptic_teleop/include/haptic_teleop/haptic_teleop/msg/detail/unity_color__rosidl_typesupport_fastrtps_cpp.hpp
[0.775s] -- Up-to-date: /home/stlab24-04/ira2_ws/install/haptic_teleop/include/haptic_teleop/haptic_teleop/msg/detail/pos_rot__rosidl_typesupport_fastrtps_cpp.hpp
[0.775s] -- Up-to-date: /home/stlab24-04/ira2_ws/install/haptic_teleop/lib/libhaptic_teleop__rosidl_typesupport_fastrtps_cpp.so
[0.775s] -- Up-to-date: /home/stlab24-04/ira2_ws/install/haptic_teleop/include/haptic_teleop/haptic_teleop
[0.775s] -- Up-to-date: /home/stlab24-04/ira2_ws/install/haptic_teleop/include/haptic_teleop/haptic_teleop/srv
[0.775s] -- Up-to-date: /home/stlab24-04/ira2_ws/install/haptic_teleop/include/haptic_teleop/haptic_teleop/srv/detail
[0.775s] -- Up-to-date: /home/stlab24-04/ira2_ws/install/haptic_teleop/include/haptic_teleop/haptic_teleop/srv/detail/object_pose_service__rosidl_typesupport_introspection_c.h
[0.775s] -- Up-to-date: /home/stlab24-04/ira2_ws/install/haptic_teleop/include/haptic_teleop/haptic_teleop/srv/detail/object_pose_service__type_support.c
[0.775s] -- Up-to-date: /home/stlab24-04/ira2_ws/install/haptic_teleop/include/haptic_teleop/haptic_teleop/srv/detail/position_service__rosidl_typesupport_introspection_c.h
[0.775s] -- Up-to-date: /home/stlab24-04/ira2_ws/install/haptic_teleop/include/haptic_teleop/haptic_teleop/srv/detail/position_service__type_support.c
[0.775s] -- Up-to-date: /home/stlab24-04/ira2_ws/install/haptic_teleop/include/haptic_teleop/haptic_teleop/msg
[0.775s] -- Up-to-date: /home/stlab24-04/ira2_ws/install/haptic_teleop/include/haptic_teleop/haptic_teleop/msg/rosidl_typesupport_introspection_c__visibility_control.h
[0.775s] -- Up-to-date: /home/stlab24-04/ira2_ws/install/haptic_teleop/include/haptic_teleop/haptic_teleop/msg/detail
[0.776s] -- Up-to-date: /home/stlab24-04/ira2_ws/install/haptic_teleop/include/haptic_teleop/haptic_teleop/msg/detail/pos_rot__type_support.c
[0.776s] -- Up-to-date: /home/stlab24-04/ira2_ws/install/haptic_teleop/include/haptic_teleop/haptic_teleop/msg/detail/unity_color__rosidl_typesupport_introspection_c.h
[0.776s] -- Up-to-date: /home/stlab24-04/ira2_ws/install/haptic_teleop/include/haptic_teleop/haptic_teleop/msg/detail/pos_rot__rosidl_typesupport_introspection_c.h
[0.776s] -- Up-to-date: /home/stlab24-04/ira2_ws/install/haptic_teleop/include/haptic_teleop/haptic_teleop/msg/detail/unity_color__type_support.c
[0.776s] -- Up-to-date: /home/stlab24-04/ira2_ws/install/haptic_teleop/lib/libhaptic_teleop__rosidl_typesupport_introspection_c.so
[0.776s] -- Up-to-date: /home/stlab24-04/ira2_ws/install/haptic_teleop/lib/libhaptic_teleop__rosidl_typesupport_c.so
[0.776s] -- Up-to-date: /home/stlab24-04/ira2_ws/install/haptic_teleop/include/haptic_teleop/haptic_teleop
[0.776s] -- Up-to-date: /home/stlab24-04/ira2_ws/install/haptic_teleop/include/haptic_teleop/haptic_teleop/srv
[0.776s] -- Up-to-date: /home/stlab24-04/ira2_ws/install/haptic_teleop/include/haptic_teleop/haptic_teleop/srv/detail
[0.776s] -- Up-to-date: /home/stlab24-04/ira2_ws/install/haptic_teleop/include/haptic_teleop/haptic_teleop/srv/detail/position_service__type_support.cpp
[0.776s] -- Up-to-date: /home/stlab24-04/ira2_ws/install/haptic_teleop/include/haptic_teleop/haptic_teleop/srv/detail/position_service__rosidl_typesupport_introspection_cpp.hpp
[0.776s] -- Up-to-date: /home/stlab24-04/ira2_ws/install/haptic_teleop/include/haptic_teleop/haptic_teleop/srv/detail/object_pose_service__type_support.cpp
[0.776s] -- Up-to-date: /home/stlab24-04/ira2_ws/install/haptic_teleop/include/haptic_teleop/haptic_teleop/srv/detail/object_pose_service__rosidl_typesupport_introspection_cpp.hpp
[0.776s] -- Up-to-date: /home/stlab24-04/ira2_ws/install/haptic_teleop/include/haptic_teleop/haptic_teleop/msg
[0.776s] -- Up-to-date: /home/stlab24-04/ira2_ws/install/haptic_teleop/include/haptic_teleop/haptic_teleop/msg/detail
[0.776s] -- Up-to-date: /home/stlab24-04/ira2_ws/install/haptic_teleop/include/haptic_teleop/haptic_teleop/msg/detail/pos_rot__rosidl_typesupport_introspection_cpp.hpp
[0.776s] -- Up-to-date: /home/stlab24-04/ira2_ws/install/haptic_teleop/include/haptic_teleop/haptic_teleop/msg/detail/unity_color__type_support.cpp
[0.776s] -- Up-to-date: /home/stlab24-04/ira2_ws/install/haptic_teleop/include/haptic_teleop/haptic_teleop/msg/detail/pos_rot__type_support.cpp
[0.776s] -- Up-to-date: /home/stlab24-04/ira2_ws/install/haptic_teleop/include/haptic_teleop/haptic_teleop/msg/detail/unity_color__rosidl_typesupport_introspection_cpp.hpp
[0.776s] -- Up-to-date: /home/stlab24-04/ira2_ws/install/haptic_teleop/lib/libhaptic_teleop__rosidl_typesupport_introspection_cpp.so
[0.776s] -- Up-to-date: /home/stlab24-04/ira2_ws/install/haptic_teleop/lib/libhaptic_teleop__rosidl_typesupport_cpp.so
[0.776s] -- Up-to-date: /home/stlab24-04/ira2_ws/install/haptic_teleop/share/haptic_teleop/environment/pythonpath.sh
[0.776s] -- Up-to-date: /home/stlab24-04/ira2_ws/install/haptic_teleop/share/haptic_teleop/environment/pythonpath.dsv
[0.776s] -- Up-to-date: /home/stlab24-04/ira2_ws/install/haptic_teleop/lib/python3.12/site-packages/haptic_teleop-0.0.0-py3.12.egg-info
[0.776s] -- Installing: /home/stlab24-04/ira2_ws/install/haptic_teleop/lib/python3.12/site-packages/haptic_teleop-0.0.0-py3.12.egg-info/PKG-INFO
[0.777s] -- Installing: /home/stlab24-04/ira2_ws/install/haptic_teleop/lib/python3.12/site-packages/haptic_teleop-0.0.0-py3.12.egg-info/SOURCES.txt
[0.777s] -- Installing: /home/stlab24-04/ira2_ws/install/haptic_teleop/lib/python3.12/site-packages/haptic_teleop-0.0.0-py3.12.egg-info/top_level.txt
[0.777s] -- Installing: /home/stlab24-04/ira2_ws/install/haptic_teleop/lib/python3.12/site-packages/haptic_teleop-0.0.0-py3.12.egg-info/dependency_links.txt
[0.777s] -- Up-to-date: /home/stlab24-04/ira2_ws/install/haptic_teleop/lib/python3.12/site-packages/haptic_teleop
[0.777s] -- Up-to-date: /home/stlab24-04/ira2_ws/install/haptic_teleop/lib/python3.12/site-packages/haptic_teleop/_haptic_teleop_s.ep.rosidl_typesupport_c.c
[0.777s] -- Up-to-date: /home/stlab24-04/ira2_ws/install/haptic_teleop/lib/python3.12/site-packages/haptic_teleop/srv
[0.777s] -- Up-to-date: /home/stlab24-04/ira2_ws/install/haptic_teleop/lib/python3.12/site-packages/haptic_teleop/srv/_object_pose_service_s.c
[0.777s] -- Up-to-date: /home/stlab24-04/ira2_ws/install/haptic_teleop/lib/python3.12/site-packages/haptic_teleop/srv/_position_service_s.c
[0.777s] -- Up-to-date: /home/stlab24-04/ira2_ws/install/haptic_teleop/lib/python3.12/site-packages/haptic_teleop/srv/_position_service.py
[0.777s] -- Up-to-date: /home/stlab24-04/ira2_ws/install/haptic_teleop/lib/python3.12/site-packages/haptic_teleop/srv/__init__.py
[0.777s] -- Up-to-date: /home/stlab24-04/ira2_ws/install/haptic_teleop/lib/python3.12/site-packages/haptic_teleop/srv/_object_pose_service.py
[0.777s] -- Up-to-date: /home/stlab24-04/ira2_ws/install/haptic_teleop/lib/python3.12/site-packages/haptic_teleop/msg
[0.777s] -- Up-to-date: /home/stlab24-04/ira2_ws/install/haptic_teleop/lib/python3.12/site-packages/haptic_teleop/msg/_unity_color.py
[0.777s] -- Up-to-date: /home/stlab24-04/ira2_ws/install/haptic_teleop/lib/python3.12/site-packages/haptic_teleop/msg/_pos_rot_s.c
[0.777s] -- Up-to-date: /home/stlab24-04/ira2_ws/install/haptic_teleop/lib/python3.12/site-packages/haptic_teleop/msg/_pos_rot.py
[0.777s] -- Up-to-date: /home/stlab24-04/ira2_ws/install/haptic_teleop/lib/python3.12/site-packages/haptic_teleop/msg/__init__.py
[0.777s] -- Up-to-date: /home/stlab24-04/ira2_ws/install/haptic_teleop/lib/python3.12/site-packages/haptic_teleop/msg/_unity_color_s.c
[0.777s] -- Up-to-date: /home/stlab24-04/ira2_ws/install/haptic_teleop/lib/python3.12/site-packages/haptic_teleop/_haptic_teleop_s.ep.rosidl_typesupport_fastrtps_c.c
[0.777s] -- Up-to-date: /home/stlab24-04/ira2_ws/install/haptic_teleop/lib/python3.12/site-packages/haptic_teleop/haptic_teleop_s__rosidl_typesupport_c.so
[0.777s] -- Up-to-date: /home/stlab24-04/ira2_ws/install/haptic_teleop/lib/python3.12/site-packages/haptic_teleop/__init__.py
[0.777s] -- Up-to-date: /home/stlab24-04/ira2_ws/install/haptic_teleop/lib/python3.12/site-packages/haptic_teleop/haptic_teleop_s__rosidl_typesupport_fastrtps_c.so
[0.777s] -- Up-to-date: /home/stlab24-04/ira2_ws/install/haptic_teleop/lib/python3.12/site-packages/haptic_teleop/_haptic_teleop_s.ep.rosidl_typesupport_introspection_c.c
[0.777s] -- Up-to-date: /home/stlab24-04/ira2_ws/install/haptic_teleop/lib/python3.12/site-packages/haptic_teleop/haptic_teleop_s__rosidl_typesupport_introspection_c.so
[0.802s] Listing '/home/stlab24-04/ira2_ws/install/haptic_teleop/lib/python3.12/site-packages/haptic_teleop'...
[0.802s] Listing '/home/stlab24-04/ira2_ws/install/haptic_teleop/lib/python3.12/site-packages/haptic_teleop/msg'...
[0.802s] Listing '/home/stlab24-04/ira2_ws/install/haptic_teleop/lib/python3.12/site-packages/haptic_teleop/srv'...
[0.807s] -- Up-to-date: /home/stlab24-04/ira2_ws/install/haptic_teleop/lib/python3.12/site-packages/haptic_teleop/haptic_teleop_s__rosidl_typesupport_fastrtps_c.so
[0.807s] -- Up-to-date: /home/stlab24-04/ira2_ws/install/haptic_teleop/lib/python3.12/site-packages/haptic_teleop/haptic_teleop_s__rosidl_typesupport_introspection_c.so
[0.807s] -- Up-to-date: /home/stlab24-04/ira2_ws/install/haptic_teleop/lib/python3.12/site-packages/haptic_teleop/haptic_teleop_s__rosidl_typesupport_c.so
[0.807s] -- Up-to-date: /home/stlab24-04/ira2_ws/install/haptic_teleop/lib/libhaptic_teleop__rosidl_generator_py.so
[0.807s] -- Up-to-date: /home/stlab24-04/ira2_ws/install/haptic_teleop/share/haptic_teleop/msg/PosRot.idl
[0.807s] -- Up-to-date: /home/stlab24-04/ira2_ws/install/haptic_teleop/share/haptic_teleop/msg/UnityColor.idl
[0.807s] -- Up-to-date: /home/stlab24-04/ira2_ws/install/haptic_teleop/share/haptic_teleop/srv/PositionService.idl
[0.807s] -- Up-to-date: /home/stlab24-04/ira2_ws/install/haptic_teleop/share/haptic_teleop/srv/ObjectPoseService.idl
[0.807s] -- Up-to-date: /home/stlab24-04/ira2_ws/install/haptic_teleop/share/haptic_teleop/msg/PosRot.msg
[0.807s] -- Up-to-date: /home/stlab24-04/ira2_ws/install/haptic_teleop/share/haptic_teleop/msg/UnityColor.msg
[0.807s] -- Up-to-date: /home/stlab24-04/ira2_ws/install/haptic_teleop/share/haptic_teleop/srv/PositionService.srv
[0.807s] -- Up-to-date: /home/stlab24-04/ira2_ws/install/haptic_teleop/share/haptic_teleop/srv/ObjectPoseService.srv
[0.807s] -- Up-to-date: /home/stlab24-04/ira2_ws/install/haptic_teleop/lib/haptic_teleop/unity_control
[0.807s] -- Up-to-date: /home/stlab24-04/ira2_ws/install/haptic_teleop/lib/haptic_teleop/unity_control_v2
[0.808s] -- Up-to-date: /home/stlab24-04/ira2_ws/install/haptic_teleop/lib/haptic_teleop/robot_control
[0.808s] -- Up-to-date: /home/stlab24-04/ira2_ws/install/haptic_teleop/lib/haptic_teleop/joints_sub
[0.808s] -- Up-to-date: /home/stlab24-04/ira2_ws/install/haptic_teleop/lib/haptic_teleop/haptic_control
[0.808s] -- Up-to-date: /home/stlab24-04/ira2_ws/install/haptic_teleop/lib/haptic_teleop/haptic_control2
[0.808s] -- Up-to-date: /home/stlab24-04/ira2_ws/install/haptic_teleop/lib/haptic_teleop/haptic_control3
[0.808s] -- Up-to-date: /home/stlab24-04/ira2_ws/install/haptic_teleop/lib/haptic_teleop/haptic_control4
[0.808s] -- Up-to-date: /home/stlab24-04/ira2_ws/install/haptic_teleop/lib/haptic_teleop/get_force
[0.809s] -- Up-to-date: /home/stlab24-04/ira2_ws/install/haptic_teleop/lib/haptic_teleop/color_publisher
[0.809s] -- Up-to-date: /home/stlab24-04/ira2_ws/install/haptic_teleop/lib/haptic_teleop/position_service
[0.809s] -- Up-to-date: /home/stlab24-04/ira2_ws/install/haptic_teleop/share/ament_index/resource_index/package_run_dependencies/haptic_teleop
[0.809s] -- Up-to-date: /home/stlab24-04/ira2_ws/install/haptic_teleop/share/ament_index/resource_index/parent_prefix_path/haptic_teleop
[0.809s] -- Up-to-date: /home/stlab24-04/ira2_ws/install/haptic_teleop/share/haptic_teleop/environment/ament_prefix_path.sh
[0.809s] -- Up-to-date: /home/stlab24-04/ira2_ws/install/haptic_teleop/share/haptic_teleop/environment/ament_prefix_path.dsv
[0.809s] -- Up-to-date: /home/stlab24-04/ira2_ws/install/haptic_teleop/share/haptic_teleop/environment/path.sh
[0.809s] -- Up-to-date: /home/stlab24-04/ira2_ws/install/haptic_teleop/share/haptic_teleop/environment/path.dsv
[0.809s] -- Up-to-date: /home/stlab24-04/ira2_ws/install/haptic_teleop/share/haptic_teleop/local_setup.bash
[0.809s] -- Up-to-date: /home/stlab24-04/ira2_ws/install/haptic_teleop/share/haptic_teleop/local_setup.sh
[0.809s] -- Up-to-date: /home/stlab24-04/ira2_ws/install/haptic_teleop/share/haptic_teleop/local_setup.zsh
[0.810s] -- Up-to-date: /home/stlab24-04/ira2_ws/install/haptic_teleop/share/haptic_teleop/local_setup.dsv
[0.810s] -- Installing: /home/stlab24-04/ira2_ws/install/haptic_teleop/share/haptic_teleop/package.dsv
[0.810s] -- Up-to-date: /home/stlab24-04/ira2_ws/install/haptic_teleop/share/ament_index/resource_index/packages/haptic_teleop
[0.810s] -- Up-to-date: /home/stlab24-04/ira2_ws/install/haptic_teleop/share/haptic_teleop/cmake/export_haptic_teleop__rosidl_generator_cExport.cmake
[0.810s] -- Up-to-date: /home/stlab24-04/ira2_ws/install/haptic_teleop/share/haptic_teleop/cmake/export_haptic_teleop__rosidl_generator_cExport-noconfig.cmake
[0.810s] -- Up-to-date: /home/stlab24-04/ira2_ws/install/haptic_teleop/share/haptic_teleop/cmake/export_haptic_teleop__rosidl_typesupport_fastrtps_cExport.cmake
[0.810s] -- Up-to-date: /home/stlab24-04/ira2_ws/install/haptic_teleop/share/haptic_teleop/cmake/export_haptic_teleop__rosidl_typesupport_fastrtps_cExport-noconfig.cmake
[0.810s] -- Up-to-date: /home/stlab24-04/ira2_ws/install/haptic_teleop/share/haptic_teleop/cmake/export_haptic_teleop__rosidl_generator_cppExport.cmake
[0.810s] -- Up-to-date: /home/stlab24-04/ira2_ws/install/haptic_teleop/share/haptic_teleop/cmake/export_haptic_teleop__rosidl_typesupport_fastrtps_cppExport.cmake
[0.810s] -- Up-to-date: /home/stlab24-04/ira2_ws/install/haptic_teleop/share/haptic_teleop/cmake/export_haptic_teleop__rosidl_typesupport_fastrtps_cppExport-noconfig.cmake
[0.810s] -- Up-to-date: /home/stlab24-04/ira2_ws/install/haptic_teleop/share/haptic_teleop/cmake/haptic_teleop__rosidl_typesupport_introspection_cExport.cmake
[0.810s] -- Up-to-date: /home/stlab24-04/ira2_ws/install/haptic_teleop/share/haptic_teleop/cmake/haptic_teleop__rosidl_typesupport_introspection_cExport-noconfig.cmake
[0.810s] -- Up-to-date: /home/stlab24-04/ira2_ws/install/haptic_teleop/share/haptic_teleop/cmake/haptic_teleop__rosidl_typesupport_cExport.cmake
[0.811s] -- Up-to-date: /home/stlab24-04/ira2_ws/install/haptic_teleop/share/haptic_teleop/cmake/haptic_teleop__rosidl_typesupport_cExport-noconfig.cmake
[0.811s] -- Up-to-date: /home/stlab24-04/ira2_ws/install/haptic_teleop/share/haptic_teleop/cmake/haptic_teleop__rosidl_typesupport_introspection_cppExport.cmake
[0.811s] -- Up-to-date: /home/stlab24-04/ira2_ws/install/haptic_teleop/share/haptic_teleop/cmake/haptic_teleop__rosidl_typesupport_introspection_cppExport-noconfig.cmake
[0.811s] -- Up-to-date: /home/stlab24-04/ira2_ws/install/haptic_teleop/share/haptic_teleop/cmake/haptic_teleop__rosidl_typesupport_cppExport.cmake
[0.811s] -- Up-to-date: /home/stlab24-04/ira2_ws/install/haptic_teleop/share/haptic_teleop/cmake/haptic_teleop__rosidl_typesupport_cppExport-noconfig.cmake
[0.811s] -- Up-to-date: /home/stlab24-04/ira2_ws/install/haptic_teleop/share/haptic_teleop/cmake/export_haptic_teleop__rosidl_generator_pyExport.cmake
[0.811s] -- Up-to-date: /home/stlab24-04/ira2_ws/install/haptic_teleop/share/haptic_teleop/cmake/export_haptic_teleop__rosidl_generator_pyExport-noconfig.cmake
[0.811s] -- Up-to-date: /home/stlab24-04/ira2_ws/install/haptic_teleop/share/haptic_teleop/cmake/rosidl_cmake-extras.cmake
[0.811s] -- Up-to-date: /home/stlab24-04/ira2_ws/install/haptic_teleop/share/haptic_teleop/cmake/ament_cmake_export_dependencies-extras.cmake
[0.811s] -- Up-to-date: /home/stlab24-04/ira2_ws/install/haptic_teleop/share/haptic_teleop/cmake/ament_cmake_export_include_directories-extras.cmake
[0.811s] -- Up-to-date: /home/stlab24-04/ira2_ws/install/haptic_teleop/share/haptic_teleop/cmake/ament_cmake_export_libraries-extras.cmake
[0.811s] -- Up-to-date: /home/stlab24-04/ira2_ws/install/haptic_teleop/share/haptic_teleop/cmake/ament_cmake_export_targets-extras.cmake
[0.811s] -- Up-to-date: /home/stlab24-04/ira2_ws/install/haptic_teleop/share/haptic_teleop/cmake/rosidl_cmake_export_typesupport_targets-extras.cmake
[0.812s] -- Up-to-date: /home/stlab24-04/ira2_ws/install/haptic_teleop/share/haptic_teleop/cmake/rosidl_cmake_export_typesupport_libraries-extras.cmake
[0.812s] -- Up-to-date: /home/stlab24-04/ira2_ws/install/haptic_teleop/share/haptic_teleop/cmake/haptic_teleopConfig.cmake
[0.812s] -- Up-to-date: /home/stlab24-04/ira2_ws/install/haptic_teleop/share/haptic_teleop/cmake/haptic_teleopConfig-version.cmake
[0.812s] -- Up-to-date: /home/stlab24-04/ira2_ws/install/haptic_teleop/share/haptic_teleop/package.xml
[0.813s] Invoked command in '/home/stlab24-04/ira2_ws/build/haptic_teleop' returned '0': CMAKE_PREFIX_PATH=${CMAKE_PREFIX_PATH}:/home/stlab24-04/ira2_ws/install/ur_safety_monitor:/home/stlab24-04/ira2_ws/install/ur_motion_manager:/home/stlab24-04/ira2_ws/install/ur_force_controller:/home/stlab24-04/ira2_ws/install/ros_tcp_endpoint:/home/stlab24-04/ros2_ws/install/ros_tcp_endpoint:/home/stlab24-04/ros2_ws/install/my_robot_controller:/home/stlab24-04/ur3e_ws/install/ur_safety_monitor:/home/stlab24-04/ur3e_ws/install/ur_motion_manager:/home/stlab24-04/ur3e_ws/install/ur_force_controller:/home/stlab24-04/camera_ws/install/camera_test:/home/stlab24-04/ws_moveit/install/robotiq_driver:/home/stlab24-04/ws_moveit/install/kortex_description:/home/stlab24-04/ws_moveit/install/moveit_configs_utils:/opt/ros/jazzy DEBUGINFOD_URLS=https://debuginfod.ubuntu.com /usr/bin/cmake --install /home/stlab24-04/ira2_ws/build/haptic_teleop
