[2.079s] Invoking command in '/home/stlab24-04/ira2_ws/src/ROS-TCP-Endpoint': DEBUGINFOD_URLS=https://debuginfod.ubuntu.com PYTHONPATH=/home/stlab24-04/ira2_ws/build/ros_tcp_endpoint/prefix_override:/usr/lib/python3/dist-packages/colcon_core/task/python/colcon_distutils_commands:/home/stlab24-04/ira2_ws/install/ros_tcp_endpoint/lib/python3.12/site-packages:${PYTHONPATH} /usr/bin/python3 -W ignore:setup.py install is deprecated -W ignore:easy_install command is deprecated setup.py egg_info --egg-base ../../build/ros_tcp_endpoint build --build-base /home/stlab24-04/ira2_ws/build/ros_tcp_endpoint/build install --record /home/stlab24-04/ira2_ws/build/ros_tcp_endpoint/install.log --install-scripts $base/lib/ros_tcp_endpoint --single-version-externally-managed install_data
[2.197s] /usr/lib/python3/dist-packages/setuptools/dist.py:744: SetuptoolsDeprecationWarning: Invalid dash-separated options
[2.197s] !!
[2.197s] 
[2.197s]         ********************************************************************************
[2.197s]         Usage of dash-separated 'script-dir' will not be supported in future
[2.197s]         versions. Please use the underscore name 'script_dir' instead.
[2.197s] 
[2.197s]         This deprecation is overdue, please update your project and remove deprecated
[2.198s]         calls to avoid build errors in the future.
[2.198s] 
[2.198s]         See https://setuptools.pypa.io/en/latest/userguide/declarative_config.html for details.
[2.198s]         ********************************************************************************
[2.198s] 
[2.198s] !!
[2.198s]   opt = self.warn_dash_deprecation(opt, section)
[2.337s] running egg_info
[2.357s] writing ../../build/ros_tcp_endpoint/ros_tcp_endpoint.egg-info/PKG-INFO
[2.357s] writing dependency_links to ../../build/ros_tcp_endpoint/ros_tcp_endpoint.egg-info/dependency_links.txt
[2.357s] writing entry points to ../../build/ros_tcp_endpoint/ros_tcp_endpoint.egg-info/entry_points.txt
[2.357s] writing requirements to ../../build/ros_tcp_endpoint/ros_tcp_endpoint.egg-info/requires.txt
[2.357s] writing top-level names to ../../build/ros_tcp_endpoint/ros_tcp_endpoint.egg-info/top_level.txt
[2.396s] reading manifest file '../../build/ros_tcp_endpoint/ros_tcp_endpoint.egg-info/SOURCES.txt'
[2.396s] adding license file 'LICENSE'
[2.397s] writing manifest file '../../build/ros_tcp_endpoint/ros_tcp_endpoint.egg-info/SOURCES.txt'
[2.397s] running build
[2.397s] running build_py
[2.397s] running install
[2.402s] running install_lib
[2.422s] running install_data
[2.422s] running install_egg_info
[2.442s] removing '/home/stlab24-04/ira2_ws/install/ros_tcp_endpoint/lib/python3.12/site-packages/ros_tcp_endpoint-0.0.1-py3.12.egg-info' (and everything under it)
[2.442s] Copying ../../build/ros_tcp_endpoint/ros_tcp_endpoint.egg-info to /home/stlab24-04/ira2_ws/install/ros_tcp_endpoint/lib/python3.12/site-packages/ros_tcp_endpoint-0.0.1-py3.12.egg-info
[2.443s] running install_scripts
[2.567s] Installing default_server_endpoint script to /home/stlab24-04/ira2_ws/install/ros_tcp_endpoint/lib/ros_tcp_endpoint
[2.567s] writing list of installed files to '/home/stlab24-04/ira2_ws/build/ros_tcp_endpoint/install.log'
[2.604s] Invoked command in '/home/stlab24-04/ira2_ws/src/ROS-TCP-Endpoint' returned '0': DEBUGINFOD_URLS=https://debuginfod.ubuntu.com PYTHONPATH=/home/stlab24-04/ira2_ws/build/ros_tcp_endpoint/prefix_override:/usr/lib/python3/dist-packages/colcon_core/task/python/colcon_distutils_commands:/home/stlab24-04/ira2_ws/install/ros_tcp_endpoint/lib/python3.12/site-packages:${PYTHONPATH} /usr/bin/python3 -W ignore:setup.py install is deprecated -W ignore:easy_install command is deprecated setup.py egg_info --egg-base ../../build/ros_tcp_endpoint build --build-base /home/stlab24-04/ira2_ws/build/ros_tcp_endpoint/build install --record /home/stlab24-04/ira2_ws/build/ros_tcp_endpoint/install.log --install-scripts $base/lib/ros_tcp_endpoint --single-version-externally-managed install_data
