/home/stlab24-04/ira2_ws/install/ur_motion_manager/lib/python3.12/site-packages/ur_motion_manager/motion_manager_node2.py
/home/stlab24-04/ira2_ws/install/ur_motion_manager/lib/python3.12/site-packages/ur_motion_manager/teach_node.py
/home/stlab24-04/ira2_ws/install/ur_motion_manager/lib/python3.12/site-packages/ur_motion_manager/motion_manager_node.py
/home/stlab24-04/ira2_ws/install/ur_motion_manager/lib/python3.12/site-packages/ur_motion_manager/__init__.py
/home/stlab24-04/ira2_ws/install/ur_motion_manager/lib/python3.12/site-packages/ur_motion_manager/__pycache__/motion_manager_node2.cpython-312.pyc
/home/stlab24-04/ira2_ws/install/ur_motion_manager/lib/python3.12/site-packages/ur_motion_manager/__pycache__/teach_node.cpython-312.pyc
/home/stlab24-04/ira2_ws/install/ur_motion_manager/lib/python3.12/site-packages/ur_motion_manager/__pycache__/motion_manager_node.cpython-312.pyc
/home/stlab24-04/ira2_ws/install/ur_motion_manager/lib/python3.12/site-packages/ur_motion_manager/__pycache__/__init__.cpython-312.pyc
/home/stlab24-04/ira2_ws/install/ur_motion_manager/share/ament_index/resource_index/packages/ur_motion_manager
/home/stlab24-04/ira2_ws/install/ur_motion_manager/share/ur_motion_manager/package.xml
/home/stlab24-04/ira2_ws/install/ur_motion_manager/lib/python3.12/site-packages/ur_motion_manager-0.0.0-py3.12.egg-info/PKG-INFO
/home/stlab24-04/ira2_ws/install/ur_motion_manager/lib/python3.12/site-packages/ur_motion_manager-0.0.0-py3.12.egg-info/requires.txt
/home/stlab24-04/ira2_ws/install/ur_motion_manager/lib/python3.12/site-packages/ur_motion_manager-0.0.0-py3.12.egg-info/SOURCES.txt
/home/stlab24-04/ira2_ws/install/ur_motion_manager/lib/python3.12/site-packages/ur_motion_manager-0.0.0-py3.12.egg-info/top_level.txt
/home/stlab24-04/ira2_ws/install/ur_motion_manager/lib/python3.12/site-packages/ur_motion_manager-0.0.0-py3.12.egg-info/dependency_links.txt
/home/stlab24-04/ira2_ws/install/ur_motion_manager/lib/python3.12/site-packages/ur_motion_manager-0.0.0-py3.12.egg-info/entry_points.txt
/home/stlab24-04/ira2_ws/install/ur_motion_manager/lib/python3.12/site-packages/ur_motion_manager-0.0.0-py3.12.egg-info/zip-safe
/home/stlab24-04/ira2_ws/install/ur_motion_manager/lib/ur_motion_manager/motion_manager_node
/home/stlab24-04/ira2_ws/install/ur_motion_manager/lib/ur_motion_manager/motion_manager_node2
/home/stlab24-04/ira2_ws/install/ur_motion_manager/lib/ur_motion_manager/teach_node
