[01m[K/home/stlab24-04/ira2_ws/src/haptic_teleop/src/haptic_control3.cpp:184:4:[m[K [01;31m[Kerror: [m[Kexpected ‘[01m[K;[m[K’ after class definition
  184 |   }
      |    [01;31m[K^[m[K
      |    [32m[K;[m[K
[01m[K/home/stlab24-04/ira2_ws/src/haptic_teleop/src/haptic_control3.cpp:[m[K In constructor ‘[01m[KHapticControl::[01;32m[KHapticControl[m[K()[m[K’:
[01m[K/home/stlab24-04/ira2_ws/src/haptic_teleop/src/haptic_control3.cpp:32:29:[m[K [01;31m[Kerror: [m[Kclass ‘[01m[KHapticControl[m[K’ does not have any field named ‘[01m[Krtde_control[m[K’
   32 |   : Node("haptic_control"), [01;31m[Krtde_control[m[K("192.168.1.101"), rtde_receive("192.168.1.101"), //gripper("192.168.1.101", 63352, true), //Modifié "true" le 04/03 à 12h13 // Commenté le 20/03 à 12h30
      |                             [01;31m[K^~~~~~~~~~~~[m[K
[01m[K/home/stlab24-04/ira2_ws/src/haptic_teleop/src/haptic_control3.cpp:32:60:[m[K [01;31m[Kerror: [m[Kclass ‘[01m[KHapticControl[m[K’ does not have any field named ‘[01m[Krtde_receive[m[K’
   32 |   : Node("haptic_control"), rtde_control("192.168.1.101"), [01;31m[Krtde_receive[m[K("192.168.1.101"), //gripper("192.168.1.101", 63352, true), //Modifié "true" le 04/03 à 12h13 // Commenté le 20/03 à 12h30
      |                                                            [01;31m[K^~~~~~~~~~~~[m[K
[01m[K/home/stlab24-04/ira2_ws/src/haptic_teleop/src/haptic_control3.cpp:33:5:[m[K [01;31m[Kerror: [m[Kclass ‘[01m[KHapticControl[m[K’ does not have any field named ‘[01m[Kvelocity[m[K’
   33 |     [01;31m[Kvelocity[m[K(0.1), acceleration(0.1), dt(1.0/125), lookahead_time(0.07), gain(500), //Modifié lookahead_time(0.07) le 17/03 à 15h43
      |     [01;31m[K^~~~~~~~[m[K
[01m[K/home/stlab24-04/ira2_ws/src/haptic_teleop/src/haptic_control3.cpp:33:20:[m[K [01;31m[Kerror: [m[Kclass ‘[01m[KHapticControl[m[K’ does not have any field named ‘[01m[Kacceleration[m[K’
   33 |     velocity(0.1), [01;31m[Kacceleration[m[K(0.1), dt(1.0/125), lookahead_time(0.07), gain(500), //Modifié lookahead_time(0.07) le 17/03 à 15h43
      |                    [01;31m[K^~~~~~~~~~~~[m[K
[01m[K/home/stlab24-04/ira2_ws/src/haptic_teleop/src/haptic_control3.cpp:33:39:[m[K [01;31m[Kerror: [m[Kclass ‘[01m[KHapticControl[m[K’ does not have any field named ‘[01m[Kdt[m[K’
   33 |     velocity(0.1), acceleration(0.1), [01;31m[Kdt[m[K(1.0/125), lookahead_time(0.07), gain(500), //Modifié lookahead_time(0.07) le 17/03 à 15h43
      |                                       [01;31m[K^~[m[K
[01m[K/home/stlab24-04/ira2_ws/src/haptic_teleop/src/haptic_control3.cpp:33:52:[m[K [01;31m[Kerror: [m[Kclass ‘[01m[KHapticControl[m[K’ does not have any field named ‘[01m[Klookahead_time[m[K’
   33 |     velocity(0.1), acceleration(0.1), dt(1.0/125), [01;31m[Klookahead_time[m[K(0.07), gain(500), //Modifié lookahead_time(0.07) le 17/03 à 15h43
      |                                                    [01;31m[K^~~~~~~~~~~~~~[m[K
[01m[K/home/stlab24-04/ira2_ws/src/haptic_teleop/src/haptic_control3.cpp:33:74:[m[K [01;31m[Kerror: [m[Kclass ‘[01m[KHapticControl[m[K’ does not have any field named ‘[01m[Kgain[m[K’
   33 |     velocity(0.1), acceleration(0.1), dt(1.0/125), lookahead_time(0.07), [01;31m[Kgain[m[K(500), //Modifié lookahead_time(0.07) le 17/03 à 15h43
      |                                                                          [01;31m[K^~~~[m[K
[01m[K/home/stlab24-04/ira2_ws/src/haptic_teleop/src/haptic_control3.cpp:34:5:[m[K [01;31m[Kerror: [m[Kclass ‘[01m[KHapticControl[m[K’ does not have any field named ‘[01m[Kbutton_pressed_[m[K’
   34 |     [01;31m[Kbutton_pressed_[m[K(0), reference_position_({0.0, 0.0, 0.0}), prev_btn_(0), first_position(true),
      |     [01;31m[K^~~~~~~~~~~~~~~[m[K
[01m[K/home/stlab24-04/ira2_ws/src/haptic_teleop/src/haptic_control3.cpp:34:25:[m[K [01;31m[Kerror: [m[Kclass ‘[01m[KHapticControl[m[K’ does not have any field named ‘[01m[Kreference_position_[m[K’
   34 |     button_pressed_(0), [01;31m[Kreference_position_[m[K({0.0, 0.0, 0.0}), prev_btn_(0), first_position(true),
      |                         [01;31m[K^~~~~~~~~~~~~~~~~~~[m[K
[01m[K/home/stlab24-04/ira2_ws/src/haptic_teleop/src/haptic_control3.cpp:34:63:[m[K [01;31m[Kerror: [m[Kclass ‘[01m[KHapticControl[m[K’ does not have any field named ‘[01m[Kprev_btn_[m[K’
   34 |     button_pressed_(0), reference_position_({0.0, 0.0, 0.0}), [01;31m[Kprev_btn_[m[K(0), first_position(true),
      |                                                               [01;31m[K^~~~~~~~~[m[K
[01m[K/home/stlab24-04/ira2_ws/src/haptic_teleop/src/haptic_control3.cpp:34:77:[m[K [01;31m[Kerror: [m[Kclass ‘[01m[KHapticControl[m[K’ does not have any field named ‘[01m[Kfirst_position[m[K’
   34 |     button_pressed_(0), reference_position_({0.0, 0.0, 0.0}), prev_btn_(0), [01;31m[Kfirst_position[m[K(true),
      |                                                                             [01;31m[K^~~~~~~~~~~~~~[m[K
[01m[K/home/stlab24-04/ira2_ws/src/haptic_teleop/src/haptic_control3.cpp:35:5:[m[K [01;31m[Kerror: [m[Kclass ‘[01m[KHapticControl[m[K’ does not have any field named ‘[01m[Kreference_orientation_[m[K’
   35 |     [01;31m[Kreference_orientation_[m[K({0.0, 0.0, 0.0}), current_position_({0.0, 0.0, 0.0}), current_orientation_({0.0, 0.0, 0.0}),
      |     [01;31m[K^~~~~~~~~~~~~~~~~~~~~~[m[K
[01m[K/home/stlab24-04/ira2_ws/src/haptic_teleop/src/haptic_control3.cpp:35:46:[m[K [01;31m[Kerror: [m[Kclass ‘[01m[KHapticControl[m[K’ does not have any field named ‘[01m[Kcurrent_position_[m[K’
   35 |     reference_orientation_({0.0, 0.0, 0.0}), [01;31m[Kcurrent_position_[m[K({0.0, 0.0, 0.0}), current_orientation_({0.0, 0.0, 0.0}),
      |                                              [01;31m[K^~~~~~~~~~~~~~~~~[m[K
[01m[K/home/stlab24-04/ira2_ws/src/haptic_teleop/src/haptic_control3.cpp:35:82:[m[K [01;31m[Kerror: [m[Kclass ‘[01m[KHapticControl[m[K’ does not have any field named ‘[01m[Kcurrent_orientation_[m[K’
   35 |     reference_orientation_({0.0, 0.0, 0.0}), current_position_({0.0, 0.0, 0.0}), [01;31m[Kcurrent_orientation_[m[K({0.0, 0.0, 0.0}),
      |                                                                                  [01;31m[K^~~~~~~~~~~~~~~~~~~~[m[K
[01m[K/home/stlab24-04/ira2_ws/src/haptic_teleop/src/haptic_control3.cpp:36:5:[m[K [01;31m[Kerror: [m[Kclass ‘[01m[KHapticControl[m[K’ does not have any field named ‘[01m[Kref_ori_robot_[m[K’
   36 |     [01;31m[Kref_ori_robot_[m[K({0.0, 0.0, 0.0}), ref_pos_robot_({0.0, 0.0, 0.0}), //gripper_closed(false), //Commenté le 20/03 à 12h36
      |     [01;31m[K^~~~~~~~~~~~~~[m[K
[01m[K/home/stlab24-04/ira2_ws/src/haptic_teleop/src/haptic_control3.cpp:36:38:[m[K [01;31m[Kerror: [m[Kclass ‘[01m[KHapticControl[m[K’ does not have any field named ‘[01m[Kref_pos_robot_[m[K’
   36 |     ref_ori_robot_({0.0, 0.0, 0.0}), [01;31m[Kref_pos_robot_[m[K({0.0, 0.0, 0.0}), //gripper_closed(false), //Commenté le 20/03 à 12h36
      |                                      [01;31m[K^~~~~~~~~~~~~~[m[K
[01m[K/home/stlab24-04/ira2_ws/src/haptic_teleop/src/haptic_control3.cpp:38:5:[m[K [01;31m[Kerror: [m[Kclass ‘[01m[KHapticControl[m[K’ does not have any field named ‘[01m[Kfiltered_position_[m[K’
   38 |     [01;31m[Kfiltered_position_[m[K({0.0, 0.0, 0.0}), filter_initialized_(false)
      |     [01;31m[K^~~~~~~~~~~~~~~~~~[m[K
[01m[K/home/stlab24-04/ira2_ws/src/haptic_teleop/src/haptic_control3.cpp:38:42:[m[K [01;31m[Kerror: [m[Kclass ‘[01m[KHapticControl[m[K’ does not have any field named ‘[01m[Kfilter_initialized_[m[K’
   38 |     filtered_position_({0.0, 0.0, 0.0}), [01;31m[Kfilter_initialized_[m[K(false)
      |                                          [01;31m[K^~~~~~~~~~~~~~~~~~~[m[K
[01m[K/home/stlab24-04/ira2_ws/src/haptic_teleop/src/haptic_control3.cpp:44:5:[m[K [01;31m[Kerror: [m[K‘[01m[Khaptic_sub_[m[K’ was not declared in this scope
   44 |     [01;31m[Khaptic_sub_[m[K = this->create_subscription<geometry_msgs::msg::PoseStamped>(
      |     [01;31m[K^~~~~~~~~~~[m[K
[01m[K/home/stlab24-04/ira2_ws/src/haptic_teleop/src/haptic_control3.cpp:46:33:[m[K [01;31m[Kerror: [m[K‘[01m[Khaptic_callback[m[K’ is not a member of ‘[01m[KHapticControl[m[K’
   46 |       std::bind(&HapticControl::[01;31m[Khaptic_callback[m[K, this, std::placeholders::_1));
      |                                 [01;31m[K^~~~~~~~~~~~~~~[m[K
[01m[K/home/stlab24-04/ira2_ws/src/haptic_teleop/src/haptic_control3.cpp:48:5:[m[K [01;31m[Kerror: [m[K‘[01m[Kstylus_state_[m[K’ was not declared in this scope; did you mean ‘[01m[Kstylus_state[m[K’?
   48 |     [01;31m[Kstylus_state_[m[K = this->create_subscription<std_msgs::msg::Int32>(
      |     [01;31m[K^~~~~~~~~~~~~[m[K
      |     [32m[Kstylus_state[m[K
[01m[K/home/stlab24-04/ira2_ws/src/haptic_teleop/src/haptic_control3.cpp:53:5:[m[K [01;31m[Kerror: [m[K‘[01m[Kforce_sub_[m[K’ was not declared in this scope
   53 |     [01;31m[Kforce_sub_[m[K = this->create_subscription<geometry_msgs::msg::WrenchStamped>(
      |     [01;31m[K^~~~~~~~~~[m[K
[01m[K/home/stlab24-04/ira2_ws/src/haptic_teleop/src/haptic_control3.cpp:55:33:[m[K [01;31m[Kerror: [m[K‘[01m[Kforce_callback[m[K’ is not a member of ‘[01m[KHapticControl[m[K’
   55 |       std::bind(&HapticControl::[01;31m[Kforce_callback[m[K, this, std::placeholders::_1));
      |                                 [01;31m[K^~~~~~~~~~~~~~[m[K
[01m[K/home/stlab24-04/ira2_ws/src/haptic_teleop/src/haptic_control3.cpp:58:5:[m[K [01;31m[Kerror: [m[K‘[01m[Khaptic_force_pub_[m[K’ was not declared in this scope
   58 |     [01;31m[Khaptic_force_pub_[m[K = this->create_publisher<geometry_msgs::msg::WrenchStamped>("/haptic_force", 10);
      |     [01;31m[K^~~~~~~~~~~~~~~~~[m[K
[01m[K/home/stlab24-04/ira2_ws/src/haptic_teleop/src/haptic_control3.cpp:74:5:[m[K [01;31m[Kerror: [m[K‘[01m[Krtde_control[m[K’ was not declared in this scope
   74 |     [01;31m[Krtde_control[m[K.moveJ(init_pose, velocity, acceleration);
      |     [01;31m[K^~~~~~~~~~~~[m[K
[01m[K/home/stlab24-04/ira2_ws/src/haptic_teleop/src/haptic_control3.cpp:74:35:[m[K [01;31m[Kerror: [m[K‘[01m[Kvelocity[m[K’ was not declared in this scope
   74 |     rtde_control.moveJ(init_pose, [01;31m[Kvelocity[m[K, acceleration);
      |                                   [01;31m[K^~~~~~~~[m[K
[01m[K/home/stlab24-04/ira2_ws/src/haptic_teleop/src/haptic_control3.cpp:74:45:[m[K [01;31m[Kerror: [m[K‘[01m[Kacceleration[m[K’ was not declared in this scope
   74 |     rtde_control.moveJ(init_pose, velocity, [01;31m[Kacceleration[m[K);
      |                                             [01;31m[K^~~~~~~~~~~~[m[K
[01m[K/home/stlab24-04/ira2_ws/src/haptic_teleop/src/haptic_control3.cpp:[m[K In destructor ‘[01m[Kvirtual HapticControl::[01;32m[K~HapticControl[m[K()[m[K’:
[01m[K/home/stlab24-04/ira2_ws/src/haptic_teleop/src/haptic_control3.cpp:108:5:[m[K [01;31m[Kerror: [m[K‘[01m[Krtde_control[m[K’ was not declared in this scope
  108 |     [01;31m[Krtde_control[m[K.servoStop();
      |     [01;31m[K^~~~~~~~~~~~[m[K
[01m[K/home/stlab24-04/ira2_ws/src/haptic_teleop/src/haptic_control3.cpp:[m[K In member function ‘[01m[Kvoid HapticControl::[01;32m[Kstylus_state[m[K(std_msgs::msg::Int32_<std::allocator<void> >::SharedPtr)[m[K’:
[01m[K/home/stlab24-04/ira2_ws/src/haptic_teleop/src/haptic_control3.cpp:153:7:[m[K [01;31m[Kerror: [m[K‘[01m[Kbutton_pressed_[m[K’ was not declared in this scope
  153 |       [01;31m[Kbutton_pressed_[m[K = msg->data;
      |       [01;31m[K^~~~~~~~~~~~~~~[m[K
[01m[K/home/stlab24-04/ira2_ws/src/haptic_teleop/src/haptic_control3.cpp:156:11:[m[K [01;31m[Kerror: [m[K‘[01m[Kfirst_position[m[K’ was not declared in this scope
  156 |           [01;31m[Kfirst_position[m[K = true;
      |           [01;31m[K^~~~~~~~~~~~~~[m[K
[01m[K/home/stlab24-04/ira2_ws/src/haptic_teleop/src/haptic_control3.cpp:157:11:[m[K [01;31m[Kerror: [m[K‘[01m[Kfilter_initialized_[m[K’ was not declared in this scope
  157 |           [01;31m[Kfilter_initialized_[m[K = false;
      |           [01;31m[K^~~~~~~~~~~~~~~~~~~[m[K
[01m[K/home/stlab24-04/ira2_ws/src/haptic_teleop/src/haptic_control3.cpp:160:11:[m[K [01;31m[Kerror: [m[K‘[01m[Kfirst_position[m[K’ was not declared in this scope
  160 |           [01;31m[Kfirst_position[m[K = true;        // ← ajoute ça
      |           [01;31m[K^~~~~~~~~~~~~~[m[K
[01m[K/home/stlab24-04/ira2_ws/src/haptic_teleop/src/haptic_control3.cpp:161:11:[m[K [01;31m[Kerror: [m[K‘[01m[Kfilter_initialized_[m[K’ was not declared in this scope
  161 |           [01;31m[Kfilter_initialized_[m[K = false;  // ← et ça
      |           [01;31m[K^~~~~~~~~~~~~~~~~~~[m[K
[01m[K/home/stlab24-04/ira2_ws/src/haptic_teleop/src/haptic_control3.cpp:[m[K In function ‘[01m[Kvoid[01;32m[K haptic_callback[m[K(geometry_msgs::msg::PoseStamped_<std::allocator<void> >::SharedPtr)[m[K’:
[01m[K/home/stlab24-04/ira2_ws/src/haptic_teleop/src/haptic_control3.cpp:188:29:[m[K [01;31m[Kerror: [m[Kinvalid use of ‘[01m[Kthis[m[K’ in non-member function
  188 |     rclcpp::Time msg_time = [01;31m[Kthis[m[K->now();
      |                             [01;31m[K^~~~[m[K
[01m[K/home/stlab24-04/ira2_ws/src/haptic_teleop/src/haptic_control3.cpp:204:10:[m[K [01;31m[Kerror: [m[K‘[01m[Kfilter_initialized_[m[K’ was not declared in this scope
  204 |     if (![01;31m[Kfilter_initialized_[m[K) {
      |          [01;31m[K^~~~~~~~~~~~~~~~~~~[m[K
[01m[K/home/stlab24-04/ira2_ws/src/haptic_teleop/src/haptic_control3.cpp:205:7:[m[K [01;31m[Kerror: [m[K‘[01m[Kfiltered_position_[m[K’ was not declared in this scope
  205 |       [01;31m[Kfiltered_position_[m[K = {raw_x, raw_y, raw_z};
      |       [01;31m[K^~~~~~~~~~~~~~~~~~[m[K
[01m[K/home/stlab24-04/ira2_ws/src/haptic_teleop/src/haptic_control3.cpp:208:7:[m[K [01;31m[Kerror: [m[K‘[01m[Kfiltered_position_[m[K’ was not declared in this scope
  208 |       [01;31m[Kfiltered_position_[m[K[0] = alpha * filtered_position_[0] + (1.0 - alpha) * raw_x;
      |       [01;31m[K^~~~~~~~~~~~~~~~~~[m[K
[01m[K/home/stlab24-04/ira2_ws/src/haptic_teleop/src/haptic_control3.cpp:214:5:[m[K [01;31m[Kerror: [m[K‘[01m[Kcurrent_position_[m[K’ was not declared in this scope
  214 |     [01;31m[Kcurrent_position_[m[K = {filtered_position_[0], filtered_position_[1], filtered_position_[2]};
      |     [01;31m[K^~~~~~~~~~~~~~~~~[m[K
[01m[K/home/stlab24-04/ira2_ws/src/haptic_teleop/src/haptic_control3.cpp:214:26:[m[K [01;31m[Kerror: [m[K‘[01m[Kfiltered_position_[m[K’ was not declared in this scope
  214 |     current_position_ = {[01;31m[Kfiltered_position_[m[K[0], filtered_position_[1], filtered_position_[2]};
      |                          [01;31m[K^~~~~~~~~~~~~~~~~~[m[K
[01m[K/home/stlab24-04/ira2_ws/src/haptic_teleop/src/haptic_control3.cpp:222:5:[m[K [01;31m[Kerror: [m[K‘[01m[Kcurrent_orientation_[m[K’ was not declared in this scope
  222 |     [01;31m[Kcurrent_orientation_[m[K = {roll, pitch, yaw};
      |     [01;31m[K^~~~~~~~~~~~~~~~~~~~[m[K
[01m[K/home/stlab24-04/ira2_ws/src/haptic_teleop/src/haptic_control3.cpp:225:38:[m[K [01;31m[Kerror: [m[K‘[01m[Krtde_receive[m[K’ was not declared in this scope
  225 |       std::vector<double> tcp_pose = [01;31m[Krtde_receive[m[K.getActualTCPPose(); //Récupéper pose TCP dans le repère BASE
      |                                      [01;31m[K^~~~~~~~~~~~[m[K
In file included from [01m[K/opt/ros/jazzy/include/rclcpp/rclcpp/copy_all_parameter_values.hpp:27[m[K,
                 from [01m[K/opt/ros/jazzy/include/rclcpp/rclcpp/rclcpp.hpp:171[m[K,
                 from [01m[K/home/stlab24-04/ira2_ws/src/haptic_teleop/src/haptic_control3.cpp:1[m[K:
[01m[K/home/stlab24-04/ira2_ws/src/haptic_teleop/src/haptic_control3.cpp:228:22:[m[K [01;31m[Kerror: [m[Kinvalid use of ‘[01m[Kthis[m[K’ in non-member function
  228 |         RCLCPP_ERROR([01;31m[Kthis[m[K->get_logger(), "Erreur de récupération de la pose TCP.");
      |                      [01;31m[K^~~~[m[K
[01m[K/home/stlab24-04/ira2_ws/src/haptic_teleop/src/haptic_control3.cpp:228:22:[m[K [01;31m[Kerror: [m[Kinvalid use of ‘[01m[Kthis[m[K’ in non-member function
[01m[K/home/stlab24-04/ira2_ws/src/haptic_teleop/src/haptic_control3.cpp:228:9:[m[K [01;31m[Kerror: [m[Ktemplate argument 1 is invalid
  228 |         [01;31m[KRCLCPP_ERROR[m[K(this->get_logger(), "Erreur de récupération de la pose TCP.");
      |         [01;31m[K^~~~~~~~~~~~[m[K
[01m[K/home/stlab24-04/ira2_ws/src/haptic_teleop/src/haptic_control3.cpp:228:9:[m[K [01;31m[Kerror: [m[Ktemplate argument 1 is invalid
  228 |         [01;31m[KRCLCPP_ERROR[m[K(this->get_logger(), "Erreur de récupération de la pose TCP.");
      |         [01;31m[K^~~~~~~~~~~~[m[K
[01m[K/home/stlab24-04/ira2_ws/src/haptic_teleop/src/haptic_control3.cpp:228:9:[m[K [01;31m[Kerror: [m[Ktemplate argument 1 is invalid
  228 |         [01;31m[KRCLCPP_ERROR[m[K(this->get_logger(), "Erreur de récupération de la pose TCP.");
      |         [01;31m[K^~~~~~~~~~~~[m[K
In file included from [01m[K/opt/ros/jazzy/include/rclcpp/rclcpp/logging.hpp:24[m[K:
[01m[K/home/stlab24-04/ira2_ws/src/haptic_teleop/src/haptic_control3.cpp:228:22:[m[K [01;31m[Kerror: [m[Kinvalid use of ‘[01m[Kthis[m[K’ in non-member function
  228 |         RCLCPP_ERROR([01;31m[Kthis[m[K->get_logger(), "Erreur de récupération de la pose TCP.");
      |                      [01;31m[K^~~~[m[K
[01m[K/home/stlab24-04/ira2_ws/src/haptic_teleop/src/haptic_control3.cpp:228:22:[m[K [01;31m[Kerror: [m[Kinvalid use of ‘[01m[Kthis[m[K’ in non-member function
  228 |         RCLCPP_ERROR([01;31m[Kthis[m[K->get_logger(), "Erreur de récupération de la pose TCP.");
      |                      [01;31m[K^~~~[m[K
[01m[K/home/stlab24-04/ira2_ws/src/haptic_teleop/src/haptic_control3.cpp:239:13:[m[K [01;31m[Kerror: [m[K‘[01m[Kbutton_pressed_[m[K’ was not declared in this scope
  239 |       btn = [01;31m[Kbutton_pressed_[m[K;
      |             [01;31m[K^~~~~~~~~~~~~~~[m[K
[01m[K/home/stlab24-04/ira2_ws/src/haptic_teleop/src/haptic_control3.cpp:240:83:[m[K [01;31m[Kerror: [m[Kno match for ‘[01m[Koperator=[m[K’ (operand types are ‘[01m[Kstd::array<double, 3>[m[K’ and ‘[01m[K<brace-enclosed initializer list>[m[K’)
  240 |       curr_pos = {current_position_[0], current_position_[1], current_position_[2][01;31m[K}[m[K;
      |                                                                                   [01;31m[K^[m[K
In file included from [01m[K/opt/ros/jazzy/include/rcl_interfaces/rcl_interfaces/srv/detail/list_parameters__struct.hpp:12[m[K,
                 from [01m[K/opt/ros/jazzy/include/rcl_interfaces/rcl_interfaces/srv/list_parameters.hpp:7[m[K,
                 from [01m[K/opt/ros/jazzy/include/rclcpp/rclcpp/copy_all_parameter_values.hpp:21[m[K:
[01m[K/usr/include/c++/13/array:94:12:[m[K [01;36m[Knote: [m[Kcandidate: ‘[01m[Kconstexpr std::array<double, 3>& std::array<double, 3>::[01;32m[Koperator=[m[K(const std::array<double, 3>&)[m[K’
   94 |     struct [01;36m[Karray[m[K
      |            [01;36m[K^~~~~[m[K
[01m[K/usr/include/c++/13/array:94:12:[m[K [01;36m[Knote: [m[K  no known conversion for argument 1 from ‘[01m[K<brace-enclosed initializer list>[m[K’ to ‘[01m[Kconst std::array<double, 3>&[m[K’
[01m[K/usr/include/c++/13/array:94:12:[m[K [01;36m[Knote: [m[Kcandidate: ‘[01m[Kconstexpr std::array<double, 3>& std::array<double, 3>::[01;32m[Koperator=[m[K(std::array<double, 3>&&)[m[K’
[01m[K/usr/include/c++/13/array:94:12:[m[K [01;36m[Knote: [m[K  no known conversion for argument 1 from ‘[01m[K<brace-enclosed initializer list>[m[K’ to ‘[01m[Kstd::array<double, 3>&&[m[K’
[01m[K/home/stlab24-04/ira2_ws/src/haptic_teleop/src/haptic_control3.cpp:241:92:[m[K [01;31m[Kerror: [m[Kno match for ‘[01m[Koperator=[m[K’ (operand types are ‘[01m[Kstd::array<double, 3>[m[K’ and ‘[01m[K<brace-enclosed initializer list>[m[K’)
  241 |       curr_ori = {current_orientation_[0], current_orientation_[1], current_orientation_[2][01;31m[K}[m[K;
      |                                                                                            [01;31m[K^[m[K
[01m[K/usr/include/c++/13/array:94:12:[m[K [01;36m[Knote: [m[Kcandidate: ‘[01m[Kconstexpr std::array<double, 3>& std::array<double, 3>::[01;32m[Koperator=[m[K(const std::array<double, 3>&)[m[K’
   94 |     struct [01;36m[Karray[m[K
      |            [01;36m[K^~~~~[m[K
[01m[K/usr/include/c++/13/array:94:12:[m[K [01;36m[Knote: [m[K  no known conversion for argument 1 from ‘[01m[K<brace-enclosed initializer list>[m[K’ to ‘[01m[Kconst std::array<double, 3>&[m[K’
[01m[K/usr/include/c++/13/array:94:12:[m[K [01;36m[Knote: [m[Kcandidate: ‘[01m[Kconstexpr std::array<double, 3>& std::array<double, 3>::[01;32m[Koperator=[m[K(std::array<double, 3>&&)[m[K’
[01m[K/usr/include/c++/13/array:94:12:[m[K [01;36m[Knote: [m[K  no known conversion for argument 1 from ‘[01m[K<brace-enclosed initializer list>[m[K’ to ‘[01m[Kstd::array<double, 3>&&[m[K’
[01m[K/home/stlab24-04/ira2_ws/src/haptic_teleop/src/haptic_control3.cpp:243:11:[m[K [01;31m[Kerror: [m[K‘[01m[Kfirst_position[m[K’ was not declared in this scope
  243 |       if ([01;31m[Kfirst_position[m[K == true && btn == 1) {
      |           [01;31m[K^~~~~~~~~~~~~~[m[K
[01m[K/home/stlab24-04/ira2_ws/src/haptic_teleop/src/haptic_control3.cpp:245:11:[m[K [01;31m[Kerror: [m[K‘[01m[Kreference_position_[m[K’ was not declared in this scope
  245 |           [01;31m[Kreference_position_[m[K = {curr_pos[0], curr_pos[1], curr_pos[2]};
      |           [01;31m[K^~~~~~~~~~~~~~~~~~~[m[K
[01m[K/home/stlab24-04/ira2_ws/src/haptic_teleop/src/haptic_control3.cpp:246:11:[m[K [01;31m[Kerror: [m[K‘[01m[Kreference_orientation_[m[K’ was not declared in this scope
  246 |           [01;31m[Kreference_orientation_[m[K = {curr_ori[0], curr_ori[1], curr_ori[2]};
      |           [01;31m[K^~~~~~~~~~~~~~~~~~~~~~[m[K
[01m[K/home/stlab24-04/ira2_ws/src/haptic_teleop/src/haptic_control3.cpp:247:11:[m[K [01;31m[Kerror: [m[K‘[01m[Kref_pos_robot_[m[K’ was not declared in this scope
  247 |           [01;31m[Kref_pos_robot_[m[K = {tcp_pose[0], tcp_pose[1], tcp_pose[2]};
      |           [01;31m[K^~~~~~~~~~~~~~[m[K
[01m[K/home/stlab24-04/ira2_ws/src/haptic_teleop/src/haptic_control3.cpp:248:11:[m[K [01;31m[Kerror: [m[K‘[01m[Kref_ori_robot_[m[K’ was not declared in this scope
  248 |           [01;31m[Kref_ori_robot_[m[K = {tcp_pose[3], tcp_pose[4], tcp_pose[5]};
      |           [01;31m[K^~~~~~~~~~~~~~[m[K
[01m[K/home/stlab24-04/ira2_ws/src/haptic_teleop/src/haptic_control3.cpp:255:23:[m[K [01;31m[Kerror: [m[K‘[01m[Kprev_btn_[m[K’ was not declared in this scope
  255 |       if (btn == 0 && [01;31m[Kprev_btn_[m[K != 0) {
      |                       [01;31m[K^~~~~~~~~[m[K
[01m[K/home/stlab24-04/ira2_ws/src/haptic_teleop/src/haptic_control3.cpp:256:9:[m[K [01;31m[Kerror: [m[K‘[01m[Kreference_position_[m[K’ was not declared in this scope
  256 |         [01;31m[Kreference_position_[m[K = {0.0, 0.0, 0.0};
      |         [01;31m[K^~~~~~~~~~~~~~~~~~~[m[K
[01m[K/home/stlab24-04/ira2_ws/src/haptic_teleop/src/haptic_control3.cpp:257:9:[m[K [01;31m[Kerror: [m[K‘[01m[Kreference_orientation_[m[K’ was not declared in this scope
  257 |         [01;31m[Kreference_orientation_[m[K = {0.0, 0.0, 0.0};
      |         [01;31m[K^~~~~~~~~~~~~~~~~~~~~~[m[K
[01m[K/home/stlab24-04/ira2_ws/src/haptic_teleop/src/haptic_control3.cpp:260:23:[m[K [01;31m[Kerror: [m[K‘[01m[Kprev_btn_[m[K’ was not declared in this scope
  260 |       if (btn == 1 && [01;31m[Kprev_btn_[m[K == 1) {
      |                       [01;31m[K^~~~~~~~~[m[K
[01m[K/home/stlab24-04/ira2_ws/src/haptic_teleop/src/haptic_control3.cpp:264:7:[m[K [01;31m[Kerror: [m[K‘[01m[Kprev_btn_[m[K’ was not declared in this scope
  264 |       [01;31m[Kprev_btn_[m[K = btn;
      |       [01;31m[K^~~~~~~~~[m[K
[01m[K/home/stlab24-04/ira2_ws/src/haptic_teleop/src/haptic_control3.cpp:267:18:[m[K [01;31m[Kerror: [m[K‘[01m[Kreference_position_[m[K’ was not declared in this scope
  267 |       ref_pos = {[01;31m[Kreference_position_[m[K[0], reference_position_[1], reference_position_[2]};
      |                  [01;31m[K^~~~~~~~~~~~~~~~~~~[m[K
[01m[K/home/stlab24-04/ira2_ws/src/haptic_teleop/src/haptic_control3.cpp:267:88:[m[K [01;31m[Kerror: [m[Kno match for ‘[01m[Koperator=[m[K’ (operand types are ‘[01m[Kstd::array<double, 3>[m[K’ and ‘[01m[K<brace-enclosed initializer list>[m[K’)
  267 |       ref_pos = {reference_position_[0], reference_position_[1], reference_position_[2][01;31m[K}[m[K;
      |                                                                                        [01;31m[K^[m[K
[01m[K/usr/include/c++/13/array:94:12:[m[K [01;36m[Knote: [m[Kcandidate: ‘[01m[Kconstexpr std::array<double, 3>& std::array<double, 3>::[01;32m[Koperator=[m[K(const std::array<double, 3>&)[m[K’
   94 |     struct [01;36m[Karray[m[K
      |            [01;36m[K^~~~~[m[K
[01m[K/usr/include/c++/13/array:94:12:[m[K [01;36m[Knote: [m[K  no known conversion for argument 1 from ‘[01m[K<brace-enclosed initializer list>[m[K’ to ‘[01m[Kconst std::array<double, 3>&[m[K’
[01m[K/usr/include/c++/13/array:94:12:[m[K [01;36m[Knote: [m[Kcandidate: ‘[01m[Kconstexpr std::array<double, 3>& std::array<double, 3>::[01;32m[Koperator=[m[K(std::array<double, 3>&&)[m[K’
[01m[K/usr/include/c++/13/array:94:12:[m[K [01;36m[Knote: [m[K  no known conversion for argument 1 from ‘[01m[K<brace-enclosed initializer list>[m[K’ to ‘[01m[Kstd::array<double, 3>&&[m[K’
[01m[K/home/stlab24-04/ira2_ws/src/haptic_teleop/src/haptic_control3.cpp:268:18:[m[K [01;31m[Kerror: [m[K‘[01m[Kreference_orientation_[m[K’ was not declared in this scope
  268 |       ref_ori = {[01;31m[Kreference_orientation_[m[K[0], reference_orientation_[1], reference_orientation_[2]};
      |                  [01;31m[K^~~~~~~~~~~~~~~~~~~~~~[m[K
[01m[K/home/stlab24-04/ira2_ws/src/haptic_teleop/src/haptic_control3.cpp:268:97:[m[K [01;31m[Kerror: [m[Kno match for ‘[01m[Koperator=[m[K’ (operand types are ‘[01m[Kstd::array<double, 3>[m[K’ and ‘[01m[K<brace-enclosed initializer list>[m[K’)
  268 |       ref_ori = {reference_orientation_[0], reference_orientation_[1], reference_orientation_[2][01;31m[K}[m[K;
      |                                                                                                 [01;31m[K^[m[K
[01m[K/usr/include/c++/13/array:94:12:[m[K [01;36m[Knote: [m[Kcandidate: ‘[01m[Kconstexpr std::array<double, 3>& std::array<double, 3>::[01;32m[Koperator=[m[K(const std::array<double, 3>&)[m[K’
   94 |     struct [01;36m[Karray[m[K
      |            [01;36m[K^~~~~[m[K
[01m[K/usr/include/c++/13/array:94:12:[m[K [01;36m[Knote: [m[K  no known conversion for argument 1 from ‘[01m[K<brace-enclosed initializer list>[m[K’ to ‘[01m[Kconst std::array<double, 3>&[m[K’
[01m[K/usr/include/c++/13/array:94:12:[m[K [01;36m[Knote: [m[Kcandidate: ‘[01m[Kconstexpr std::array<double, 3>& std::array<double, 3>::[01;32m[Koperator=[m[K(std::array<double, 3>&&)[m[K’
[01m[K/usr/include/c++/13/array:94:12:[m[K [01;36m[Knote: [m[K  no known conversion for argument 1 from ‘[01m[K<brace-enclosed initializer list>[m[K’ to ‘[01m[Kstd::array<double, 3>&&[m[K’
[01m[K/home/stlab24-04/ira2_ws/src/haptic_teleop/src/haptic_control3.cpp:282:19:[m[K [01;31m[Kerror: [m[Kinvalid use of ‘[01m[Kthis[m[K’ in non-member function
  282 |       RCLCPP_INFO([01;31m[Kthis[m[K->get_logger(), "Delta x:%.3f y:%.3f z:%.3f | Robot x:%.3f y:%.3f z:%.3f",
      |                   [01;31m[K^~~~[m[K
[01m[K/home/stlab24-04/ira2_ws/src/haptic_teleop/src/haptic_control3.cpp:282:19:[m[K [01;31m[Kerror: [m[Kinvalid use of ‘[01m[Kthis[m[K’ in non-member function
[01m[K/home/stlab24-04/ira2_ws/src/haptic_teleop/src/haptic_control3.cpp:282:7:[m[K [01;31m[Kerror: [m[Ktemplate argument 1 is invalid
  282 |       [01;31m[KRCLCPP_INFO[m[K(this->get_logger(), "Delta x:%.3f y:%.3f z:%.3f | Robot x:%.3f y:%.3f z:%.3f",
      |       [01;31m[K^~~~~~~~~~~[m[K
[01m[K/home/stlab24-04/ira2_ws/src/haptic_teleop/src/haptic_control3.cpp:282:7:[m[K [01;31m[Kerror: [m[Ktemplate argument 1 is invalid
  282 |       [01;31m[KRCLCPP_INFO[m[K(this->get_logger(), "Delta x:%.3f y:%.3f z:%.3f | Robot x:%.3f y:%.3f z:%.3f",
      |       [01;31m[K^~~~~~~~~~~[m[K
[01m[K/home/stlab24-04/ira2_ws/src/haptic_teleop/src/haptic_control3.cpp:282:7:[m[K [01;31m[Kerror: [m[Ktemplate argument 1 is invalid
  282 |       [01;31m[KRCLCPP_INFO[m[K(this->get_logger(), "Delta x:%.3f y:%.3f z:%.3f | Robot x:%.3f y:%.3f z:%.3f",
      |       [01;31m[K^~~~~~~~~~~[m[K
[01m[K/home/stlab24-04/ira2_ws/src/haptic_teleop/src/haptic_control3.cpp:282:19:[m[K [01;31m[Kerror: [m[Kinvalid use of ‘[01m[Kthis[m[K’ in non-member function
  282 |       RCLCPP_INFO([01;31m[Kthis[m[K->get_logger(), "Delta x:%.3f y:%.3f z:%.3f | Robot x:%.3f y:%.3f z:%.3f",
      |                   [01;31m[K^~~~[m[K
[01m[K/home/stlab24-04/ira2_ws/src/haptic_teleop/src/haptic_control3.cpp:282:19:[m[K [01;31m[Kerror: [m[Kinvalid use of ‘[01m[Kthis[m[K’ in non-member function
  282 |       RCLCPP_INFO([01;31m[Kthis[m[K->get_logger(), "Delta x:%.3f y:%.3f z:%.3f | Robot x:%.3f y:%.3f z:%.3f",
      |                   [01;31m[K^~~~[m[K
[01m[K/home/stlab24-04/ira2_ws/src/haptic_teleop/src/haptic_control3.cpp:300:56:[m[K [01;31m[Kerror: [m[K‘[01m[Kref_pos_robot_[m[K’ was not declared in this scope
  300 |         target = {delta_position[0] * scaling_factor + [01;31m[Kref_pos_robot_[m[K[0],
      |                                                        [01;31m[K^~~~~~~~~~~~~~[m[K
[01m[K/home/stlab24-04/ira2_ws/src/haptic_teleop/src/haptic_control3.cpp:303:52:[m[K [01;31m[Kerror: [m[K‘[01m[Kref_ori_robot_[m[K’ was not declared in this scope
  303 |                   /*delta_orientation[0]*0.04 + */ [01;31m[Kref_ori_robot_[m[K[0],  //Commenté le 20/03 à 13h23
      |                                                    [01;31m[K^~~~~~~~~~~~~~[m[K
[01m[K/home/stlab24-04/ira2_ws/src/haptic_teleop/src/haptic_control3.cpp:305:68:[m[K [01;31m[Kerror: [m[Kno match for ‘[01m[Koperator=[m[K’ (operand types are ‘[01m[Kstd::array<double, 6>[m[K’ and ‘[01m[K<brace-enclosed initializer list>[m[K’)
  305 |                   /*delta_orientation[2]*0.04 +*/ ref_ori_robot_[2][01;31m[K}[m[K;
      |                                                                    [01;31m[K^[m[K
[01m[K/usr/include/c++/13/array:94:12:[m[K [01;36m[Knote: [m[Kcandidate: ‘[01m[Kconstexpr std::array<double, 6>& std::array<double, 6>::[01;32m[Koperator=[m[K(const std::array<double, 6>&)[m[K’
   94 |     struct [01;36m[Karray[m[K
      |            [01;36m[K^~~~~[m[K
[01m[K/usr/include/c++/13/array:94:12:[m[K [01;36m[Knote: [m[K  no known conversion for argument 1 from ‘[01m[K<brace-enclosed initializer list>[m[K’ to ‘[01m[Kconst std::array<double, 6>&[m[K’
[01m[K/usr/include/c++/13/array:94:12:[m[K [01;36m[Knote: [m[Kcandidate: ‘[01m[Kconstexpr std::array<double, 6>& std::array<double, 6>::[01;32m[Koperator=[m[K(std::array<double, 6>&&)[m[K’
[01m[K/usr/include/c++/13/array:94:12:[m[K [01;36m[Knote: [m[K  no known conversion for argument 1 from ‘[01m[K<brace-enclosed initializer list>[m[K’ to ‘[01m[Kstd::array<double, 6>&&[m[K’
[01m[K/home/stlab24-04/ira2_ws/src/haptic_teleop/src/haptic_control3.cpp:313:12:[m[K [01;31m[Kerror: [m[K‘[01m[Kin_workspace[m[K’ was not declared in this scope
  313 |       if (![01;31m[Kin_workspace[m[K(target)) {
      |            [01;31m[K^~~~~~~~~~~~[m[K
[01m[K/home/stlab24-04/ira2_ws/src/haptic_teleop/src/haptic_control3.cpp:314:21:[m[K [01;31m[Kerror: [m[Kinvalid use of ‘[01m[Kthis[m[K’ in non-member function
  314 |         RCLCPP_WARN([01;31m[Kthis[m[K->get_logger(), "Consigne hors de l'espace de travail. Arrêt du mouvement.");
      |                     [01;31m[K^~~~[m[K
[01m[K/home/stlab24-04/ira2_ws/src/haptic_teleop/src/haptic_control3.cpp:314:21:[m[K [01;31m[Kerror: [m[Kinvalid use of ‘[01m[Kthis[m[K’ in non-member function
[01m[K/home/stlab24-04/ira2_ws/src/haptic_teleop/src/haptic_control3.cpp:314:9:[m[K [01;31m[Kerror: [m[Ktemplate argument 1 is invalid
  314 |         [01;31m[KRCLCPP_WARN[m[K(this->get_logger(), "Consigne hors de l'espace de travail. Arrêt du mouvement.");
      |         [01;31m[K^~~~~~~~~~~[m[K
[01m[K/home/stlab24-04/ira2_ws/src/haptic_teleop/src/haptic_control3.cpp:314:9:[m[K [01;31m[Kerror: [m[Ktemplate argument 1 is invalid
  314 |         [01;31m[KRCLCPP_WARN[m[K(this->get_logger(), "Consigne hors de l'espace de travail. Arrêt du mouvement.");
      |         [01;31m[K^~~~~~~~~~~[m[K
[01m[K/home/stlab24-04/ira2_ws/src/haptic_teleop/src/haptic_control3.cpp:314:9:[m[K [01;31m[Kerror: [m[Ktemplate argument 1 is invalid
  314 |         [01;31m[KRCLCPP_WARN[m[K(this->get_logger(), "Consigne hors de l'espace de travail. Arrêt du mouvement.");
      |         [01;31m[K^~~~~~~~~~~[m[K
[01m[K/home/stlab24-04/ira2_ws/src/haptic_teleop/src/haptic_control3.cpp:314:21:[m[K [01;31m[Kerror: [m[Kinvalid use of ‘[01m[Kthis[m[K’ in non-member function
  314 |         RCLCPP_WARN([01;31m[Kthis[m[K->get_logger(), "Consigne hors de l'espace de travail. Arrêt du mouvement.");
      |                     [01;31m[K^~~~[m[K
[01m[K/home/stlab24-04/ira2_ws/src/haptic_teleop/src/haptic_control3.cpp:314:21:[m[K [01;31m[Kerror: [m[Kinvalid use of ‘[01m[Kthis[m[K’ in non-member function
  314 |         RCLCPP_WARN([01;31m[Kthis[m[K->get_logger(), "Consigne hors de l'espace de travail. Arrêt du mouvement.");
      |                     [01;31m[K^~~~[m[K
[01m[K/home/stlab24-04/ira2_ws/src/haptic_teleop/src/haptic_control3.cpp:316:9:[m[K [01;31m[Kerror: [m[K‘[01m[Krtde_control[m[K’ was not declared in this scope
  316 |         [01;31m[Krtde_control[m[K.servoStop(); //Ajouté le 17/03 à 15h09
      |         [01;31m[K^~~~~~~~~~~~[m[K
[01m[K/home/stlab24-04/ira2_ws/src/haptic_teleop/src/haptic_control3.cpp:320:29:[m[K [01;31m[Kerror: [m[K‘[01m[Krtde_control[m[K’ was not declared in this scope
  320 |       bool kinematics_inv = [01;31m[Krtde_control[m[K.getInverseKinematicsHasSolution({target[0], target[1], target[2], target[3], target[4], target[5]});
      |                             [01;31m[K^~~~~~~~~~~~[m[K
[01m[K/home/stlab24-04/ira2_ws/src/haptic_teleop/src/haptic_control3.cpp:323:22:[m[K [01;31m[Kerror: [m[Kinvalid use of ‘[01m[Kthis[m[K’ in non-member function
  323 |         RCLCPP_ERROR([01;31m[Kthis[m[K->get_logger(), "Erreur de cinématique inverse. Arrêt du mouvement.");
      |                      [01;31m[K^~~~[m[K
[01m[K/home/stlab24-04/ira2_ws/src/haptic_teleop/src/haptic_control3.cpp:323:22:[m[K [01;31m[Kerror: [m[Kinvalid use of ‘[01m[Kthis[m[K’ in non-member function
[01m[K/home/stlab24-04/ira2_ws/src/haptic_teleop/src/haptic_control3.cpp:323:9:[m[K [01;31m[Kerror: [m[Ktemplate argument 1 is invalid
  323 |         [01;31m[KRCLCPP_ERROR[m[K(this->get_logger(), "Erreur de cinématique inverse. Arrêt du mouvement.");
      |         [01;31m[K^~~~~~~~~~~~[m[K
[01m[K/home/stlab24-04/ira2_ws/src/haptic_teleop/src/haptic_control3.cpp:323:9:[m[K [01;31m[Kerror: [m[Ktemplate argument 1 is invalid
  323 |         [01;31m[KRCLCPP_ERROR[m[K(this->get_logger(), "Erreur de cinématique inverse. Arrêt du mouvement.");
      |         [01;31m[K^~~~~~~~~~~~[m[K
[01m[K/home/stlab24-04/ira2_ws/src/haptic_teleop/src/haptic_control3.cpp:323:9:[m[K [01;31m[Kerror: [m[Ktemplate argument 1 is invalid
  323 |         [01;31m[KRCLCPP_ERROR[m[K(this->get_logger(), "Erreur de cinématique inverse. Arrêt du mouvement.");
      |         [01;31m[K^~~~~~~~~~~~[m[K
[01m[K/home/stlab24-04/ira2_ws/src/haptic_teleop/src/haptic_control3.cpp:323:22:[m[K [01;31m[Kerror: [m[Kinvalid use of ‘[01m[Kthis[m[K’ in non-member function
  323 |         RCLCPP_ERROR([01;31m[Kthis[m[K->get_logger(), "Erreur de cinématique inverse. Arrêt du mouvement.");
      |                      [01;31m[K^~~~[m[K
[01m[K/home/stlab24-04/ira2_ws/src/haptic_teleop/src/haptic_control3.cpp:323:22:[m[K [01;31m[Kerror: [m[Kinvalid use of ‘[01m[Kthis[m[K’ in non-member function
  323 |         RCLCPP_ERROR([01;31m[Kthis[m[K->get_logger(), "Erreur de cinématique inverse. Arrêt du mouvement.");
      |                      [01;31m[K^~~~[m[K
[01m[K/home/stlab24-04/ira2_ws/src/haptic_teleop/src/haptic_control3.cpp:334:27:[m[K [01;31m[Kerror: [m[K‘[01m[Kvelocity[m[K’ was not declared in this scope
  334 |                           [01;31m[Kvelocity[m[K, acceleration, dt, lookahead_time, gain);
      |                           [01;31m[K^~~~~~~~[m[K
[01m[K/home/stlab24-04/ira2_ws/src/haptic_teleop/src/haptic_control3.cpp:334:37:[m[K [01;31m[Kerror: [m[K‘[01m[Kacceleration[m[K’ was not declared in this scope
  334 |                           velocity, [01;31m[Kacceleration[m[K, dt, lookahead_time, gain);
      |                                     [01;31m[K^~~~~~~~~~~~[m[K
[01m[K/home/stlab24-04/ira2_ws/src/haptic_teleop/src/haptic_control3.cpp:334:51:[m[K [01;31m[Kerror: [m[K‘[01m[Kdt[m[K’ was not declared in this scope
  334 |                           velocity, acceleration, [01;31m[Kdt[m[K, lookahead_time, gain);
      |                                                   [01;31m[K^~[m[K
[01m[K/home/stlab24-04/ira2_ws/src/haptic_teleop/src/haptic_control3.cpp:334:55:[m[K [01;31m[Kerror: [m[K‘[01m[Klookahead_time[m[K’ was not declared in this scope
  334 |                           velocity, acceleration, dt, [01;31m[Klookahead_time[m[K, gain);
      |                                                       [01;31m[K^~~~~~~~~~~~~~[m[K
[01m[K/home/stlab24-04/ira2_ws/src/haptic_teleop/src/haptic_control3.cpp:334:71:[m[K [01;31m[Kerror: [m[K‘[01m[Kgain[m[K’ was not declared in this scope
  334 |                           velocity, acceleration, dt, lookahead_time, [01;31m[Kgain[m[K);
      |                                                                       [01;31m[K^~~~[m[K
[01m[K/home/stlab24-04/ira2_ws/src/haptic_teleop/src/haptic_control3.cpp:274:28:[m[K [01;35m[Kwarning: [m[Kunused variable ‘[01m[Kdelta_orientation[m[K’ [[01;35m[K]8;;https://gcc.gnu.org/onlinedocs/gcc/Warning-Options.html#index-Wunused-variable-Wunused-variable]8;;[m[K]
  274 |       std::array<double,3> [01;35m[Kdelta_orientation[m[K = {curr_ori[0] - ref_ori[0],
      |                            [01;35m[K^~~~~~~~~~~~~~~~~[m[K
[01m[K/home/stlab24-04/ira2_ws/src/haptic_teleop/src/haptic_control3.cpp:[m[K In function ‘[01m[Kvoid[01;32m[K force_callback[m[K(geometry_msgs::msg::WrenchStamped_<std::allocator<void> >::SharedPtr)[m[K’:
[01m[K/home/stlab24-04/ira2_ws/src/haptic_teleop/src/haptic_control3.cpp:343:36:[m[K [01;31m[Kerror: [m[K‘[01m[Krtde_receive[m[K’ was not declared in this scope
  343 |     std::vector<double> tcp_pose = [01;31m[Krtde_receive[m[K.getActualTCPPose();
      |                                    [01;31m[K^~~~~~~~~~~~[m[K
[01m[K/home/stlab24-04/ira2_ws/src/haptic_teleop/src/haptic_control3.cpp:381:28:[m[K [01;31m[Kerror: [m[Kinvalid use of ‘[01m[Kthis[m[K’ in non-member function
  381 |     out_msg.header.stamp = [01;31m[Kthis[m[K->now();
      |                            [01;31m[K^~~~[m[K
[01m[K/home/stlab24-04/ira2_ws/src/haptic_teleop/src/haptic_control3.cpp:388:5:[m[K [01;31m[Kerror: [m[K‘[01m[Kcurrent_force_magnitude_[m[K’ was not declared in this scope
  388 |     [01;31m[Kcurrent_force_magnitude_[m[K = std::sqrt(
      |     [01;31m[K^~~~~~~~~~~~~~~~~~~~~~~~[m[K
[01m[K/home/stlab24-04/ira2_ws/src/haptic_teleop/src/haptic_control3.cpp:395:5:[m[K [01;31m[Kerror: [m[K‘[01m[Khaptic_force_pub_[m[K’ was not declared in this scope
  395 |     [01;31m[Khaptic_force_pub_[m[K->publish(out_msg);
      |     [01;31m[K^~~~~~~~~~~~~~~~~[m[K
[01m[K/home/stlab24-04/ira2_ws/src/haptic_teleop/src/haptic_control3.cpp:[m[K At global scope:
[01m[K/home/stlab24-04/ira2_ws/src/haptic_teleop/src/haptic_control3.cpp:399:24:[m[K [01;31m[Kerror: [m[Kno matching function for call to ‘[01m[Kur_rtde::RTDEControlInterface::RTDEControlInterface()[m[K’
  399 |   RTDEControlInterface [01;31m[Krtde_control[m[K;
      |                        [01;31m[K^~~~~~~~~~~~[m[K
In file included from [01m[K/home/stlab24-04/ira2_ws/src/haptic_teleop/src/haptic_control3.cpp:4[m[K:
[01m[K/usr/local/include/ur_rtde/rtde_control_interface.h:262:24:[m[K [01;36m[Knote: [m[Kcandidate: ‘[01m[Kur_rtde::RTDEControlInterface::[01;32m[KRTDEControlInterface[m[K(std::string, double, uint16_t, int, int)[m[K’
  262 |   RTDE_EXPORT explicit [01;36m[KRTDEControlInterface[m[K(std::string hostname, double frequency = -1.0,
      |                        [01;36m[K^~~~~~~~~~~~~~~~~~~~[m[K
[01m[K/usr/local/include/ur_rtde/rtde_control_interface.h:262:24:[m[K [01;36m[Knote: [m[K  candidate expects 5 arguments, 0 provided
[01m[K/home/stlab24-04/ira2_ws/src/haptic_teleop/src/haptic_control3.cpp:400:24:[m[K [01;31m[Kerror: [m[Kno matching function for call to ‘[01m[Kur_rtde::RTDEReceiveInterface::RTDEReceiveInterface()[m[K’
  400 |   RTDEReceiveInterface [01;31m[Krtde_receive[m[K;
      |                        [01;31m[K^~~~~~~~~~~~[m[K
In file included from [01m[K/home/stlab24-04/ira2_ws/src/haptic_teleop/src/haptic_control3.cpp:5[m[K:
[01m[K/usr/local/include/ur_rtde/rtde_receive_interface.h:64:24:[m[K [01;36m[Knote: [m[Kcandidate: ‘[01m[Kur_rtde::RTDEReceiveInterface::[01;32m[KRTDEReceiveInterface[m[K(std::string, double, std::vector<std::__cxx11::basic_string<char>, std::allocator<std::__cxx11::basic_string<char> > >, bool, bool, int)[m[K’
   64 |   RTDE_EXPORT explicit [01;36m[KRTDEReceiveInterface[m[K(std::string hostname, double frequency = -1.0,
      |                        [01;36m[K^~~~~~~~~~~~~~~~~~~~[m[K
[01m[K/usr/local/include/ur_rtde/rtde_receive_interface.h:64:24:[m[K [01;36m[Knote: [m[K  candidate expects 6 arguments, 0 provided
[01m[K/home/stlab24-04/ira2_ws/src/haptic_teleop/src/haptic_control3.cpp:438:1:[m[K [01;31m[Kerror: [m[Kexpected declaration before ‘[01m[K}[m[K’ token
  438 | [01;31m[K}[m[K;
      | [01;31m[K^[m[K
gmake[2]: *** [CMakeFiles/haptic_control3.dir/build.make:76: CMakeFiles/haptic_control3.dir/src/haptic_control3.cpp.o] Error 1
gmake[1]: *** [CMakeFiles/Makefile2:808: CMakeFiles/haptic_control3.dir/all] Error 2
gmake: *** [Makefile:146: all] Error 2
