[  1%] Built target haptic_teleop__rosidl_generator_type_description
[  3%] Built target robot_control
[  5%] Built target unity_control
[  8%] Built target unity_control_v2
[  8%] Built target ament_cmake_python_copy_haptic_teleop
[ 12%] Built target joints_sub
[ 12%] Built target get_force
[ 13%] Built target haptic_teleop__cpp
[ 30%] Built target haptic_teleop__rosidl_generator_c
[ 65%] Built target haptic_teleop__rosidl_typesupport_c
[ 65%] Built target haptic_teleop__rosidl_typesupport_fastrtps_cpp
[ 65%] Built target haptic_teleop__rosidl_typesupport_cpp
[ 65%] Built target haptic_teleop__rosidl_typesupport_fastrtps_c
[ 65%] Built target haptic_teleop__rosidl_typesupport_introspection_c
[ 72%] Built target haptic_teleop__rosidl_typesupport_introspection_cpp
[ 72%] Built target haptic_teleop
[ 74%] Built target color_publisher
[ 76%] Built target position_service
[ 77%] Built target haptic_teleop__py
[ 80%] Built target haptic_control2
[ 82%] Built target haptic_control
[ 83%] [32mBuilding CXX object CMakeFiles/haptic_control3.dir/src/haptic_control3.cpp.o[0m
[ 86%] Built target haptic_control4
[ 91%] Built target haptic_teleop__rosidl_generator_py
[ 94%] Built target haptic_teleop_s__rosidl_typesupport_introspection_c
[ 96%] Built target haptic_teleop_s__rosidl_typesupport_c
[ 98%] Built target haptic_teleop_s__rosidl_typesupport_fastrtps_c
running egg_info
writing haptic_teleop.egg-info/PKG-INFO
writing dependency_links to haptic_teleop.egg-info/dependency_links.txt
writing top-level names to haptic_teleop.egg-info/top_level.txt
reading manifest file 'haptic_teleop.egg-info/SOURCES.txt'
writing manifest file 'haptic_teleop.egg-info/SOURCES.txt'
[ 98%] Built target ament_cmake_python_build_haptic_teleop_egg
