[1.307s] Invoking command in '/home/stlab24-04/ira2_ws/src/ur_motion_manager': DEBUGINFOD_URLS=https://debuginfod.ubuntu.com PYTHONPATH=/home/stlab24-04/ira2_ws/build/ur_motion_manager/prefix_override:/usr/lib/python3/dist-packages/colcon_core/task/python/colcon_distutils_commands:/home/stlab24-04/ira2_ws/install/ur_motion_manager/lib/python3.12/site-packages:${PYTHONPATH} /usr/bin/python3 -W ignore:setup.py install is deprecated -W ignore:easy_install command is deprecated setup.py egg_info --egg-base ../../build/ur_motion_manager build --build-base /home/stlab24-04/ira2_ws/build/ur_motion_manager/build install --record /home/stlab24-04/ira2_ws/build/ur_motion_manager/install.log --single-version-externally-managed install_data
[1.540s] running egg_info
[1.558s] writing ../../build/ur_motion_manager/ur_motion_manager.egg-info/PKG-INFO
[1.558s] writing dependency_links to ../../build/ur_motion_manager/ur_motion_manager.egg-info/dependency_links.txt
[1.558s] writing entry points to ../../build/ur_motion_manager/ur_motion_manager.egg-info/entry_points.txt
[1.558s] writing requirements to ../../build/ur_motion_manager/ur_motion_manager.egg-info/requires.txt
[1.558s] writing top-level names to ../../build/ur_motion_manager/ur_motion_manager.egg-info/top_level.txt
[1.598s] reading manifest file '../../build/ur_motion_manager/ur_motion_manager.egg-info/SOURCES.txt'
[1.599s] writing manifest file '../../build/ur_motion_manager/ur_motion_manager.egg-info/SOURCES.txt'
[1.599s] running build
[1.599s] running build_py
[1.599s] running install
[1.604s] running install_lib
[1.623s] running install_data
[1.623s] running install_egg_info
[1.643s] removing '/home/stlab24-04/ira2_ws/install/ur_motion_manager/lib/python3.12/site-packages/ur_motion_manager-0.0.0-py3.12.egg-info' (and everything under it)
[1.643s] Copying ../../build/ur_motion_manager/ur_motion_manager.egg-info to /home/stlab24-04/ira2_ws/install/ur_motion_manager/lib/python3.12/site-packages/ur_motion_manager-0.0.0-py3.12.egg-info
[1.644s] running install_scripts
[1.768s] Installing motion_manager_node script to /home/stlab24-04/ira2_ws/install/ur_motion_manager/lib/ur_motion_manager
[1.768s] Installing teach_node script to /home/stlab24-04/ira2_ws/install/ur_motion_manager/lib/ur_motion_manager
[1.768s] writing list of installed files to '/home/stlab24-04/ira2_ws/build/ur_motion_manager/install.log'
[1.801s] Invoked command in '/home/stlab24-04/ira2_ws/src/ur_motion_manager' returned '0': DEBUGINFOD_URLS=https://debuginfod.ubuntu.com PYTHONPATH=/home/stlab24-04/ira2_ws/build/ur_motion_manager/prefix_override:/usr/lib/python3/dist-packages/colcon_core/task/python/colcon_distutils_commands:/home/stlab24-04/ira2_ws/install/ur_motion_manager/lib/python3.12/site-packages:${PYTHONPATH} /usr/bin/python3 -W ignore:setup.py install is deprecated -W ignore:easy_install command is deprecated setup.py egg_info --egg-base ../../build/ur_motion_manager build --build-base /home/stlab24-04/ira2_ws/build/ur_motion_manager/build install --record /home/stlab24-04/ira2_ws/build/ur_motion_manager/install.log --single-version-externally-managed install_data
