[1.038s] Invoking command in '/home/stlab24-04/ira2_ws/src/ur_force_controller': DEBUGINFOD_URLS=https://debuginfod.ubuntu.com PYTHONPATH=/home/stlab24-04/ira2_ws/build/ur_force_controller/prefix_override:/usr/lib/python3/dist-packages/colcon_core/task/python/colcon_distutils_commands:/home/stlab24-04/ira2_ws/install/ur_force_controller/lib/python3.12/site-packages:${PYTHONPATH} /usr/bin/python3 -W ignore:setup.py install is deprecated -W ignore:easy_install command is deprecated setup.py egg_info --egg-base ../../build/ur_force_controller build --build-base /home/stlab24-04/ira2_ws/build/ur_force_controller/build install --record /home/stlab24-04/ira2_ws/build/ur_force_controller/install.log --single-version-externally-managed install_data
[1.251s] running egg_info
[1.251s] creating ../../build/ur_force_controller/ur_force_controller.egg-info
[1.267s] writing ../../build/ur_force_controller/ur_force_controller.egg-info/PKG-INFO
[1.267s] writing dependency_links to ../../build/ur_force_controller/ur_force_controller.egg-info/dependency_links.txt
[1.267s] writing entry points to ../../build/ur_force_controller/ur_force_controller.egg-info/entry_points.txt
[1.267s] writing requirements to ../../build/ur_force_controller/ur_force_controller.egg-info/requires.txt
[1.267s] writing top-level names to ../../build/ur_force_controller/ur_force_controller.egg-info/top_level.txt
[1.267s] writing manifest file '../../build/ur_force_controller/ur_force_controller.egg-info/SOURCES.txt'
[1.300s] reading manifest file '../../build/ur_force_controller/ur_force_controller.egg-info/SOURCES.txt'
[1.302s] writing manifest file '../../build/ur_force_controller/ur_force_controller.egg-info/SOURCES.txt'
[1.302s] running build
[1.302s] running build_py
[1.302s] creating /home/stlab24-04/ira2_ws/build/ur_force_controller/build
[1.302s] creating /home/stlab24-04/ira2_ws/build/ur_force_controller/build/lib
[1.302s] creating /home/stlab24-04/ira2_ws/build/ur_force_controller/build/lib/ur_force_controller
[1.302s] copying ur_force_controller/force_controller_node.py -> /home/stlab24-04/ira2_ws/build/ur_force_controller/build/lib/ur_force_controller
[1.302s] copying ur_force_controller/__init__.py -> /home/stlab24-04/ira2_ws/build/ur_force_controller/build/lib/ur_force_controller
[1.303s] running install
[1.305s] running install_lib
[1.322s] creating /home/stlab24-04/ira2_ws/install/ur_force_controller/lib/python3.12/site-packages/ur_force_controller
[1.322s] copying /home/stlab24-04/ira2_ws/build/ur_force_controller/build/lib/ur_force_controller/force_controller_node.py -> /home/stlab24-04/ira2_ws/install/ur_force_controller/lib/python3.12/site-packages/ur_force_controller
[1.322s] copying /home/stlab24-04/ira2_ws/build/ur_force_controller/build/lib/ur_force_controller/__init__.py -> /home/stlab24-04/ira2_ws/install/ur_force_controller/lib/python3.12/site-packages/ur_force_controller
[1.323s] byte-compiling /home/stlab24-04/ira2_ws/install/ur_force_controller/lib/python3.12/site-packages/ur_force_controller/force_controller_node.py to force_controller_node.cpython-312.pyc
[1.325s] byte-compiling /home/stlab24-04/ira2_ws/install/ur_force_controller/lib/python3.12/site-packages/ur_force_controller/__init__.py to __init__.cpython-312.pyc
[1.325s] running install_data
[1.325s] creating /home/stlab24-04/ira2_ws/install/ur_force_controller/share/ament_index
[1.325s] creating /home/stlab24-04/ira2_ws/install/ur_force_controller/share/ament_index/resource_index
[1.325s] creating /home/stlab24-04/ira2_ws/install/ur_force_controller/share/ament_index/resource_index/packages
[1.326s] copying resource/ur_force_controller -> /home/stlab24-04/ira2_ws/install/ur_force_controller/share/ament_index/resource_index/packages
[1.326s] copying package.xml -> /home/stlab24-04/ira2_ws/install/ur_force_controller/share/ur_force_controller
[1.326s] running install_egg_info
[1.344s] Copying ../../build/ur_force_controller/ur_force_controller.egg-info to /home/stlab24-04/ira2_ws/install/ur_force_controller/lib/python3.12/site-packages/ur_force_controller-0.0.0-py3.12.egg-info
[1.344s] running install_scripts
[1.453s] Installing force_controller_node script to /home/stlab24-04/ira2_ws/install/ur_force_controller/lib/ur_force_controller
[1.453s] writing list of installed files to '/home/stlab24-04/ira2_ws/build/ur_force_controller/install.log'
[1.487s] Invoked command in '/home/stlab24-04/ira2_ws/src/ur_force_controller' returned '0': DEBUGINFOD_URLS=https://debuginfod.ubuntu.com PYTHONPATH=/home/stlab24-04/ira2_ws/build/ur_force_controller/prefix_override:/usr/lib/python3/dist-packages/colcon_core/task/python/colcon_distutils_commands:/home/stlab24-04/ira2_ws/install/ur_force_controller/lib/python3.12/site-packages:${PYTHONPATH} /usr/bin/python3 -W ignore:setup.py install is deprecated -W ignore:easy_install command is deprecated setup.py egg_info --egg-base ../../build/ur_force_controller build --build-base /home/stlab24-04/ira2_ws/build/ur_force_controller/build install --record /home/stlab24-04/ira2_ws/build/ur_force_controller/install.log --single-version-externally-managed install_data
