[2.020s] Invoking command in '/home/stlab24-04/ira2_ws/src/ur_safety_monitor': DEBUGINFOD_URLS=https://debuginfod.ubuntu.com PYTHONPATH=/home/stlab24-04/ira2_ws/build/ur_safety_monitor/prefix_override:/usr/lib/python3/dist-packages/colcon_core/task/python/colcon_distutils_commands:/home/stlab24-04/ira2_ws/install/ur_safety_monitor/lib/python3.12/site-packages:${PYTHONPATH} /usr/bin/python3 -W ignore:setup.py install is deprecated -W ignore:easy_install command is deprecated setup.py egg_info --egg-base ../../build/ur_safety_monitor build --build-base /home/stlab24-04/ira2_ws/build/ur_safety_monitor/build install --record /home/stlab24-04/ira2_ws/build/ur_safety_monitor/install.log --single-version-externally-managed install_data
[2.473s] running egg_info
[2.509s] writing ../../build/ur_safety_monitor/ur_safety_monitor.egg-info/PKG-INFO
[2.509s] writing dependency_links to ../../build/ur_safety_monitor/ur_safety_monitor.egg-info/dependency_links.txt
[2.510s] writing entry points to ../../build/ur_safety_monitor/ur_safety_monitor.egg-info/entry_points.txt
[2.510s] writing requirements to ../../build/ur_safety_monitor/ur_safety_monitor.egg-info/requires.txt
[2.510s] writing top-level names to ../../build/ur_safety_monitor/ur_safety_monitor.egg-info/top_level.txt
[2.586s] reading manifest file '../../build/ur_safety_monitor/ur_safety_monitor.egg-info/SOURCES.txt'
[2.587s] writing manifest file '../../build/ur_safety_monitor/ur_safety_monitor.egg-info/SOURCES.txt'
[2.587s] running build
[2.587s] running build_py
[2.587s] running install
[2.594s] running install_lib
[2.614s] running install_data
[2.614s] running install_egg_info
[2.635s] removing '/home/stlab24-04/ira2_ws/install/ur_safety_monitor/lib/python3.12/site-packages/ur_safety_monitor-0.0.0-py3.12.egg-info' (and everything under it)
[2.635s] Copying ../../build/ur_safety_monitor/ur_safety_monitor.egg-info to /home/stlab24-04/ira2_ws/install/ur_safety_monitor/lib/python3.12/site-packages/ur_safety_monitor-0.0.0-py3.12.egg-info
[2.636s] running install_scripts
[2.765s] Installing safety_monitor_node script to /home/stlab24-04/ira2_ws/install/ur_safety_monitor/lib/ur_safety_monitor
[2.765s] writing list of installed files to '/home/stlab24-04/ira2_ws/build/ur_safety_monitor/install.log'
[2.809s] Invoked command in '/home/stlab24-04/ira2_ws/src/ur_safety_monitor' returned '0': DEBUGINFOD_URLS=https://debuginfod.ubuntu.com PYTHONPATH=/home/stlab24-04/ira2_ws/build/ur_safety_monitor/prefix_override:/usr/lib/python3/dist-packages/colcon_core/task/python/colcon_distutils_commands:/home/stlab24-04/ira2_ws/install/ur_safety_monitor/lib/python3.12/site-packages:${PYTHONPATH} /usr/bin/python3 -W ignore:setup.py install is deprecated -W ignore:easy_install command is deprecated setup.py egg_info --egg-base ../../build/ur_safety_monitor build --build-base /home/stlab24-04/ira2_ws/build/ur_safety_monitor/build install --record /home/stlab24-04/ira2_ws/build/ur_safety_monitor/install.log --single-version-externally-managed install_data
