-- The C compiler identification is GNU 13.3.0
-- The CXX compiler identification is GNU 13.3.0
-- Detecting C compiler ABI info
-- Detecting C compiler ABI info - done
-- Check for working C compiler: /usr/bin/cc - skipped
-- Detecting C compile features
-- Detecting C compile features - done
-- Detecting CXX compiler ABI info
-- Detecting CXX compiler ABI info - done
-- Check for working CXX compiler: /usr/bin/c++ - skipped
-- Detecting CXX compile features
-- Detecting CXX compile features - done
-- Found ament_cmake: 2.5.4 (/opt/ros/jazzy/share/ament_cmake/cmake)
-- Found Python3: /usr/bin/python3 (found version "3.12.3") found components: Interpreter 
-- Found rclcpp: 28.1.9 (/opt/ros/jazzy/share/rclcpp/cmake)
-- Found rosidl_generator_c: 4.6.5 (/opt/ros/jazzy/share/rosidl_generator_c/cmake)
-- Found rosidl_generator_cpp: 4.6.5 (/opt/ros/jazzy/share/rosidl_generator_cpp/cmake)
-- Using all available rosidl_typesupport_c: rosidl_typesupport_fastrtps_c;rosidl_typesupport_introspection_c
-- Using all available rosidl_typesupport_cpp: rosidl_typesupport_fastrtps_cpp;rosidl_typesupport_introspection_cpp
-- Found rmw_implementation_cmake: 7.3.2 (/opt/ros/jazzy/share/rmw_implementation_cmake/cmake)
-- Found rmw_fastrtps_cpp: 8.4.2 (/opt/ros/jazzy/share/rmw_fastrtps_cpp/cmake)
-- Found OpenSSL: /usr/lib/x86_64-linux-gnu/libcrypto.so (found version "3.0.13")  
-- Found FastRTPS: /opt/ros/jazzy/include (Required is at least version "2.13") 
-- Using RMW implementation 'rmw_fastrtps_cpp' as default
-- Found std_msgs: 5.3.6 (/opt/ros/jazzy/share/std_msgs/cmake)
-- Found rosidl_default_generators: 1.6.0 (/opt/ros/jazzy/share/rosidl_default_generators/cmake)
-- Found rosidl_adapter: 4.6.5 (/opt/ros/jazzy/share/rosidl_adapter/cmake)
-- Found geometry_msgs: 5.3.6 (/opt/ros/jazzy/share/geometry_msgs/cmake)
-- Found tf2: 0.36.10 (/opt/ros/jazzy/share/tf2/cmake)
-- Found sensor_msgs: 5.3.6 (/opt/ros/jazzy/share/sensor_msgs/cmake)
-- Found Boost: /usr/lib/x86_64-linux-gnu/cmake/Boost-1.83.0/BoostConfig.cmake (found version "1.83.0") found components: system 
-- Found Boost: /usr/lib/x86_64-linux-gnu/cmake/Boost-1.83.0/BoostConfig.cmake (found version "1.83.0") found components: system thread 
-- Found ament_cmake_ros: 0.12.0 (/opt/ros/jazzy/share/ament_cmake_ros/cmake)
-- Using all available rosidl_typesupport_c: rosidl_typesupport_fastrtps_c;rosidl_typesupport_introspection_c
-- Using all available rosidl_typesupport_cpp: rosidl_typesupport_fastrtps_cpp;rosidl_typesupport_introspection_cpp
-- Found python_cmake_module: 0.11.1 (/opt/ros/jazzy/share/python_cmake_module/cmake)
-- Found PythonExtra: /usr/bin/python3  
-- Found Python3: /usr/bin/python3 (found version "3.12.3") found components: Interpreter Development NumPy Development.Module Development.Embed 
-- Found ament_lint_auto: 0.17.2 (/opt/ros/jazzy/share/ament_lint_auto/cmake)
-- Added test 'cppcheck' to perform static code analysis on C / C++ code
-- Configured cppcheck include dirs: 
-- Configured cppcheck exclude dirs and/or files: 
-- Added test 'flake8' to check Python code syntax and style conventions
-- Configured 'flake8' exclude dirs and/or files: 
-- Added test 'lint_cmake' to check CMake code style
-- Added test 'pep257' to check Python code against some of the docstring style conventions in PEP 257
-- Added test 'uncrustify' to check C / C++ code style
-- Configured uncrustify additional arguments: 
-- Added test 'xmllint' to check XML markup files
-- Configuring done (3.7s)
-- Generating done (0.0s)
-- Build files have been written to: /home/stlab24-04/ira2_ws/build/unity_robotics_ira2
[  1%] [32mBuilding CXX object CMakeFiles/unity_control.dir/src/unity_control.cpp.o[0m
[  6%] [32mBuilding CXX object CMakeFiles/robot_control.dir/src/robot_control.cpp.o[0m
[  6%] [32mBuilding CXX object CMakeFiles/get_force.dir/src/get_force.cpp.o[0m
[  6%] [32mBuilding CXX object CMakeFiles/joints_sub.dir/src/joints_sub.cpp.o[0m
[  6%] [32mBuilding CXX object CMakeFiles/unity_control_v2.dir/src/unity_control_v2.cpp.o[0m
[  7%] [34m[1mGenerating type hashes for ROS interfaces[0m
[  7%] Built target ament_cmake_python_copy_unity_robotics_ira2
[  7%] Built target unity_robotics_ira2__rosidl_generator_type_description
[  8%] [34m[1mGenerating C code for ROS interfaces[0m
running egg_info
creating unity_robotics_ira2.egg-info
[  9%] [34m[1mGenerating C++ code for ROS interfaces[0m
writing unity_robotics_ira2.egg-info/PKG-INFO
writing dependency_links to unity_robotics_ira2.egg-info/dependency_links.txt
writing top-level names to unity_robotics_ira2.egg-info/top_level.txt
writing manifest file 'unity_robotics_ira2.egg-info/SOURCES.txt'
reading manifest file 'unity_robotics_ira2.egg-info/SOURCES.txt'
writing manifest file 'unity_robotics_ira2.egg-info/SOURCES.txt'
[  9%] Built target ament_cmake_python_build_unity_robotics_ira2_egg
[  9%] Built target unity_robotics_ira2__cpp
[ 20%] [32mBuilding C object CMakeFiles/unity_robotics_ira2__rosidl_generator_c.dir/rosidl_generator_c/unity_robotics_ira2/msg/detail/unity_color__functions.c.o[0m
[ 20%] [32mBuilding C object CMakeFiles/unity_robotics_ira2__rosidl_generator_c.dir/rosidl_generator_c/unity_robotics_ira2/msg/detail/pos_rot__description.c.o[0m
[ 20%] [32mBuilding C object CMakeFiles/unity_robotics_ira2__rosidl_generator_c.dir/rosidl_generator_c/unity_robotics_ira2/msg/detail/unity_color__type_support.c.o[0m
[ 20%] [32mBuilding C object CMakeFiles/unity_robotics_ira2__rosidl_generator_c.dir/rosidl_generator_c/unity_robotics_ira2/srv/detail/object_pose_service__functions.c.o[0m
[ 20%] [32mBuilding C object CMakeFiles/unity_robotics_ira2__rosidl_generator_c.dir/rosidl_generator_c/unity_robotics_ira2/msg/detail/pos_rot__type_support.c.o[0m
[ 20%] [32mBuilding C object CMakeFiles/unity_robotics_ira2__rosidl_generator_c.dir/rosidl_generator_c/unity_robotics_ira2/msg/detail/unity_color__description.c.o[0m
[ 20%] [32mBuilding C object CMakeFiles/unity_robotics_ira2__rosidl_generator_c.dir/rosidl_generator_c/unity_robotics_ira2/msg/detail/pos_rot__functions.c.o[0m
[ 20%] [32mBuilding C object CMakeFiles/unity_robotics_ira2__rosidl_generator_c.dir/rosidl_generator_c/unity_robotics_ira2/srv/detail/object_pose_service__description.c.o[0m
[ 20%] [32mBuilding C object CMakeFiles/unity_robotics_ira2__rosidl_generator_c.dir/rosidl_generator_c/unity_robotics_ira2/srv/detail/position_service__type_support.c.o[0m
[ 23%] [32mBuilding C object CMakeFiles/unity_robotics_ira2__rosidl_generator_c.dir/rosidl_generator_c/unity_robotics_ira2/srv/detail/position_service__description.c.o[0m
[ 23%] [32mBuilding C object CMakeFiles/unity_robotics_ira2__rosidl_generator_c.dir/rosidl_generator_c/unity_robotics_ira2/srv/detail/position_service__functions.c.o[0m
[ 24%] [32mBuilding C object CMakeFiles/unity_robotics_ira2__rosidl_generator_c.dir/rosidl_generator_c/unity_robotics_ira2/srv/detail/object_pose_service__type_support.c.o[0m
[ 25%] [32m[1mLinking C shared library libunity_robotics_ira2__rosidl_generator_c.so[0m
[ 25%] Built target unity_robotics_ira2__rosidl_generator_c
[ 26%] [34m[1mGenerating C++ type support dispatch for ROS interfaces[0m
[ 28%] [34m[1mGenerating C introspection for ROS interfaces[0m
[ 29%] [34m[1mGenerating C type support dispatch for ROS interfaces[0m
[ 32%] [34m[1mGenerating C type support for eProsima Fast-RTPS[0m
[ 32%] [34m[1mGenerating C++ introspection for ROS interfaces[0m
[ 32%] [34m[1mGenerating C++ type support for eProsima Fast-RTPS[0m
[ 42%] [32mBuilding CXX object CMakeFiles/unity_robotics_ira2__rosidl_typesupport_cpp.dir/rosidl_typesupport_cpp/unity_robotics_ira2/msg/pos_rot__type_support.cpp.o[0m
[ 42%] [32mBuilding CXX object CMakeFiles/unity_robotics_ira2__rosidl_typesupport_cpp.dir/rosidl_typesupport_cpp/unity_robotics_ira2/srv/object_pose_service__type_support.cpp.o[0m
[ 42%] [32mBuilding CXX object CMakeFiles/unity_robotics_ira2__rosidl_typesupport_c.dir/rosidl_typesupport_c/unity_robotics_ira2/srv/object_pose_service__type_support.cpp.o[0m
[ 42%] [32mBuilding CXX object CMakeFiles/unity_robotics_ira2__rosidl_typesupport_c.dir/rosidl_typesupport_c/unity_robotics_ira2/msg/unity_color__type_support.cpp.o[0m
[ 42%] [32mBuilding CXX object CMakeFiles/unity_robotics_ira2__rosidl_typesupport_cpp.dir/rosidl_typesupport_cpp/unity_robotics_ira2/srv/position_service__type_support.cpp.o[0m
[ 42%] [32mBuilding CXX object CMakeFiles/unity_robotics_ira2__rosidl_typesupport_cpp.dir/rosidl_typesupport_cpp/unity_robotics_ira2/msg/unity_color__type_support.cpp.o[0m
[ 42%] [32mBuilding CXX object CMakeFiles/unity_robotics_ira2__rosidl_typesupport_c.dir/rosidl_typesupport_c/unity_robotics_ira2/msg/pos_rot__type_support.cpp.o[0m
[ 42%] [32mBuilding CXX object CMakeFiles/unity_robotics_ira2__rosidl_typesupport_c.dir/rosidl_typesupport_c/unity_robotics_ira2/srv/position_service__type_support.cpp.o[0m
[ 43%] [32m[1mLinking CXX shared library libunity_robotics_ira2__rosidl_typesupport_c.so[0m
[ 43%] Built target unity_robotics_ira2__rosidl_typesupport_c
[ 45%] [32mBuilding CXX object CMakeFiles/unity_robotics_ira2__rosidl_typesupport_introspection_cpp.dir/rosidl_typesupport_introspection_cpp/unity_robotics_ira2/msg/detail/pos_rot__type_support.cpp.o[0m
[ 48%] [32mBuilding CXX object CMakeFiles/unity_robotics_ira2__rosidl_typesupport_introspection_cpp.dir/rosidl_typesupport_introspection_cpp/unity_robotics_ira2/srv/detail/position_service__type_support.cpp.o[0m
[ 48%] [32mBuilding CXX object CMakeFiles/unity_robotics_ira2__rosidl_typesupport_introspection_cpp.dir/rosidl_typesupport_introspection_cpp/unity_robotics_ira2/srv/detail/object_pose_service__type_support.cpp.o[0m
[ 48%] [32mBuilding CXX object CMakeFiles/unity_robotics_ira2__rosidl_typesupport_introspection_cpp.dir/rosidl_typesupport_introspection_cpp/unity_robotics_ira2/msg/detail/unity_color__type_support.cpp.o[0m
[ 52%] [32mBuilding C object CMakeFiles/unity_robotics_ira2__rosidl_typesupport_introspection_c.dir/rosidl_typesupport_introspection_c/unity_robotics_ira2/srv/detail/object_pose_service__type_support.c.o[0m
[ 51%] [32mBuilding C object CMakeFiles/unity_robotics_ira2__rosidl_typesupport_introspection_c.dir/rosidl_typesupport_introspection_c/unity_robotics_ira2/msg/detail/pos_rot__type_support.c.o[0m
[ 52%] [32mBuilding C object CMakeFiles/unity_robotics_ira2__rosidl_typesupport_introspection_c.dir/rosidl_typesupport_introspection_c/unity_robotics_ira2/srv/detail/position_service__type_support.c.o[0m
[ 53%] [32mBuilding C object CMakeFiles/unity_robotics_ira2__rosidl_typesupport_introspection_c.dir/rosidl_typesupport_introspection_c/unity_robotics_ira2/msg/detail/unity_color__type_support.c.o[0m
[ 54%] [32m[1mLinking C shared library libunity_robotics_ira2__rosidl_typesupport_introspection_c.so[0m
[ 57%] [32mBuilding CXX object CMakeFiles/unity_robotics_ira2__rosidl_typesupport_fastrtps_c.dir/rosidl_typesupport_fastrtps_c/unity_robotics_ira2/msg/detail/pos_rot__type_support_c.cpp.o[0m
[ 57%] [32mBuilding CXX object CMakeFiles/unity_robotics_ira2__rosidl_typesupport_fastrtps_c.dir/rosidl_typesupport_fastrtps_c/unity_robotics_ira2/srv/detail/object_pose_service__type_support_c.cpp.o[0m
[ 58%] [32mBuilding CXX object CMakeFiles/unity_robotics_ira2__rosidl_typesupport_fastrtps_c.dir/rosidl_typesupport_fastrtps_c/unity_robotics_ira2/msg/detail/unity_color__type_support_c.cpp.o[0m
[ 59%] [32mBuilding CXX object CMakeFiles/unity_robotics_ira2__rosidl_typesupport_fastrtps_c.dir/rosidl_typesupport_fastrtps_c/unity_robotics_ira2/srv/detail/position_service__type_support_c.cpp.o[0m
[ 63%] [32mBuilding CXX object CMakeFiles/unity_robotics_ira2__rosidl_typesupport_fastrtps_cpp.dir/rosidl_typesupport_fastrtps_cpp/unity_robotics_ira2/msg/detail/dds_fastrtps/pos_rot__type_support.cpp.o[0m
[ 63%] [32mBuilding CXX object CMakeFiles/unity_robotics_ira2__rosidl_typesupport_fastrtps_cpp.dir/rosidl_typesupport_fastrtps_cpp/unity_robotics_ira2/srv/detail/dds_fastrtps/object_pose_service__type_support.cpp.o[0m
[ 63%] [32mBuilding CXX object CMakeFiles/unity_robotics_ira2__rosidl_typesupport_fastrtps_cpp.dir/rosidl_typesupport_fastrtps_cpp/unity_robotics_ira2/msg/detail/dds_fastrtps/unity_color__type_support.cpp.o[0m
[ 63%] Built target unity_robotics_ira2__rosidl_typesupport_introspection_c
[ 64%] [32mBuilding CXX object CMakeFiles/unity_robotics_ira2__rosidl_typesupport_fastrtps_cpp.dir/rosidl_typesupport_fastrtps_cpp/unity_robotics_ira2/srv/detail/dds_fastrtps/position_service__type_support.cpp.o[0m
[ 65%] [32m[1mLinking CXX shared library libunity_robotics_ira2__rosidl_typesupport_cpp.so[0m
[ 65%] Built target unity_robotics_ira2__rosidl_typesupport_cpp
[ 67%] [32m[1mLinking CXX shared library libunity_robotics_ira2__rosidl_typesupport_introspection_cpp.so[0m
[ 67%] Built target unity_robotics_ira2__rosidl_typesupport_introspection_cpp
[ 68%] [32m[1mLinking CXX shared library libunity_robotics_ira2__rosidl_typesupport_fastrtps_c.so[0m
[ 68%] Built target unity_robotics_ira2__rosidl_typesupport_fastrtps_c
[ 69%] [32m[1mLinking CXX shared library libunity_robotics_ira2__rosidl_typesupport_fastrtps_cpp.so[0m
[ 69%] Built target unity_robotics_ira2__rosidl_typesupport_fastrtps_cpp
[ 69%] Built target unity_robotics_ira2
[ 73%] [34m[1mGenerating Python code for ROS interfaces[0m
[ 73%] [32mBuilding CXX object CMakeFiles/haptic_control.dir/src/haptic_control.cpp.o[0m
[ 73%] [32mBuilding CXX object CMakeFiles/position_service.dir/src/position_service.cpp.o[0m
[ 74%] [32mBuilding CXX object CMakeFiles/haptic_control2.dir/src/haptic_control2.cpp.o[0m
[ 75%] [32mBuilding CXX object CMakeFiles/color_publisher.dir/src/color_publisher.cpp.o[0m
[ 75%] Built target unity_robotics_ira2__py
[ 76%] [32mBuilding C object CMakeFiles/unity_robotics_ira2__rosidl_generator_py.dir/rosidl_generator_py/unity_robotics_ira2/srv/_position_service_s.c.o[0m
[ 78%] [32mBuilding C object CMakeFiles/unity_robotics_ira2__rosidl_generator_py.dir/rosidl_generator_py/unity_robotics_ira2/srv/_object_pose_service_s.c.o[0m
[ 79%] [32mBuilding C object CMakeFiles/unity_robotics_ira2__rosidl_generator_py.dir/rosidl_generator_py/unity_robotics_ira2/msg/_pos_rot_s.c.o[0m
[ 80%] [32mBuilding C object CMakeFiles/unity_robotics_ira2__rosidl_generator_py.dir/rosidl_generator_py/unity_robotics_ira2/msg/_unity_color_s.c.o[0m
[ 81%] [32m[1mLinking C shared library libunity_robotics_ira2__rosidl_generator_py.so[0m
[ 81%] Built target unity_robotics_ira2__rosidl_generator_py
[ 82%] [32mBuilding C object CMakeFiles/unity_robotics_ira2_s__rosidl_typesupport_c.dir/rosidl_generator_py/unity_robotics_ira2/_unity_robotics_ira2_s.ep.rosidl_typesupport_c.c.o[0m
[ 85%] [32mBuilding C object CMakeFiles/unity_robotics_ira2_s__rosidl_typesupport_introspection_c.dir/rosidl_generator_py/unity_robotics_ira2/_unity_robotics_ira2_s.ep.rosidl_typesupport_introspection_c.c.o[0m
[ 85%] [32mBuilding C object CMakeFiles/unity_robotics_ira2_s__rosidl_typesupport_fastrtps_c.dir/rosidl_generator_py/unity_robotics_ira2/_unity_robotics_ira2_s.ep.rosidl_typesupport_fastrtps_c.c.o[0m
[ 86%] [32m[1mLinking C shared module rosidl_generator_py/unity_robotics_ira2/unity_robotics_ira2_s__rosidl_typesupport_c.so[0m
[ 86%] Built target unity_robotics_ira2_s__rosidl_typesupport_c
[ 87%] [32m[1mLinking C shared module rosidl_generator_py/unity_robotics_ira2/unity_robotics_ira2_s__rosidl_typesupport_fastrtps_c.so[0m
[ 89%] [32m[1mLinking C shared module rosidl_generator_py/unity_robotics_ira2/unity_robotics_ira2_s__rosidl_typesupport_introspection_c.so[0m
[ 89%] Built target unity_robotics_ira2_s__rosidl_typesupport_fastrtps_c
[ 89%] Built target unity_robotics_ira2_s__rosidl_typesupport_introspection_c
[ 90%] [32m[1mLinking CXX executable robot_control[0m
[ 90%] Built target robot_control
[ 91%] [32m[1mLinking CXX executable get_force[0m
[ 91%] Built target get_force
[ 92%] [32m[1mLinking CXX executable position_service[0m
[ 92%] Built target position_service
[ 93%] [32m[1mLinking CXX executable color_publisher[0m
[ 93%] Built target color_publisher
[ 95%] [32m[1mLinking CXX executable joints_sub[0m
[ 95%] Built target joints_sub
[ 96%] [32m[1mLinking CXX executable unity_control_v2[0m
[ 97%] [32m[1mLinking CXX executable unity_control[0m
[ 97%] Built target unity_control_v2
[ 97%] Built target unity_control
[ 98%] [32m[1mLinking CXX executable haptic_control[0m
[ 98%] Built target haptic_control
[100%] [32m[1mLinking CXX executable haptic_control2[0m
[100%] Built target haptic_control2
-- Install configuration: ""
-- Installing: /home/stlab24-04/ira2_ws/install/unity_robotics_ira2/share/ament_index/resource_index/rosidl_interfaces/unity_robotics_ira2
-- Installing: /home/stlab24-04/ira2_ws/install/unity_robotics_ira2/share/unity_robotics_ira2/msg/PosRot.json
-- Installing: /home/stlab24-04/ira2_ws/install/unity_robotics_ira2/share/unity_robotics_ira2/msg/UnityColor.json
-- Installing: /home/stlab24-04/ira2_ws/install/unity_robotics_ira2/share/unity_robotics_ira2/srv/PositionService.json
-- Installing: /home/stlab24-04/ira2_ws/install/unity_robotics_ira2/share/unity_robotics_ira2/srv/ObjectPoseService.json
-- Installing: /home/stlab24-04/ira2_ws/install/unity_robotics_ira2/include/unity_robotics_ira2/unity_robotics_ira2
-- Installing: /home/stlab24-04/ira2_ws/install/unity_robotics_ira2/include/unity_robotics_ira2/unity_robotics_ira2/srv
-- Installing: /home/stlab24-04/ira2_ws/install/unity_robotics_ira2/include/unity_robotics_ira2/unity_robotics_ira2/srv/position_service.h
-- Installing: /home/stlab24-04/ira2_ws/install/unity_robotics_ira2/include/unity_robotics_ira2/unity_robotics_ira2/srv/detail
-- Installing: /home/stlab24-04/ira2_ws/install/unity_robotics_ira2/include/unity_robotics_ira2/unity_robotics_ira2/srv/detail/position_service__struct.h
-- Installing: /home/stlab24-04/ira2_ws/install/unity_robotics_ira2/include/unity_robotics_ira2/unity_robotics_ira2/srv/detail/object_pose_service__struct.h
-- Installing: /home/stlab24-04/ira2_ws/install/unity_robotics_ira2/include/unity_robotics_ira2/unity_robotics_ira2/srv/detail/object_pose_service__functions.h
-- Installing: /home/stlab24-04/ira2_ws/install/unity_robotics_ira2/include/unity_robotics_ira2/unity_robotics_ira2/srv/detail/position_service__type_support.h
-- Installing: /home/stlab24-04/ira2_ws/install/unity_robotics_ira2/include/unity_robotics_ira2/unity_robotics_ira2/srv/detail/object_pose_service__functions.c
-- Installing: /home/stlab24-04/ira2_ws/install/unity_robotics_ira2/include/unity_robotics_ira2/unity_robotics_ira2/srv/detail/object_pose_service__type_support.c
-- Installing: /home/stlab24-04/ira2_ws/install/unity_robotics_ira2/include/unity_robotics_ira2/unity_robotics_ira2/srv/detail/object_pose_service__description.c
-- Installing: /home/stlab24-04/ira2_ws/install/unity_robotics_ira2/include/unity_robotics_ira2/unity_robotics_ira2/srv/detail/position_service__type_support.c
-- Installing: /home/stlab24-04/ira2_ws/install/unity_robotics_ira2/include/unity_robotics_ira2/unity_robotics_ira2/srv/detail/position_service__description.c
-- Installing: /home/stlab24-04/ira2_ws/install/unity_robotics_ira2/include/unity_robotics_ira2/unity_robotics_ira2/srv/detail/position_service__functions.c
-- Installing: /home/stlab24-04/ira2_ws/install/unity_robotics_ira2/include/unity_robotics_ira2/unity_robotics_ira2/srv/detail/object_pose_service__type_support.h
-- Installing: /home/stlab24-04/ira2_ws/install/unity_robotics_ira2/include/unity_robotics_ira2/unity_robotics_ira2/srv/detail/position_service__functions.h
-- Installing: /home/stlab24-04/ira2_ws/install/unity_robotics_ira2/include/unity_robotics_ira2/unity_robotics_ira2/srv/object_pose_service.h
-- Installing: /home/stlab24-04/ira2_ws/install/unity_robotics_ira2/include/unity_robotics_ira2/unity_robotics_ira2/msg
-- Installing: /home/stlab24-04/ira2_ws/install/unity_robotics_ira2/include/unity_robotics_ira2/unity_robotics_ira2/msg/unity_color.h
-- Installing: /home/stlab24-04/ira2_ws/install/unity_robotics_ira2/include/unity_robotics_ira2/unity_robotics_ira2/msg/detail
-- Installing: /home/stlab24-04/ira2_ws/install/unity_robotics_ira2/include/unity_robotics_ira2/unity_robotics_ira2/msg/detail/pos_rot__type_support.c
-- Installing: /home/stlab24-04/ira2_ws/install/unity_robotics_ira2/include/unity_robotics_ira2/unity_robotics_ira2/msg/detail/pos_rot__type_support.h
-- Installing: /home/stlab24-04/ira2_ws/install/unity_robotics_ira2/include/unity_robotics_ira2/unity_robotics_ira2/msg/detail/pos_rot__functions.c
-- Installing: /home/stlab24-04/ira2_ws/install/unity_robotics_ira2/include/unity_robotics_ira2/unity_robotics_ira2/msg/detail/unity_color__functions.c
-- Installing: /home/stlab24-04/ira2_ws/install/unity_robotics_ira2/include/unity_robotics_ira2/unity_robotics_ira2/msg/detail/pos_rot__functions.h
-- Installing: /home/stlab24-04/ira2_ws/install/unity_robotics_ira2/include/unity_robotics_ira2/unity_robotics_ira2/msg/detail/pos_rot__description.c
-- Installing: /home/stlab24-04/ira2_ws/install/unity_robotics_ira2/include/unity_robotics_ira2/unity_robotics_ira2/msg/detail/unity_color__type_support.h
-- Installing: /home/stlab24-04/ira2_ws/install/unity_robotics_ira2/include/unity_robotics_ira2/unity_robotics_ira2/msg/detail/pos_rot__struct.h
-- Installing: /home/stlab24-04/ira2_ws/install/unity_robotics_ira2/include/unity_robotics_ira2/unity_robotics_ira2/msg/detail/unity_color__struct.h
-- Installing: /home/stlab24-04/ira2_ws/install/unity_robotics_ira2/include/unity_robotics_ira2/unity_robotics_ira2/msg/detail/unity_color__functions.h
-- Installing: /home/stlab24-04/ira2_ws/install/unity_robotics_ira2/include/unity_robotics_ira2/unity_robotics_ira2/msg/detail/unity_color__description.c
-- Installing: /home/stlab24-04/ira2_ws/install/unity_robotics_ira2/include/unity_robotics_ira2/unity_robotics_ira2/msg/detail/unity_color__type_support.c
-- Installing: /home/stlab24-04/ira2_ws/install/unity_robotics_ira2/include/unity_robotics_ira2/unity_robotics_ira2/msg/pos_rot.h
-- Installing: /home/stlab24-04/ira2_ws/install/unity_robotics_ira2/include/unity_robotics_ira2/unity_robotics_ira2/msg/rosidl_generator_c__visibility_control.h
-- Installing: /home/stlab24-04/ira2_ws/install/unity_robotics_ira2/share/unity_robotics_ira2/environment/library_path.sh
-- Installing: /home/stlab24-04/ira2_ws/install/unity_robotics_ira2/share/unity_robotics_ira2/environment/library_path.dsv
-- Installing: /home/stlab24-04/ira2_ws/install/unity_robotics_ira2/lib/libunity_robotics_ira2__rosidl_generator_c.so
-- Set non-toolchain portion of runtime path of "/home/stlab24-04/ira2_ws/install/unity_robotics_ira2/lib/libunity_robotics_ira2__rosidl_generator_c.so" to ""
-- Up-to-date: /home/stlab24-04/ira2_ws/install/unity_robotics_ira2/include/unity_robotics_ira2/unity_robotics_ira2
-- Up-to-date: /home/stlab24-04/ira2_ws/install/unity_robotics_ira2/include/unity_robotics_ira2/unity_robotics_ira2/srv
-- Up-to-date: /home/stlab24-04/ira2_ws/install/unity_robotics_ira2/include/unity_robotics_ira2/unity_robotics_ira2/srv/detail
-- Installing: /home/stlab24-04/ira2_ws/install/unity_robotics_ira2/include/unity_robotics_ira2/unity_robotics_ira2/srv/detail/object_pose_service__rosidl_typesupport_fastrtps_c.h
-- Installing: /home/stlab24-04/ira2_ws/install/unity_robotics_ira2/include/unity_robotics_ira2/unity_robotics_ira2/srv/detail/position_service__rosidl_typesupport_fastrtps_c.h
-- Up-to-date: /home/stlab24-04/ira2_ws/install/unity_robotics_ira2/include/unity_robotics_ira2/unity_robotics_ira2/msg
-- Installing: /home/stlab24-04/ira2_ws/install/unity_robotics_ira2/include/unity_robotics_ira2/unity_robotics_ira2/msg/rosidl_typesupport_fastrtps_c__visibility_control.h
-- Up-to-date: /home/stlab24-04/ira2_ws/install/unity_robotics_ira2/include/unity_robotics_ira2/unity_robotics_ira2/msg/detail
-- Installing: /home/stlab24-04/ira2_ws/install/unity_robotics_ira2/include/unity_robotics_ira2/unity_robotics_ira2/msg/detail/unity_color__rosidl_typesupport_fastrtps_c.h
-- Installing: /home/stlab24-04/ira2_ws/install/unity_robotics_ira2/include/unity_robotics_ira2/unity_robotics_ira2/msg/detail/pos_rot__rosidl_typesupport_fastrtps_c.h
-- Installing: /home/stlab24-04/ira2_ws/install/unity_robotics_ira2/lib/libunity_robotics_ira2__rosidl_typesupport_fastrtps_c.so
-- Set non-toolchain portion of runtime path of "/home/stlab24-04/ira2_ws/install/unity_robotics_ira2/lib/libunity_robotics_ira2__rosidl_typesupport_fastrtps_c.so" to ""
-- Up-to-date: /home/stlab24-04/ira2_ws/install/unity_robotics_ira2/include/unity_robotics_ira2/unity_robotics_ira2
-- Up-to-date: /home/stlab24-04/ira2_ws/install/unity_robotics_ira2/include/unity_robotics_ira2/unity_robotics_ira2/srv
-- Installing: /home/stlab24-04/ira2_ws/install/unity_robotics_ira2/include/unity_robotics_ira2/unity_robotics_ira2/srv/object_pose_service.hpp
-- Up-to-date: /home/stlab24-04/ira2_ws/install/unity_robotics_ira2/include/unity_robotics_ira2/unity_robotics_ira2/srv/detail
-- Installing: /home/stlab24-04/ira2_ws/install/unity_robotics_ira2/include/unity_robotics_ira2/unity_robotics_ira2/srv/detail/object_pose_service__struct.hpp
-- Installing: /home/stlab24-04/ira2_ws/install/unity_robotics_ira2/include/unity_robotics_ira2/unity_robotics_ira2/srv/detail/position_service__builder.hpp
-- Installing: /home/stlab24-04/ira2_ws/install/unity_robotics_ira2/include/unity_robotics_ira2/unity_robotics_ira2/srv/detail/position_service__traits.hpp
-- Installing: /home/stlab24-04/ira2_ws/install/unity_robotics_ira2/include/unity_robotics_ira2/unity_robotics_ira2/srv/detail/object_pose_service__builder.hpp
-- Installing: /home/stlab24-04/ira2_ws/install/unity_robotics_ira2/include/unity_robotics_ira2/unity_robotics_ira2/srv/detail/object_pose_service__traits.hpp
-- Installing: /home/stlab24-04/ira2_ws/install/unity_robotics_ira2/include/unity_robotics_ira2/unity_robotics_ira2/srv/detail/object_pose_service__type_support.hpp
-- Installing: /home/stlab24-04/ira2_ws/install/unity_robotics_ira2/include/unity_robotics_ira2/unity_robotics_ira2/srv/detail/position_service__type_support.hpp
-- Installing: /home/stlab24-04/ira2_ws/install/unity_robotics_ira2/include/unity_robotics_ira2/unity_robotics_ira2/srv/detail/position_service__struct.hpp
-- Installing: /home/stlab24-04/ira2_ws/install/unity_robotics_ira2/include/unity_robotics_ira2/unity_robotics_ira2/srv/position_service.hpp
-- Up-to-date: /home/stlab24-04/ira2_ws/install/unity_robotics_ira2/include/unity_robotics_ira2/unity_robotics_ira2/msg
-- Installing: /home/stlab24-04/ira2_ws/install/unity_robotics_ira2/include/unity_robotics_ira2/unity_robotics_ira2/msg/pos_rot.hpp
-- Installing: /home/stlab24-04/ira2_ws/install/unity_robotics_ira2/include/unity_robotics_ira2/unity_robotics_ira2/msg/rosidl_generator_cpp__visibility_control.hpp
-- Up-to-date: /home/stlab24-04/ira2_ws/install/unity_robotics_ira2/include/unity_robotics_ira2/unity_robotics_ira2/msg/detail
-- Installing: /home/stlab24-04/ira2_ws/install/unity_robotics_ira2/include/unity_robotics_ira2/unity_robotics_ira2/msg/detail/pos_rot__struct.hpp
-- Installing: /home/stlab24-04/ira2_ws/install/unity_robotics_ira2/include/unity_robotics_ira2/unity_robotics_ira2/msg/detail/unity_color__type_support.hpp
-- Installing: /home/stlab24-04/ira2_ws/install/unity_robotics_ira2/include/unity_robotics_ira2/unity_robotics_ira2/msg/detail/pos_rot__type_support.hpp
-- Installing: /home/stlab24-04/ira2_ws/install/unity_robotics_ira2/include/unity_robotics_ira2/unity_robotics_ira2/msg/detail/unity_color__builder.hpp
-- Installing: /home/stlab24-04/ira2_ws/install/unity_robotics_ira2/include/unity_robotics_ira2/unity_robotics_ira2/msg/detail/unity_color__traits.hpp
-- Installing: /home/stlab24-04/ira2_ws/install/unity_robotics_ira2/include/unity_robotics_ira2/unity_robotics_ira2/msg/detail/pos_rot__builder.hpp
-- Installing: /home/stlab24-04/ira2_ws/install/unity_robotics_ira2/include/unity_robotics_ira2/unity_robotics_ira2/msg/detail/unity_color__struct.hpp
-- Installing: /home/stlab24-04/ira2_ws/install/unity_robotics_ira2/include/unity_robotics_ira2/unity_robotics_ira2/msg/detail/pos_rot__traits.hpp
-- Installing: /home/stlab24-04/ira2_ws/install/unity_robotics_ira2/include/unity_robotics_ira2/unity_robotics_ira2/msg/unity_color.hpp
-- Up-to-date: /home/stlab24-04/ira2_ws/install/unity_robotics_ira2/include/unity_robotics_ira2/unity_robotics_ira2
-- Up-to-date: /home/stlab24-04/ira2_ws/install/unity_robotics_ira2/include/unity_robotics_ira2/unity_robotics_ira2/srv
-- Up-to-date: /home/stlab24-04/ira2_ws/install/unity_robotics_ira2/include/unity_robotics_ira2/unity_robotics_ira2/srv/detail
-- Installing: /home/stlab24-04/ira2_ws/install/unity_robotics_ira2/include/unity_robotics_ira2/unity_robotics_ira2/srv/detail/object_pose_service__rosidl_typesupport_fastrtps_cpp.hpp
-- Installing: /home/stlab24-04/ira2_ws/install/unity_robotics_ira2/include/unity_robotics_ira2/unity_robotics_ira2/srv/detail/dds_fastrtps
-- Installing: /home/stlab24-04/ira2_ws/install/unity_robotics_ira2/include/unity_robotics_ira2/unity_robotics_ira2/srv/detail/position_service__rosidl_typesupport_fastrtps_cpp.hpp
-- Up-to-date: /home/stlab24-04/ira2_ws/install/unity_robotics_ira2/include/unity_robotics_ira2/unity_robotics_ira2/msg
-- Installing: /home/stlab24-04/ira2_ws/install/unity_robotics_ira2/include/unity_robotics_ira2/unity_robotics_ira2/msg/rosidl_typesupport_fastrtps_cpp__visibility_control.h
-- Up-to-date: /home/stlab24-04/ira2_ws/install/unity_robotics_ira2/include/unity_robotics_ira2/unity_robotics_ira2/msg/detail
-- Installing: /home/stlab24-04/ira2_ws/install/unity_robotics_ira2/include/unity_robotics_ira2/unity_robotics_ira2/msg/detail/dds_fastrtps
-- Installing: /home/stlab24-04/ira2_ws/install/unity_robotics_ira2/include/unity_robotics_ira2/unity_robotics_ira2/msg/detail/unity_color__rosidl_typesupport_fastrtps_cpp.hpp
-- Installing: /home/stlab24-04/ira2_ws/install/unity_robotics_ira2/include/unity_robotics_ira2/unity_robotics_ira2/msg/detail/pos_rot__rosidl_typesupport_fastrtps_cpp.hpp
-- Installing: /home/stlab24-04/ira2_ws/install/unity_robotics_ira2/lib/libunity_robotics_ira2__rosidl_typesupport_fastrtps_cpp.so
-- Set non-toolchain portion of runtime path of "/home/stlab24-04/ira2_ws/install/unity_robotics_ira2/lib/libunity_robotics_ira2__rosidl_typesupport_fastrtps_cpp.so" to ""
-- Up-to-date: /home/stlab24-04/ira2_ws/install/unity_robotics_ira2/include/unity_robotics_ira2/unity_robotics_ira2
-- Up-to-date: /home/stlab24-04/ira2_ws/install/unity_robotics_ira2/include/unity_robotics_ira2/unity_robotics_ira2/srv
-- Up-to-date: /home/stlab24-04/ira2_ws/install/unity_robotics_ira2/include/unity_robotics_ira2/unity_robotics_ira2/srv/detail
-- Installing: /home/stlab24-04/ira2_ws/install/unity_robotics_ira2/include/unity_robotics_ira2/unity_robotics_ira2/srv/detail/object_pose_service__rosidl_typesupport_introspection_c.h
-- Up-to-date: /home/stlab24-04/ira2_ws/install/unity_robotics_ira2/include/unity_robotics_ira2/unity_robotics_ira2/srv/detail/object_pose_service__type_support.c
-- Installing: /home/stlab24-04/ira2_ws/install/unity_robotics_ira2/include/unity_robotics_ira2/unity_robotics_ira2/srv/detail/position_service__rosidl_typesupport_introspection_c.h
-- Up-to-date: /home/stlab24-04/ira2_ws/install/unity_robotics_ira2/include/unity_robotics_ira2/unity_robotics_ira2/srv/detail/position_service__type_support.c
-- Up-to-date: /home/stlab24-04/ira2_ws/install/unity_robotics_ira2/include/unity_robotics_ira2/unity_robotics_ira2/msg
-- Installing: /home/stlab24-04/ira2_ws/install/unity_robotics_ira2/include/unity_robotics_ira2/unity_robotics_ira2/msg/rosidl_typesupport_introspection_c__visibility_control.h
-- Up-to-date: /home/stlab24-04/ira2_ws/install/unity_robotics_ira2/include/unity_robotics_ira2/unity_robotics_ira2/msg/detail
-- Installing: /home/stlab24-04/ira2_ws/install/unity_robotics_ira2/include/unity_robotics_ira2/unity_robotics_ira2/msg/detail/pos_rot__type_support.c
-- Installing: /home/stlab24-04/ira2_ws/install/unity_robotics_ira2/include/unity_robotics_ira2/unity_robotics_ira2/msg/detail/unity_color__rosidl_typesupport_introspection_c.h
-- Installing: /home/stlab24-04/ira2_ws/install/unity_robotics_ira2/include/unity_robotics_ira2/unity_robotics_ira2/msg/detail/pos_rot__rosidl_typesupport_introspection_c.h
-- Installing: /home/stlab24-04/ira2_ws/install/unity_robotics_ira2/include/unity_robotics_ira2/unity_robotics_ira2/msg/detail/unity_color__type_support.c
-- Installing: /home/stlab24-04/ira2_ws/install/unity_robotics_ira2/lib/libunity_robotics_ira2__rosidl_typesupport_introspection_c.so
-- Set non-toolchain portion of runtime path of "/home/stlab24-04/ira2_ws/install/unity_robotics_ira2/lib/libunity_robotics_ira2__rosidl_typesupport_introspection_c.so" to ""
-- Installing: /home/stlab24-04/ira2_ws/install/unity_robotics_ira2/lib/libunity_robotics_ira2__rosidl_typesupport_c.so
-- Set non-toolchain portion of runtime path of "/home/stlab24-04/ira2_ws/install/unity_robotics_ira2/lib/libunity_robotics_ira2__rosidl_typesupport_c.so" to ""
-- Up-to-date: /home/stlab24-04/ira2_ws/install/unity_robotics_ira2/include/unity_robotics_ira2/unity_robotics_ira2
-- Up-to-date: /home/stlab24-04/ira2_ws/install/unity_robotics_ira2/include/unity_robotics_ira2/unity_robotics_ira2/srv
-- Up-to-date: /home/stlab24-04/ira2_ws/install/unity_robotics_ira2/include/unity_robotics_ira2/unity_robotics_ira2/srv/detail
-- Installing: /home/stlab24-04/ira2_ws/install/unity_robotics_ira2/include/unity_robotics_ira2/unity_robotics_ira2/srv/detail/position_service__type_support.cpp
-- Installing: /home/stlab24-04/ira2_ws/install/unity_robotics_ira2/include/unity_robotics_ira2/unity_robotics_ira2/srv/detail/position_service__rosidl_typesupport_introspection_cpp.hpp
-- Installing: /home/stlab24-04/ira2_ws/install/unity_robotics_ira2/include/unity_robotics_ira2/unity_robotics_ira2/srv/detail/object_pose_service__type_support.cpp
-- Installing: /home/stlab24-04/ira2_ws/install/unity_robotics_ira2/include/unity_robotics_ira2/unity_robotics_ira2/srv/detail/object_pose_service__rosidl_typesupport_introspection_cpp.hpp
-- Up-to-date: /home/stlab24-04/ira2_ws/install/unity_robotics_ira2/include/unity_robotics_ira2/unity_robotics_ira2/msg
-- Up-to-date: /home/stlab24-04/ira2_ws/install/unity_robotics_ira2/include/unity_robotics_ira2/unity_robotics_ira2/msg/detail
-- Installing: /home/stlab24-04/ira2_ws/install/unity_robotics_ira2/include/unity_robotics_ira2/unity_robotics_ira2/msg/detail/pos_rot__rosidl_typesupport_introspection_cpp.hpp
-- Installing: /home/stlab24-04/ira2_ws/install/unity_robotics_ira2/include/unity_robotics_ira2/unity_robotics_ira2/msg/detail/unity_color__type_support.cpp
-- Installing: /home/stlab24-04/ira2_ws/install/unity_robotics_ira2/include/unity_robotics_ira2/unity_robotics_ira2/msg/detail/pos_rot__type_support.cpp
-- Installing: /home/stlab24-04/ira2_ws/install/unity_robotics_ira2/include/unity_robotics_ira2/unity_robotics_ira2/msg/detail/unity_color__rosidl_typesupport_introspection_cpp.hpp
-- Installing: /home/stlab24-04/ira2_ws/install/unity_robotics_ira2/lib/libunity_robotics_ira2__rosidl_typesupport_introspection_cpp.so
-- Set non-toolchain portion of runtime path of "/home/stlab24-04/ira2_ws/install/unity_robotics_ira2/lib/libunity_robotics_ira2__rosidl_typesupport_introspection_cpp.so" to ""
-- Installing: /home/stlab24-04/ira2_ws/install/unity_robotics_ira2/lib/libunity_robotics_ira2__rosidl_typesupport_cpp.so
-- Set non-toolchain portion of runtime path of "/home/stlab24-04/ira2_ws/install/unity_robotics_ira2/lib/libunity_robotics_ira2__rosidl_typesupport_cpp.so" to ""
-- Installing: /home/stlab24-04/ira2_ws/install/unity_robotics_ira2/share/unity_robotics_ira2/environment/pythonpath.sh
-- Installing: /home/stlab24-04/ira2_ws/install/unity_robotics_ira2/share/unity_robotics_ira2/environment/pythonpath.dsv
-- Installing: /home/stlab24-04/ira2_ws/install/unity_robotics_ira2/lib/python3.12/site-packages/unity_robotics_ira2-0.0.0-py3.12.egg-info
-- Installing: /home/stlab24-04/ira2_ws/install/unity_robotics_ira2/lib/python3.12/site-packages/unity_robotics_ira2-0.0.0-py3.12.egg-info/PKG-INFO
-- Installing: /home/stlab24-04/ira2_ws/install/unity_robotics_ira2/lib/python3.12/site-packages/unity_robotics_ira2-0.0.0-py3.12.egg-info/SOURCES.txt
-- Installing: /home/stlab24-04/ira2_ws/install/unity_robotics_ira2/lib/python3.12/site-packages/unity_robotics_ira2-0.0.0-py3.12.egg-info/top_level.txt
-- Installing: /home/stlab24-04/ira2_ws/install/unity_robotics_ira2/lib/python3.12/site-packages/unity_robotics_ira2-0.0.0-py3.12.egg-info/dependency_links.txt
-- Installing: /home/stlab24-04/ira2_ws/install/unity_robotics_ira2/lib/python3.12/site-packages/unity_robotics_ira2
-- Installing: /home/stlab24-04/ira2_ws/install/unity_robotics_ira2/lib/python3.12/site-packages/unity_robotics_ira2/srv
-- Installing: /home/stlab24-04/ira2_ws/install/unity_robotics_ira2/lib/python3.12/site-packages/unity_robotics_ira2/srv/_object_pose_service_s.c
-- Installing: /home/stlab24-04/ira2_ws/install/unity_robotics_ira2/lib/python3.12/site-packages/unity_robotics_ira2/srv/_position_service_s.c
-- Installing: /home/stlab24-04/ira2_ws/install/unity_robotics_ira2/lib/python3.12/site-packages/unity_robotics_ira2/srv/_position_service.py
-- Installing: /home/stlab24-04/ira2_ws/install/unity_robotics_ira2/lib/python3.12/site-packages/unity_robotics_ira2/srv/__init__.py
-- Installing: /home/stlab24-04/ira2_ws/install/unity_robotics_ira2/lib/python3.12/site-packages/unity_robotics_ira2/srv/_object_pose_service.py
-- Installing: /home/stlab24-04/ira2_ws/install/unity_robotics_ira2/lib/python3.12/site-packages/unity_robotics_ira2/unity_robotics_ira2_s__rosidl_typesupport_fastrtps_c.so
-- Installing: /home/stlab24-04/ira2_ws/install/unity_robotics_ira2/lib/python3.12/site-packages/unity_robotics_ira2/msg
-- Installing: /home/stlab24-04/ira2_ws/install/unity_robotics_ira2/lib/python3.12/site-packages/unity_robotics_ira2/msg/_unity_color.py
-- Installing: /home/stlab24-04/ira2_ws/install/unity_robotics_ira2/lib/python3.12/site-packages/unity_robotics_ira2/msg/_pos_rot_s.c
-- Installing: /home/stlab24-04/ira2_ws/install/unity_robotics_ira2/lib/python3.12/site-packages/unity_robotics_ira2/msg/_pos_rot.py
-- Installing: /home/stlab24-04/ira2_ws/install/unity_robotics_ira2/lib/python3.12/site-packages/unity_robotics_ira2/msg/__init__.py
-- Installing: /home/stlab24-04/ira2_ws/install/unity_robotics_ira2/lib/python3.12/site-packages/unity_robotics_ira2/msg/_unity_color_s.c
-- Installing: /home/stlab24-04/ira2_ws/install/unity_robotics_ira2/lib/python3.12/site-packages/unity_robotics_ira2/_unity_robotics_ira2_s.ep.rosidl_typesupport_fastrtps_c.c
-- Installing: /home/stlab24-04/ira2_ws/install/unity_robotics_ira2/lib/python3.12/site-packages/unity_robotics_ira2/__init__.py
-- Installing: /home/stlab24-04/ira2_ws/install/unity_robotics_ira2/lib/python3.12/site-packages/unity_robotics_ira2/_unity_robotics_ira2_s.ep.rosidl_typesupport_introspection_c.c
-- Installing: /home/stlab24-04/ira2_ws/install/unity_robotics_ira2/lib/python3.12/site-packages/unity_robotics_ira2/unity_robotics_ira2_s__rosidl_typesupport_c.so
-- Installing: /home/stlab24-04/ira2_ws/install/unity_robotics_ira2/lib/python3.12/site-packages/unity_robotics_ira2/_unity_robotics_ira2_s.ep.rosidl_typesupport_c.c
-- Installing: /home/stlab24-04/ira2_ws/install/unity_robotics_ira2/lib/python3.12/site-packages/unity_robotics_ira2/unity_robotics_ira2_s__rosidl_typesupport_introspection_c.so
Listing '/home/stlab24-04/ira2_ws/install/unity_robotics_ira2/lib/python3.12/site-packages/unity_robotics_ira2'...
Compiling '/home/stlab24-04/ira2_ws/install/unity_robotics_ira2/lib/python3.12/site-packages/unity_robotics_ira2/__init__.py'...
Listing '/home/stlab24-04/ira2_ws/install/unity_robotics_ira2/lib/python3.12/site-packages/unity_robotics_ira2/msg'...
Compiling '/home/stlab24-04/ira2_ws/install/unity_robotics_ira2/lib/python3.12/site-packages/unity_robotics_ira2/msg/__init__.py'...
Compiling '/home/stlab24-04/ira2_ws/install/unity_robotics_ira2/lib/python3.12/site-packages/unity_robotics_ira2/msg/_pos_rot.py'...
Compiling '/home/stlab24-04/ira2_ws/install/unity_robotics_ira2/lib/python3.12/site-packages/unity_robotics_ira2/msg/_unity_color.py'...
Listing '/home/stlab24-04/ira2_ws/install/unity_robotics_ira2/lib/python3.12/site-packages/unity_robotics_ira2/srv'...
Compiling '/home/stlab24-04/ira2_ws/install/unity_robotics_ira2/lib/python3.12/site-packages/unity_robotics_ira2/srv/__init__.py'...
Compiling '/home/stlab24-04/ira2_ws/install/unity_robotics_ira2/lib/python3.12/site-packages/unity_robotics_ira2/srv/_object_pose_service.py'...
Compiling '/home/stlab24-04/ira2_ws/install/unity_robotics_ira2/lib/python3.12/site-packages/unity_robotics_ira2/srv/_position_service.py'...
-- Installing: /home/stlab24-04/ira2_ws/install/unity_robotics_ira2/lib/python3.12/site-packages/unity_robotics_ira2/unity_robotics_ira2_s__rosidl_typesupport_fastrtps_c.so
-- Set non-toolchain portion of runtime path of "/home/stlab24-04/ira2_ws/install/unity_robotics_ira2/lib/python3.12/site-packages/unity_robotics_ira2/unity_robotics_ira2_s__rosidl_typesupport_fastrtps_c.so" to ""
-- Installing: /home/stlab24-04/ira2_ws/install/unity_robotics_ira2/lib/python3.12/site-packages/unity_robotics_ira2/unity_robotics_ira2_s__rosidl_typesupport_introspection_c.so
-- Set non-toolchain portion of runtime path of "/home/stlab24-04/ira2_ws/install/unity_robotics_ira2/lib/python3.12/site-packages/unity_robotics_ira2/unity_robotics_ira2_s__rosidl_typesupport_introspection_c.so" to ""
-- Installing: /home/stlab24-04/ira2_ws/install/unity_robotics_ira2/lib/python3.12/site-packages/unity_robotics_ira2/unity_robotics_ira2_s__rosidl_typesupport_c.so
-- Set non-toolchain portion of runtime path of "/home/stlab24-04/ira2_ws/install/unity_robotics_ira2/lib/python3.12/site-packages/unity_robotics_ira2/unity_robotics_ira2_s__rosidl_typesupport_c.so" to ""
-- Installing: /home/stlab24-04/ira2_ws/install/unity_robotics_ira2/lib/libunity_robotics_ira2__rosidl_generator_py.so
-- Set non-toolchain portion of runtime path of "/home/stlab24-04/ira2_ws/install/unity_robotics_ira2/lib/libunity_robotics_ira2__rosidl_generator_py.so" to ""
-- Installing: /home/stlab24-04/ira2_ws/install/unity_robotics_ira2/share/unity_robotics_ira2/msg/PosRot.idl
-- Installing: /home/stlab24-04/ira2_ws/install/unity_robotics_ira2/share/unity_robotics_ira2/msg/UnityColor.idl
-- Installing: /home/stlab24-04/ira2_ws/install/unity_robotics_ira2/share/unity_robotics_ira2/srv/PositionService.idl
-- Installing: /home/stlab24-04/ira2_ws/install/unity_robotics_ira2/share/unity_robotics_ira2/srv/ObjectPoseService.idl
-- Installing: /home/stlab24-04/ira2_ws/install/unity_robotics_ira2/share/unity_robotics_ira2/msg/PosRot.msg
-- Installing: /home/stlab24-04/ira2_ws/install/unity_robotics_ira2/share/unity_robotics_ira2/msg/UnityColor.msg
-- Installing: /home/stlab24-04/ira2_ws/install/unity_robotics_ira2/share/unity_robotics_ira2/srv/PositionService.srv
-- Installing: /home/stlab24-04/ira2_ws/install/unity_robotics_ira2/share/unity_robotics_ira2/srv/ObjectPoseService.srv
-- Installing: /home/stlab24-04/ira2_ws/install/unity_robotics_ira2/lib/unity_robotics_ira2/unity_control
-- Set non-toolchain portion of runtime path of "/home/stlab24-04/ira2_ws/install/unity_robotics_ira2/lib/unity_robotics_ira2/unity_control" to ""
-- Installing: /home/stlab24-04/ira2_ws/install/unity_robotics_ira2/lib/unity_robotics_ira2/unity_control_v2
-- Set non-toolchain portion of runtime path of "/home/stlab24-04/ira2_ws/install/unity_robotics_ira2/lib/unity_robotics_ira2/unity_control_v2" to ""
-- Installing: /home/stlab24-04/ira2_ws/install/unity_robotics_ira2/lib/unity_robotics_ira2/robot_control
-- Set non-toolchain portion of runtime path of "/home/stlab24-04/ira2_ws/install/unity_robotics_ira2/lib/unity_robotics_ira2/robot_control" to ""
-- Installing: /home/stlab24-04/ira2_ws/install/unity_robotics_ira2/lib/unity_robotics_ira2/joints_sub
-- Set non-toolchain portion of runtime path of "/home/stlab24-04/ira2_ws/install/unity_robotics_ira2/lib/unity_robotics_ira2/joints_sub" to ""
-- Installing: /home/stlab24-04/ira2_ws/install/unity_robotics_ira2/lib/unity_robotics_ira2/haptic_control
-- Set non-toolchain portion of runtime path of "/home/stlab24-04/ira2_ws/install/unity_robotics_ira2/lib/unity_robotics_ira2/haptic_control" to ""
-- Installing: /home/stlab24-04/ira2_ws/install/unity_robotics_ira2/lib/unity_robotics_ira2/haptic_control2
-- Set non-toolchain portion of runtime path of "/home/stlab24-04/ira2_ws/install/unity_robotics_ira2/lib/unity_robotics_ira2/haptic_control2" to ""
-- Installing: /home/stlab24-04/ira2_ws/install/unity_robotics_ira2/lib/unity_robotics_ira2/get_force
-- Set non-toolchain portion of runtime path of "/home/stlab24-04/ira2_ws/install/unity_robotics_ira2/lib/unity_robotics_ira2/get_force" to ""
-- Installing: /home/stlab24-04/ira2_ws/install/unity_robotics_ira2/lib/unity_robotics_ira2/color_publisher
-- Set non-toolchain portion of runtime path of "/home/stlab24-04/ira2_ws/install/unity_robotics_ira2/lib/unity_robotics_ira2/color_publisher" to ""
-- Installing: /home/stlab24-04/ira2_ws/install/unity_robotics_ira2/lib/unity_robotics_ira2/position_service
-- Set non-toolchain portion of runtime path of "/home/stlab24-04/ira2_ws/install/unity_robotics_ira2/lib/unity_robotics_ira2/position_service" to ""
-- Installing: /home/stlab24-04/ira2_ws/install/unity_robotics_ira2/share/ament_index/resource_index/package_run_dependencies/unity_robotics_ira2
-- Installing: /home/stlab24-04/ira2_ws/install/unity_robotics_ira2/share/ament_index/resource_index/parent_prefix_path/unity_robotics_ira2
-- Installing: /home/stlab24-04/ira2_ws/install/unity_robotics_ira2/share/unity_robotics_ira2/environment/ament_prefix_path.sh
-- Installing: /home/stlab24-04/ira2_ws/install/unity_robotics_ira2/share/unity_robotics_ira2/environment/ament_prefix_path.dsv
-- Installing: /home/stlab24-04/ira2_ws/install/unity_robotics_ira2/share/unity_robotics_ira2/environment/path.sh
-- Installing: /home/stlab24-04/ira2_ws/install/unity_robotics_ira2/share/unity_robotics_ira2/environment/path.dsv
-- Installing: /home/stlab24-04/ira2_ws/install/unity_robotics_ira2/share/unity_robotics_ira2/local_setup.bash
-- Installing: /home/stlab24-04/ira2_ws/install/unity_robotics_ira2/share/unity_robotics_ira2/local_setup.sh
-- Installing: /home/stlab24-04/ira2_ws/install/unity_robotics_ira2/share/unity_robotics_ira2/local_setup.zsh
-- Installing: /home/stlab24-04/ira2_ws/install/unity_robotics_ira2/share/unity_robotics_ira2/local_setup.dsv
-- Installing: /home/stlab24-04/ira2_ws/install/unity_robotics_ira2/share/unity_robotics_ira2/package.dsv
-- Installing: /home/stlab24-04/ira2_ws/install/unity_robotics_ira2/share/ament_index/resource_index/packages/unity_robotics_ira2
-- Installing: /home/stlab24-04/ira2_ws/install/unity_robotics_ira2/share/unity_robotics_ira2/cmake/export_unity_robotics_ira2__rosidl_generator_cExport.cmake
-- Installing: /home/stlab24-04/ira2_ws/install/unity_robotics_ira2/share/unity_robotics_ira2/cmake/export_unity_robotics_ira2__rosidl_generator_cExport-noconfig.cmake
-- Installing: /home/stlab24-04/ira2_ws/install/unity_robotics_ira2/share/unity_robotics_ira2/cmake/export_unity_robotics_ira2__rosidl_typesupport_fastrtps_cExport.cmake
-- Installing: /home/stlab24-04/ira2_ws/install/unity_robotics_ira2/share/unity_robotics_ira2/cmake/export_unity_robotics_ira2__rosidl_typesupport_fastrtps_cExport-noconfig.cmake
-- Installing: /home/stlab24-04/ira2_ws/install/unity_robotics_ira2/share/unity_robotics_ira2/cmake/export_unity_robotics_ira2__rosidl_generator_cppExport.cmake
-- Installing: /home/stlab24-04/ira2_ws/install/unity_robotics_ira2/share/unity_robotics_ira2/cmake/export_unity_robotics_ira2__rosidl_typesupport_fastrtps_cppExport.cmake
-- Installing: /home/stlab24-04/ira2_ws/install/unity_robotics_ira2/share/unity_robotics_ira2/cmake/export_unity_robotics_ira2__rosidl_typesupport_fastrtps_cppExport-noconfig.cmake
-- Installing: /home/stlab24-04/ira2_ws/install/unity_robotics_ira2/share/unity_robotics_ira2/cmake/unity_robotics_ira2__rosidl_typesupport_introspection_cExport.cmake
-- Installing: /home/stlab24-04/ira2_ws/install/unity_robotics_ira2/share/unity_robotics_ira2/cmake/unity_robotics_ira2__rosidl_typesupport_introspection_cExport-noconfig.cmake
-- Installing: /home/stlab24-04/ira2_ws/install/unity_robotics_ira2/share/unity_robotics_ira2/cmake/unity_robotics_ira2__rosidl_typesupport_cExport.cmake
-- Installing: /home/stlab24-04/ira2_ws/install/unity_robotics_ira2/share/unity_robotics_ira2/cmake/unity_robotics_ira2__rosidl_typesupport_cExport-noconfig.cmake
-- Installing: /home/stlab24-04/ira2_ws/install/unity_robotics_ira2/share/unity_robotics_ira2/cmake/unity_robotics_ira2__rosidl_typesupport_introspection_cppExport.cmake
-- Installing: /home/stlab24-04/ira2_ws/install/unity_robotics_ira2/share/unity_robotics_ira2/cmake/unity_robotics_ira2__rosidl_typesupport_introspection_cppExport-noconfig.cmake
-- Installing: /home/stlab24-04/ira2_ws/install/unity_robotics_ira2/share/unity_robotics_ira2/cmake/unity_robotics_ira2__rosidl_typesupport_cppExport.cmake
-- Installing: /home/stlab24-04/ira2_ws/install/unity_robotics_ira2/share/unity_robotics_ira2/cmake/unity_robotics_ira2__rosidl_typesupport_cppExport-noconfig.cmake
-- Installing: /home/stlab24-04/ira2_ws/install/unity_robotics_ira2/share/unity_robotics_ira2/cmake/export_unity_robotics_ira2__rosidl_generator_pyExport.cmake
-- Installing: /home/stlab24-04/ira2_ws/install/unity_robotics_ira2/share/unity_robotics_ira2/cmake/export_unity_robotics_ira2__rosidl_generator_pyExport-noconfig.cmake
-- Installing: /home/stlab24-04/ira2_ws/install/unity_robotics_ira2/share/unity_robotics_ira2/cmake/rosidl_cmake-extras.cmake
-- Installing: /home/stlab24-04/ira2_ws/install/unity_robotics_ira2/share/unity_robotics_ira2/cmake/ament_cmake_export_dependencies-extras.cmake
-- Installing: /home/stlab24-04/ira2_ws/install/unity_robotics_ira2/share/unity_robotics_ira2/cmake/ament_cmake_export_include_directories-extras.cmake
-- Installing: /home/stlab24-04/ira2_ws/install/unity_robotics_ira2/share/unity_robotics_ira2/cmake/ament_cmake_export_libraries-extras.cmake
-- Installing: /home/stlab24-04/ira2_ws/install/unity_robotics_ira2/share/unity_robotics_ira2/cmake/ament_cmake_export_targets-extras.cmake
-- Installing: /home/stlab24-04/ira2_ws/install/unity_robotics_ira2/share/unity_robotics_ira2/cmake/rosidl_cmake_export_typesupport_targets-extras.cmake
-- Installing: /home/stlab24-04/ira2_ws/install/unity_robotics_ira2/share/unity_robotics_ira2/cmake/rosidl_cmake_export_typesupport_libraries-extras.cmake
-- Installing: /home/stlab24-04/ira2_ws/install/unity_robotics_ira2/share/unity_robotics_ira2/cmake/unity_robotics_ira2Config.cmake
-- Installing: /home/stlab24-04/ira2_ws/install/unity_robotics_ira2/share/unity_robotics_ira2/cmake/unity_robotics_ira2Config-version.cmake
-- Installing: /home/stlab24-04/ira2_ws/install/unity_robotics_ira2/share/unity_robotics_ira2/package.xml
