[1.226s] Invoking command in '/home/stlab24-04/ira2_ws/src/ur_motion_manager': DEBUGINFOD_URLS=https://debuginfod.ubuntu.com PYTHONPATH=/home/stlab24-04/ira2_ws/build/ur_motion_manager/prefix_override:/usr/lib/python3/dist-packages/colcon_core/task/python/colcon_distutils_commands:/home/stlab24-04/ira2_ws/install/ur_motion_manager/lib/python3.12/site-packages:${PYTHONPATH} /usr/bin/python3 -W ignore:setup.py install is deprecated -W ignore:easy_install command is deprecated setup.py egg_info --egg-base ../../build/ur_motion_manager build --build-base /home/stlab24-04/ira2_ws/build/ur_motion_manager/build install --record /home/stlab24-04/ira2_ws/build/ur_motion_manager/install.log --single-version-externally-managed install_data
[1.446s] running egg_info
[1.462s] writing ../../build/ur_motion_manager/ur_motion_manager.egg-info/PKG-INFO
[1.462s] writing dependency_links to ../../build/ur_motion_manager/ur_motion_manager.egg-info/dependency_links.txt
[1.462s] writing entry points to ../../build/ur_motion_manager/ur_motion_manager.egg-info/entry_points.txt
[1.462s] writing requirements to ../../build/ur_motion_manager/ur_motion_manager.egg-info/requires.txt
[1.462s] writing top-level names to ../../build/ur_motion_manager/ur_motion_manager.egg-info/top_level.txt
[1.496s] reading manifest file '../../build/ur_motion_manager/ur_motion_manager.egg-info/SOURCES.txt'
[1.496s] writing manifest file '../../build/ur_motion_manager/ur_motion_manager.egg-info/SOURCES.txt'
[1.496s] running build
[1.496s] running build_py
[1.496s] copying ur_motion_manager/motion_manager_node2.py -> /home/stlab24-04/ira2_ws/build/ur_motion_manager/build/lib/ur_motion_manager
[1.497s] running install
[1.501s] running install_lib
[1.518s] copying /home/stlab24-04/ira2_ws/build/ur_motion_manager/build/lib/ur_motion_manager/motion_manager_node2.py -> /home/stlab24-04/ira2_ws/install/ur_motion_manager/lib/python3.12/site-packages/ur_motion_manager
[1.518s] byte-compiling /home/stlab24-04/ira2_ws/install/ur_motion_manager/lib/python3.12/site-packages/ur_motion_manager/motion_manager_node2.py to motion_manager_node2.cpython-312.pyc
[1.520s] running install_data
[1.520s] running install_egg_info
[1.537s] removing '/home/stlab24-04/ira2_ws/install/ur_motion_manager/lib/python3.12/site-packages/ur_motion_manager-0.0.0-py3.12.egg-info' (and everything under it)
[1.537s] Copying ../../build/ur_motion_manager/ur_motion_manager.egg-info to /home/stlab24-04/ira2_ws/install/ur_motion_manager/lib/python3.12/site-packages/ur_motion_manager-0.0.0-py3.12.egg-info
[1.538s] running install_scripts
[1.648s] Installing motion_manager_node script to /home/stlab24-04/ira2_ws/install/ur_motion_manager/lib/ur_motion_manager
[1.648s] Installing motion_manager_node2 script to /home/stlab24-04/ira2_ws/install/ur_motion_manager/lib/ur_motion_manager
[1.648s] Installing teach_node script to /home/stlab24-04/ira2_ws/install/ur_motion_manager/lib/ur_motion_manager
[1.649s] writing list of installed files to '/home/stlab24-04/ira2_ws/build/ur_motion_manager/install.log'
[1.674s] Invoked command in '/home/stlab24-04/ira2_ws/src/ur_motion_manager' returned '0': DEBUGINFOD_URLS=https://debuginfod.ubuntu.com PYTHONPATH=/home/stlab24-04/ira2_ws/build/ur_motion_manager/prefix_override:/usr/lib/python3/dist-packages/colcon_core/task/python/colcon_distutils_commands:/home/stlab24-04/ira2_ws/install/ur_motion_manager/lib/python3.12/site-packages:${PYTHONPATH} /usr/bin/python3 -W ignore:setup.py install is deprecated -W ignore:easy_install command is deprecated setup.py egg_info --egg-base ../../build/ur_motion_manager build --build-base /home/stlab24-04/ira2_ws/build/ur_motion_manager/build install --record /home/stlab24-04/ira2_ws/build/ur_motion_manager/install.log --single-version-externally-managed install_data
