[  1%] Built target haptic_teleop__rosidl_generator_type_description
[  2%] [32mBuilding CXX object CMakeFiles/unity_control.dir/src/unity_control.cpp.o[0m
[  3%] [32mBuilding CXX object CMakeFiles/robot_control.dir/src/robot_control.cpp.o[0m
[  3%] Built target ament_cmake_python_copy_haptic_teleop
[  4%] [32mBuilding CXX object CMakeFiles/get_force.dir/src/get_force.cpp.o[0m
[  6%] [32mBuilding CXX object CMakeFiles/joints_sub.dir/src/joints_sub.cpp.o[0m
[  7%] [32mBuilding CXX object CMakeFiles/unity_control_v2.dir/src/unity_control_v2.cpp.o[0m
[  8%] Built target haptic_teleop__cpp
[ 25%] Built target haptic_teleop__rosidl_generator_c
[ 37%] Built target haptic_teleop__rosidl_typesupport_c
[ 40%] Built target haptic_teleop__rosidl_typesupport_introspection_cpp
[ 47%] Built target haptic_teleop__rosidl_typesupport_introspection_c
[ 54%] Built target haptic_teleop__rosidl_typesupport_cpp
[ 62%] Built target haptic_teleop__rosidl_typesupport_fastrtps_cpp
[ 69%] Built target haptic_teleop__rosidl_typesupport_fastrtps_c
[ 69%] Built target haptic_teleop
[ 70%] [32mBuilding CXX object CMakeFiles/position_service.dir/src/position_service.cpp.o[0m
[ 71%] Built target haptic_teleop__py
[ 73%] [32mBuilding CXX object CMakeFiles/color_publisher.dir/src/color_publisher.cpp.o[0m
[ 74%] [32mBuilding CXX object CMakeFiles/haptic_control2.dir/src/haptic_control2.cpp.o[0m
[ 75%] [32mBuilding CXX object CMakeFiles/haptic_control.dir/src/haptic_control.cpp.o[0m
[ 76%] [32mBuilding C object CMakeFiles/haptic_teleop__rosidl_generator_py.dir/rosidl_generator_py/haptic_teleop/msg/_pos_rot_s.c.o[0m
[ 78%] [32mBuilding C object CMakeFiles/haptic_teleop__rosidl_generator_py.dir/rosidl_generator_py/haptic_teleop/msg/_unity_color_s.c.o[0m
[ 79%] [32mBuilding C object CMakeFiles/haptic_teleop__rosidl_generator_py.dir/rosidl_generator_py/haptic_teleop/srv/_position_service_s.c.o[0m
[ 80%] [32mBuilding C object CMakeFiles/haptic_teleop__rosidl_generator_py.dir/rosidl_generator_py/haptic_teleop/srv/_object_pose_service_s.c.o[0m
running egg_info
writing haptic_teleop.egg-info/PKG-INFO
writing dependency_links to haptic_teleop.egg-info/dependency_links.txt
writing top-level names to haptic_teleop.egg-info/top_level.txt
[ 81%] [32m[1mLinking C shared library libhaptic_teleop__rosidl_generator_py.so[0m
reading manifest file 'haptic_teleop.egg-info/SOURCES.txt'
writing manifest file 'haptic_teleop.egg-info/SOURCES.txt'
[ 81%] Built target haptic_teleop__rosidl_generator_py
[ 81%] Built target ament_cmake_python_build_haptic_teleop_egg
[ 85%] [32mBuilding C object CMakeFiles/haptic_teleop_s__rosidl_typesupport_fastrtps_c.dir/rosidl_generator_py/haptic_teleop/_haptic_teleop_s.ep.rosidl_typesupport_fastrtps_c.c.o[0m
[ 85%] [32mBuilding C object CMakeFiles/haptic_teleop_s__rosidl_typesupport_introspection_c.dir/rosidl_generator_py/haptic_teleop/_haptic_teleop_s.ep.rosidl_typesupport_introspection_c.c.o[0m
[ 85%] [32mBuilding C object CMakeFiles/haptic_teleop_s__rosidl_typesupport_c.dir/rosidl_generator_py/haptic_teleop/_haptic_teleop_s.ep.rosidl_typesupport_c.c.o[0m
[ 89%] [32m[1mLinking C shared module rosidl_generator_py/haptic_teleop/haptic_teleop_s__rosidl_typesupport_c.so[0m
[ 89%] [32m[1mLinking C shared module rosidl_generator_py/haptic_teleop/haptic_teleop_s__rosidl_typesupport_fastrtps_c.so[0m
[ 89%] [32m[1mLinking C shared module rosidl_generator_py/haptic_teleop/haptic_teleop_s__rosidl_typesupport_introspection_c.so[0m
[ 89%] Built target haptic_teleop_s__rosidl_typesupport_c
[ 89%] Built target haptic_teleop_s__rosidl_typesupport_fastrtps_c
[ 89%] Built target haptic_teleop_s__rosidl_typesupport_introspection_c
[ 90%] [32m[1mLinking CXX executable position_service[0m
[ 90%] Built target position_service
[ 91%] [32m[1mLinking CXX executable color_publisher[0m
[ 92%] [32m[1mLinking CXX executable robot_control[0m
[ 92%] Built target color_publisher
[ 92%] Built target robot_control
[ 93%] [32m[1mLinking CXX executable get_force[0m
[ 93%] Built target get_force
[ 95%] [32m[1mLinking CXX executable unity_control_v2[0m
[ 96%] [32m[1mLinking CXX executable unity_control[0m
[ 97%] [32m[1mLinking CXX executable joints_sub[0m
[ 97%] Built target unity_control_v2
[ 97%] Built target unity_control
[ 97%] Built target joints_sub
[ 98%] [32m[1mLinking CXX executable haptic_control[0m
[ 98%] Built target haptic_control
[100%] [32m[1mLinking CXX executable haptic_control2[0m
[100%] Built target haptic_control2
-- Install configuration: ""
-- Installing: /home/stlab24-04/ira2_ws/install/haptic_teleop/share/ament_index/resource_index/rosidl_interfaces/haptic_teleop
-- Installing: /home/stlab24-04/ira2_ws/install/haptic_teleop/share/haptic_teleop/msg/PosRot.json
-- Installing: /home/stlab24-04/ira2_ws/install/haptic_teleop/share/haptic_teleop/msg/UnityColor.json
-- Installing: /home/stlab24-04/ira2_ws/install/haptic_teleop/share/haptic_teleop/srv/PositionService.json
-- Installing: /home/stlab24-04/ira2_ws/install/haptic_teleop/share/haptic_teleop/srv/ObjectPoseService.json
-- Installing: /home/stlab24-04/ira2_ws/install/haptic_teleop/include/haptic_teleop/haptic_teleop
-- Installing: /home/stlab24-04/ira2_ws/install/haptic_teleop/include/haptic_teleop/haptic_teleop/srv
-- Installing: /home/stlab24-04/ira2_ws/install/haptic_teleop/include/haptic_teleop/haptic_teleop/srv/position_service.h
-- Installing: /home/stlab24-04/ira2_ws/install/haptic_teleop/include/haptic_teleop/haptic_teleop/srv/detail
-- Installing: /home/stlab24-04/ira2_ws/install/haptic_teleop/include/haptic_teleop/haptic_teleop/srv/detail/position_service__struct.h
-- Installing: /home/stlab24-04/ira2_ws/install/haptic_teleop/include/haptic_teleop/haptic_teleop/srv/detail/object_pose_service__struct.h
-- Installing: /home/stlab24-04/ira2_ws/install/haptic_teleop/include/haptic_teleop/haptic_teleop/srv/detail/object_pose_service__functions.h
-- Installing: /home/stlab24-04/ira2_ws/install/haptic_teleop/include/haptic_teleop/haptic_teleop/srv/detail/position_service__type_support.h
-- Installing: /home/stlab24-04/ira2_ws/install/haptic_teleop/include/haptic_teleop/haptic_teleop/srv/detail/object_pose_service__functions.c
-- Installing: /home/stlab24-04/ira2_ws/install/haptic_teleop/include/haptic_teleop/haptic_teleop/srv/detail/object_pose_service__type_support.c
-- Installing: /home/stlab24-04/ira2_ws/install/haptic_teleop/include/haptic_teleop/haptic_teleop/srv/detail/object_pose_service__description.c
-- Installing: /home/stlab24-04/ira2_ws/install/haptic_teleop/include/haptic_teleop/haptic_teleop/srv/detail/position_service__type_support.c
-- Installing: /home/stlab24-04/ira2_ws/install/haptic_teleop/include/haptic_teleop/haptic_teleop/srv/detail/position_service__description.c
-- Installing: /home/stlab24-04/ira2_ws/install/haptic_teleop/include/haptic_teleop/haptic_teleop/srv/detail/position_service__functions.c
-- Installing: /home/stlab24-04/ira2_ws/install/haptic_teleop/include/haptic_teleop/haptic_teleop/srv/detail/object_pose_service__type_support.h
-- Installing: /home/stlab24-04/ira2_ws/install/haptic_teleop/include/haptic_teleop/haptic_teleop/srv/detail/position_service__functions.h
-- Installing: /home/stlab24-04/ira2_ws/install/haptic_teleop/include/haptic_teleop/haptic_teleop/srv/object_pose_service.h
-- Installing: /home/stlab24-04/ira2_ws/install/haptic_teleop/include/haptic_teleop/haptic_teleop/msg
-- Installing: /home/stlab24-04/ira2_ws/install/haptic_teleop/include/haptic_teleop/haptic_teleop/msg/unity_color.h
-- Installing: /home/stlab24-04/ira2_ws/install/haptic_teleop/include/haptic_teleop/haptic_teleop/msg/detail
-- Installing: /home/stlab24-04/ira2_ws/install/haptic_teleop/include/haptic_teleop/haptic_teleop/msg/detail/pos_rot__type_support.c
-- Installing: /home/stlab24-04/ira2_ws/install/haptic_teleop/include/haptic_teleop/haptic_teleop/msg/detail/pos_rot__type_support.h
-- Installing: /home/stlab24-04/ira2_ws/install/haptic_teleop/include/haptic_teleop/haptic_teleop/msg/detail/pos_rot__functions.c
-- Installing: /home/stlab24-04/ira2_ws/install/haptic_teleop/include/haptic_teleop/haptic_teleop/msg/detail/unity_color__functions.c
-- Installing: /home/stlab24-04/ira2_ws/install/haptic_teleop/include/haptic_teleop/haptic_teleop/msg/detail/pos_rot__functions.h
-- Installing: /home/stlab24-04/ira2_ws/install/haptic_teleop/include/haptic_teleop/haptic_teleop/msg/detail/pos_rot__description.c
-- Installing: /home/stlab24-04/ira2_ws/install/haptic_teleop/include/haptic_teleop/haptic_teleop/msg/detail/unity_color__type_support.h
-- Installing: /home/stlab24-04/ira2_ws/install/haptic_teleop/include/haptic_teleop/haptic_teleop/msg/detail/pos_rot__struct.h
-- Installing: /home/stlab24-04/ira2_ws/install/haptic_teleop/include/haptic_teleop/haptic_teleop/msg/detail/unity_color__struct.h
-- Installing: /home/stlab24-04/ira2_ws/install/haptic_teleop/include/haptic_teleop/haptic_teleop/msg/detail/unity_color__functions.h
-- Installing: /home/stlab24-04/ira2_ws/install/haptic_teleop/include/haptic_teleop/haptic_teleop/msg/detail/unity_color__description.c
-- Installing: /home/stlab24-04/ira2_ws/install/haptic_teleop/include/haptic_teleop/haptic_teleop/msg/detail/unity_color__type_support.c
-- Installing: /home/stlab24-04/ira2_ws/install/haptic_teleop/include/haptic_teleop/haptic_teleop/msg/pos_rot.h
-- Installing: /home/stlab24-04/ira2_ws/install/haptic_teleop/include/haptic_teleop/haptic_teleop/msg/rosidl_generator_c__visibility_control.h
-- Installing: /home/stlab24-04/ira2_ws/install/haptic_teleop/share/haptic_teleop/environment/library_path.sh
-- Installing: /home/stlab24-04/ira2_ws/install/haptic_teleop/share/haptic_teleop/environment/library_path.dsv
-- Installing: /home/stlab24-04/ira2_ws/install/haptic_teleop/lib/libhaptic_teleop__rosidl_generator_c.so
-- Set non-toolchain portion of runtime path of "/home/stlab24-04/ira2_ws/install/haptic_teleop/lib/libhaptic_teleop__rosidl_generator_c.so" to ""
-- Up-to-date: /home/stlab24-04/ira2_ws/install/haptic_teleop/include/haptic_teleop/haptic_teleop
-- Up-to-date: /home/stlab24-04/ira2_ws/install/haptic_teleop/include/haptic_teleop/haptic_teleop/srv
-- Up-to-date: /home/stlab24-04/ira2_ws/install/haptic_teleop/include/haptic_teleop/haptic_teleop/srv/detail
-- Installing: /home/stlab24-04/ira2_ws/install/haptic_teleop/include/haptic_teleop/haptic_teleop/srv/detail/object_pose_service__rosidl_typesupport_fastrtps_c.h
-- Installing: /home/stlab24-04/ira2_ws/install/haptic_teleop/include/haptic_teleop/haptic_teleop/srv/detail/position_service__rosidl_typesupport_fastrtps_c.h
-- Up-to-date: /home/stlab24-04/ira2_ws/install/haptic_teleop/include/haptic_teleop/haptic_teleop/msg
-- Installing: /home/stlab24-04/ira2_ws/install/haptic_teleop/include/haptic_teleop/haptic_teleop/msg/rosidl_typesupport_fastrtps_c__visibility_control.h
-- Up-to-date: /home/stlab24-04/ira2_ws/install/haptic_teleop/include/haptic_teleop/haptic_teleop/msg/detail
-- Installing: /home/stlab24-04/ira2_ws/install/haptic_teleop/include/haptic_teleop/haptic_teleop/msg/detail/unity_color__rosidl_typesupport_fastrtps_c.h
-- Installing: /home/stlab24-04/ira2_ws/install/haptic_teleop/include/haptic_teleop/haptic_teleop/msg/detail/pos_rot__rosidl_typesupport_fastrtps_c.h
-- Installing: /home/stlab24-04/ira2_ws/install/haptic_teleop/lib/libhaptic_teleop__rosidl_typesupport_fastrtps_c.so
-- Set non-toolchain portion of runtime path of "/home/stlab24-04/ira2_ws/install/haptic_teleop/lib/libhaptic_teleop__rosidl_typesupport_fastrtps_c.so" to ""
-- Up-to-date: /home/stlab24-04/ira2_ws/install/haptic_teleop/include/haptic_teleop/haptic_teleop
-- Up-to-date: /home/stlab24-04/ira2_ws/install/haptic_teleop/include/haptic_teleop/haptic_teleop/srv
-- Installing: /home/stlab24-04/ira2_ws/install/haptic_teleop/include/haptic_teleop/haptic_teleop/srv/object_pose_service.hpp
-- Up-to-date: /home/stlab24-04/ira2_ws/install/haptic_teleop/include/haptic_teleop/haptic_teleop/srv/detail
-- Installing: /home/stlab24-04/ira2_ws/install/haptic_teleop/include/haptic_teleop/haptic_teleop/srv/detail/object_pose_service__struct.hpp
-- Installing: /home/stlab24-04/ira2_ws/install/haptic_teleop/include/haptic_teleop/haptic_teleop/srv/detail/position_service__builder.hpp
-- Installing: /home/stlab24-04/ira2_ws/install/haptic_teleop/include/haptic_teleop/haptic_teleop/srv/detail/position_service__traits.hpp
-- Installing: /home/stlab24-04/ira2_ws/install/haptic_teleop/include/haptic_teleop/haptic_teleop/srv/detail/object_pose_service__builder.hpp
-- Installing: /home/stlab24-04/ira2_ws/install/haptic_teleop/include/haptic_teleop/haptic_teleop/srv/detail/object_pose_service__traits.hpp
-- Installing: /home/stlab24-04/ira2_ws/install/haptic_teleop/include/haptic_teleop/haptic_teleop/srv/detail/object_pose_service__type_support.hpp
-- Installing: /home/stlab24-04/ira2_ws/install/haptic_teleop/include/haptic_teleop/haptic_teleop/srv/detail/position_service__type_support.hpp
-- Installing: /home/stlab24-04/ira2_ws/install/haptic_teleop/include/haptic_teleop/haptic_teleop/srv/detail/position_service__struct.hpp
-- Installing: /home/stlab24-04/ira2_ws/install/haptic_teleop/include/haptic_teleop/haptic_teleop/srv/position_service.hpp
-- Up-to-date: /home/stlab24-04/ira2_ws/install/haptic_teleop/include/haptic_teleop/haptic_teleop/msg
-- Installing: /home/stlab24-04/ira2_ws/install/haptic_teleop/include/haptic_teleop/haptic_teleop/msg/pos_rot.hpp
-- Installing: /home/stlab24-04/ira2_ws/install/haptic_teleop/include/haptic_teleop/haptic_teleop/msg/rosidl_generator_cpp__visibility_control.hpp
-- Up-to-date: /home/stlab24-04/ira2_ws/install/haptic_teleop/include/haptic_teleop/haptic_teleop/msg/detail
-- Installing: /home/stlab24-04/ira2_ws/install/haptic_teleop/include/haptic_teleop/haptic_teleop/msg/detail/pos_rot__struct.hpp
-- Installing: /home/stlab24-04/ira2_ws/install/haptic_teleop/include/haptic_teleop/haptic_teleop/msg/detail/unity_color__type_support.hpp
-- Installing: /home/stlab24-04/ira2_ws/install/haptic_teleop/include/haptic_teleop/haptic_teleop/msg/detail/pos_rot__type_support.hpp
-- Installing: /home/stlab24-04/ira2_ws/install/haptic_teleop/include/haptic_teleop/haptic_teleop/msg/detail/unity_color__builder.hpp
-- Installing: /home/stlab24-04/ira2_ws/install/haptic_teleop/include/haptic_teleop/haptic_teleop/msg/detail/unity_color__traits.hpp
-- Installing: /home/stlab24-04/ira2_ws/install/haptic_teleop/include/haptic_teleop/haptic_teleop/msg/detail/pos_rot__builder.hpp
-- Installing: /home/stlab24-04/ira2_ws/install/haptic_teleop/include/haptic_teleop/haptic_teleop/msg/detail/unity_color__struct.hpp
-- Installing: /home/stlab24-04/ira2_ws/install/haptic_teleop/include/haptic_teleop/haptic_teleop/msg/detail/pos_rot__traits.hpp
-- Installing: /home/stlab24-04/ira2_ws/install/haptic_teleop/include/haptic_teleop/haptic_teleop/msg/unity_color.hpp
-- Up-to-date: /home/stlab24-04/ira2_ws/install/haptic_teleop/include/haptic_teleop/haptic_teleop
-- Up-to-date: /home/stlab24-04/ira2_ws/install/haptic_teleop/include/haptic_teleop/haptic_teleop/srv
-- Up-to-date: /home/stlab24-04/ira2_ws/install/haptic_teleop/include/haptic_teleop/haptic_teleop/srv/detail
-- Installing: /home/stlab24-04/ira2_ws/install/haptic_teleop/include/haptic_teleop/haptic_teleop/srv/detail/object_pose_service__rosidl_typesupport_fastrtps_cpp.hpp
-- Installing: /home/stlab24-04/ira2_ws/install/haptic_teleop/include/haptic_teleop/haptic_teleop/srv/detail/dds_fastrtps
-- Installing: /home/stlab24-04/ira2_ws/install/haptic_teleop/include/haptic_teleop/haptic_teleop/srv/detail/position_service__rosidl_typesupport_fastrtps_cpp.hpp
-- Up-to-date: /home/stlab24-04/ira2_ws/install/haptic_teleop/include/haptic_teleop/haptic_teleop/msg
-- Installing: /home/stlab24-04/ira2_ws/install/haptic_teleop/include/haptic_teleop/haptic_teleop/msg/rosidl_typesupport_fastrtps_cpp__visibility_control.h
-- Up-to-date: /home/stlab24-04/ira2_ws/install/haptic_teleop/include/haptic_teleop/haptic_teleop/msg/detail
-- Installing: /home/stlab24-04/ira2_ws/install/haptic_teleop/include/haptic_teleop/haptic_teleop/msg/detail/dds_fastrtps
-- Installing: /home/stlab24-04/ira2_ws/install/haptic_teleop/include/haptic_teleop/haptic_teleop/msg/detail/unity_color__rosidl_typesupport_fastrtps_cpp.hpp
-- Installing: /home/stlab24-04/ira2_ws/install/haptic_teleop/include/haptic_teleop/haptic_teleop/msg/detail/pos_rot__rosidl_typesupport_fastrtps_cpp.hpp
-- Installing: /home/stlab24-04/ira2_ws/install/haptic_teleop/lib/libhaptic_teleop__rosidl_typesupport_fastrtps_cpp.so
-- Set non-toolchain portion of runtime path of "/home/stlab24-04/ira2_ws/install/haptic_teleop/lib/libhaptic_teleop__rosidl_typesupport_fastrtps_cpp.so" to ""
-- Up-to-date: /home/stlab24-04/ira2_ws/install/haptic_teleop/include/haptic_teleop/haptic_teleop
-- Up-to-date: /home/stlab24-04/ira2_ws/install/haptic_teleop/include/haptic_teleop/haptic_teleop/srv
-- Up-to-date: /home/stlab24-04/ira2_ws/install/haptic_teleop/include/haptic_teleop/haptic_teleop/srv/detail
-- Installing: /home/stlab24-04/ira2_ws/install/haptic_teleop/include/haptic_teleop/haptic_teleop/srv/detail/object_pose_service__rosidl_typesupport_introspection_c.h
-- Installing: /home/stlab24-04/ira2_ws/install/haptic_teleop/include/haptic_teleop/haptic_teleop/srv/detail/object_pose_service__type_support.c
-- Installing: /home/stlab24-04/ira2_ws/install/haptic_teleop/include/haptic_teleop/haptic_teleop/srv/detail/position_service__rosidl_typesupport_introspection_c.h
-- Installing: /home/stlab24-04/ira2_ws/install/haptic_teleop/include/haptic_teleop/haptic_teleop/srv/detail/position_service__type_support.c
-- Up-to-date: /home/stlab24-04/ira2_ws/install/haptic_teleop/include/haptic_teleop/haptic_teleop/msg
-- Installing: /home/stlab24-04/ira2_ws/install/haptic_teleop/include/haptic_teleop/haptic_teleop/msg/rosidl_typesupport_introspection_c__visibility_control.h
-- Up-to-date: /home/stlab24-04/ira2_ws/install/haptic_teleop/include/haptic_teleop/haptic_teleop/msg/detail
-- Installing: /home/stlab24-04/ira2_ws/install/haptic_teleop/include/haptic_teleop/haptic_teleop/msg/detail/pos_rot__type_support.c
-- Installing: /home/stlab24-04/ira2_ws/install/haptic_teleop/include/haptic_teleop/haptic_teleop/msg/detail/unity_color__rosidl_typesupport_introspection_c.h
-- Installing: /home/stlab24-04/ira2_ws/install/haptic_teleop/include/haptic_teleop/haptic_teleop/msg/detail/pos_rot__rosidl_typesupport_introspection_c.h
-- Installing: /home/stlab24-04/ira2_ws/install/haptic_teleop/include/haptic_teleop/haptic_teleop/msg/detail/unity_color__type_support.c
-- Installing: /home/stlab24-04/ira2_ws/install/haptic_teleop/lib/libhaptic_teleop__rosidl_typesupport_introspection_c.so
-- Set non-toolchain portion of runtime path of "/home/stlab24-04/ira2_ws/install/haptic_teleop/lib/libhaptic_teleop__rosidl_typesupport_introspection_c.so" to ""
-- Installing: /home/stlab24-04/ira2_ws/install/haptic_teleop/lib/libhaptic_teleop__rosidl_typesupport_c.so
-- Set non-toolchain portion of runtime path of "/home/stlab24-04/ira2_ws/install/haptic_teleop/lib/libhaptic_teleop__rosidl_typesupport_c.so" to ""
-- Up-to-date: /home/stlab24-04/ira2_ws/install/haptic_teleop/include/haptic_teleop/haptic_teleop
-- Up-to-date: /home/stlab24-04/ira2_ws/install/haptic_teleop/include/haptic_teleop/haptic_teleop/srv
-- Up-to-date: /home/stlab24-04/ira2_ws/install/haptic_teleop/include/haptic_teleop/haptic_teleop/srv/detail
-- Installing: /home/stlab24-04/ira2_ws/install/haptic_teleop/include/haptic_teleop/haptic_teleop/srv/detail/position_service__type_support.cpp
-- Installing: /home/stlab24-04/ira2_ws/install/haptic_teleop/include/haptic_teleop/haptic_teleop/srv/detail/position_service__rosidl_typesupport_introspection_cpp.hpp
-- Installing: /home/stlab24-04/ira2_ws/install/haptic_teleop/include/haptic_teleop/haptic_teleop/srv/detail/object_pose_service__type_support.cpp
-- Installing: /home/stlab24-04/ira2_ws/install/haptic_teleop/include/haptic_teleop/haptic_teleop/srv/detail/object_pose_service__rosidl_typesupport_introspection_cpp.hpp
-- Up-to-date: /home/stlab24-04/ira2_ws/install/haptic_teleop/include/haptic_teleop/haptic_teleop/msg
-- Up-to-date: /home/stlab24-04/ira2_ws/install/haptic_teleop/include/haptic_teleop/haptic_teleop/msg/detail
-- Installing: /home/stlab24-04/ira2_ws/install/haptic_teleop/include/haptic_teleop/haptic_teleop/msg/detail/pos_rot__rosidl_typesupport_introspection_cpp.hpp
-- Installing: /home/stlab24-04/ira2_ws/install/haptic_teleop/include/haptic_teleop/haptic_teleop/msg/detail/unity_color__type_support.cpp
-- Installing: /home/stlab24-04/ira2_ws/install/haptic_teleop/include/haptic_teleop/haptic_teleop/msg/detail/pos_rot__type_support.cpp
-- Installing: /home/stlab24-04/ira2_ws/install/haptic_teleop/include/haptic_teleop/haptic_teleop/msg/detail/unity_color__rosidl_typesupport_introspection_cpp.hpp
-- Installing: /home/stlab24-04/ira2_ws/install/haptic_teleop/lib/libhaptic_teleop__rosidl_typesupport_introspection_cpp.so
-- Set non-toolchain portion of runtime path of "/home/stlab24-04/ira2_ws/install/haptic_teleop/lib/libhaptic_teleop__rosidl_typesupport_introspection_cpp.so" to ""
-- Installing: /home/stlab24-04/ira2_ws/install/haptic_teleop/lib/libhaptic_teleop__rosidl_typesupport_cpp.so
-- Set non-toolchain portion of runtime path of "/home/stlab24-04/ira2_ws/install/haptic_teleop/lib/libhaptic_teleop__rosidl_typesupport_cpp.so" to ""
-- Installing: /home/stlab24-04/ira2_ws/install/haptic_teleop/share/haptic_teleop/environment/pythonpath.sh
-- Installing: /home/stlab24-04/ira2_ws/install/haptic_teleop/share/haptic_teleop/environment/pythonpath.dsv
-- Installing: /home/stlab24-04/ira2_ws/install/haptic_teleop/lib/python3.12/site-packages/haptic_teleop-0.0.0-py3.12.egg-info
-- Installing: /home/stlab24-04/ira2_ws/install/haptic_teleop/lib/python3.12/site-packages/haptic_teleop-0.0.0-py3.12.egg-info/PKG-INFO
-- Installing: /home/stlab24-04/ira2_ws/install/haptic_teleop/lib/python3.12/site-packages/haptic_teleop-0.0.0-py3.12.egg-info/SOURCES.txt
-- Installing: /home/stlab24-04/ira2_ws/install/haptic_teleop/lib/python3.12/site-packages/haptic_teleop-0.0.0-py3.12.egg-info/top_level.txt
-- Installing: /home/stlab24-04/ira2_ws/install/haptic_teleop/lib/python3.12/site-packages/haptic_teleop-0.0.0-py3.12.egg-info/dependency_links.txt
-- Installing: /home/stlab24-04/ira2_ws/install/haptic_teleop/lib/python3.12/site-packages/haptic_teleop
-- Installing: /home/stlab24-04/ira2_ws/install/haptic_teleop/lib/python3.12/site-packages/haptic_teleop/_haptic_teleop_s.ep.rosidl_typesupport_c.c
-- Installing: /home/stlab24-04/ira2_ws/install/haptic_teleop/lib/python3.12/site-packages/haptic_teleop/srv
-- Installing: /home/stlab24-04/ira2_ws/install/haptic_teleop/lib/python3.12/site-packages/haptic_teleop/srv/_object_pose_service_s.c
-- Installing: /home/stlab24-04/ira2_ws/install/haptic_teleop/lib/python3.12/site-packages/haptic_teleop/srv/_position_service_s.c
-- Installing: /home/stlab24-04/ira2_ws/install/haptic_teleop/lib/python3.12/site-packages/haptic_teleop/srv/_position_service.py
-- Installing: /home/stlab24-04/ira2_ws/install/haptic_teleop/lib/python3.12/site-packages/haptic_teleop/srv/__init__.py
-- Installing: /home/stlab24-04/ira2_ws/install/haptic_teleop/lib/python3.12/site-packages/haptic_teleop/srv/_object_pose_service.py
-- Installing: /home/stlab24-04/ira2_ws/install/haptic_teleop/lib/python3.12/site-packages/haptic_teleop/msg
-- Installing: /home/stlab24-04/ira2_ws/install/haptic_teleop/lib/python3.12/site-packages/haptic_teleop/msg/_unity_color.py
-- Installing: /home/stlab24-04/ira2_ws/install/haptic_teleop/lib/python3.12/site-packages/haptic_teleop/msg/_pos_rot_s.c
-- Installing: /home/stlab24-04/ira2_ws/install/haptic_teleop/lib/python3.12/site-packages/haptic_teleop/msg/_pos_rot.py
-- Installing: /home/stlab24-04/ira2_ws/install/haptic_teleop/lib/python3.12/site-packages/haptic_teleop/msg/__init__.py
-- Installing: /home/stlab24-04/ira2_ws/install/haptic_teleop/lib/python3.12/site-packages/haptic_teleop/msg/_unity_color_s.c
-- Installing: /home/stlab24-04/ira2_ws/install/haptic_teleop/lib/python3.12/site-packages/haptic_teleop/_haptic_teleop_s.ep.rosidl_typesupport_fastrtps_c.c
-- Installing: /home/stlab24-04/ira2_ws/install/haptic_teleop/lib/python3.12/site-packages/haptic_teleop/haptic_teleop_s__rosidl_typesupport_c.so
-- Installing: /home/stlab24-04/ira2_ws/install/haptic_teleop/lib/python3.12/site-packages/haptic_teleop/__init__.py
-- Installing: /home/stlab24-04/ira2_ws/install/haptic_teleop/lib/python3.12/site-packages/haptic_teleop/haptic_teleop_s__rosidl_typesupport_fastrtps_c.so
-- Installing: /home/stlab24-04/ira2_ws/install/haptic_teleop/lib/python3.12/site-packages/haptic_teleop/_haptic_teleop_s.ep.rosidl_typesupport_introspection_c.c
-- Installing: /home/stlab24-04/ira2_ws/install/haptic_teleop/lib/python3.12/site-packages/haptic_teleop/haptic_teleop_s__rosidl_typesupport_introspection_c.so
Listing '/home/stlab24-04/ira2_ws/install/haptic_teleop/lib/python3.12/site-packages/haptic_teleop'...
Compiling '/home/stlab24-04/ira2_ws/install/haptic_teleop/lib/python3.12/site-packages/haptic_teleop/__init__.py'...
Listing '/home/stlab24-04/ira2_ws/install/haptic_teleop/lib/python3.12/site-packages/haptic_teleop/msg'...
Compiling '/home/stlab24-04/ira2_ws/install/haptic_teleop/lib/python3.12/site-packages/haptic_teleop/msg/__init__.py'...
Compiling '/home/stlab24-04/ira2_ws/install/haptic_teleop/lib/python3.12/site-packages/haptic_teleop/msg/_pos_rot.py'...
Compiling '/home/stlab24-04/ira2_ws/install/haptic_teleop/lib/python3.12/site-packages/haptic_teleop/msg/_unity_color.py'...
Listing '/home/stlab24-04/ira2_ws/install/haptic_teleop/lib/python3.12/site-packages/haptic_teleop/srv'...
Compiling '/home/stlab24-04/ira2_ws/install/haptic_teleop/lib/python3.12/site-packages/haptic_teleop/srv/__init__.py'...
Compiling '/home/stlab24-04/ira2_ws/install/haptic_teleop/lib/python3.12/site-packages/haptic_teleop/srv/_object_pose_service.py'...
Compiling '/home/stlab24-04/ira2_ws/install/haptic_teleop/lib/python3.12/site-packages/haptic_teleop/srv/_position_service.py'...
-- Installing: /home/stlab24-04/ira2_ws/install/haptic_teleop/lib/python3.12/site-packages/haptic_teleop/haptic_teleop_s__rosidl_typesupport_fastrtps_c.so
-- Set non-toolchain portion of runtime path of "/home/stlab24-04/ira2_ws/install/haptic_teleop/lib/python3.12/site-packages/haptic_teleop/haptic_teleop_s__rosidl_typesupport_fastrtps_c.so" to ""
-- Installing: /home/stlab24-04/ira2_ws/install/haptic_teleop/lib/python3.12/site-packages/haptic_teleop/haptic_teleop_s__rosidl_typesupport_introspection_c.so
-- Set non-toolchain portion of runtime path of "/home/stlab24-04/ira2_ws/install/haptic_teleop/lib/python3.12/site-packages/haptic_teleop/haptic_teleop_s__rosidl_typesupport_introspection_c.so" to ""
-- Installing: /home/stlab24-04/ira2_ws/install/haptic_teleop/lib/python3.12/site-packages/haptic_teleop/haptic_teleop_s__rosidl_typesupport_c.so
-- Set non-toolchain portion of runtime path of "/home/stlab24-04/ira2_ws/install/haptic_teleop/lib/python3.12/site-packages/haptic_teleop/haptic_teleop_s__rosidl_typesupport_c.so" to ""
-- Installing: /home/stlab24-04/ira2_ws/install/haptic_teleop/lib/libhaptic_teleop__rosidl_generator_py.so
-- Set non-toolchain portion of runtime path of "/home/stlab24-04/ira2_ws/install/haptic_teleop/lib/libhaptic_teleop__rosidl_generator_py.so" to ""
-- Installing: /home/stlab24-04/ira2_ws/install/haptic_teleop/share/haptic_teleop/msg/PosRot.idl
-- Installing: /home/stlab24-04/ira2_ws/install/haptic_teleop/share/haptic_teleop/msg/UnityColor.idl
-- Installing: /home/stlab24-04/ira2_ws/install/haptic_teleop/share/haptic_teleop/srv/PositionService.idl
-- Installing: /home/stlab24-04/ira2_ws/install/haptic_teleop/share/haptic_teleop/srv/ObjectPoseService.idl
-- Installing: /home/stlab24-04/ira2_ws/install/haptic_teleop/share/haptic_teleop/msg/PosRot.msg
-- Installing: /home/stlab24-04/ira2_ws/install/haptic_teleop/share/haptic_teleop/msg/UnityColor.msg
-- Installing: /home/stlab24-04/ira2_ws/install/haptic_teleop/share/haptic_teleop/srv/PositionService.srv
-- Installing: /home/stlab24-04/ira2_ws/install/haptic_teleop/share/haptic_teleop/srv/ObjectPoseService.srv
-- Installing: /home/stlab24-04/ira2_ws/install/haptic_teleop/lib/haptic_teleop/unity_control
-- Set non-toolchain portion of runtime path of "/home/stlab24-04/ira2_ws/install/haptic_teleop/lib/haptic_teleop/unity_control" to ""
-- Installing: /home/stlab24-04/ira2_ws/install/haptic_teleop/lib/haptic_teleop/unity_control_v2
-- Set non-toolchain portion of runtime path of "/home/stlab24-04/ira2_ws/install/haptic_teleop/lib/haptic_teleop/unity_control_v2" to ""
-- Installing: /home/stlab24-04/ira2_ws/install/haptic_teleop/lib/haptic_teleop/robot_control
-- Set non-toolchain portion of runtime path of "/home/stlab24-04/ira2_ws/install/haptic_teleop/lib/haptic_teleop/robot_control" to ""
-- Installing: /home/stlab24-04/ira2_ws/install/haptic_teleop/lib/haptic_teleop/joints_sub
-- Set non-toolchain portion of runtime path of "/home/stlab24-04/ira2_ws/install/haptic_teleop/lib/haptic_teleop/joints_sub" to ""
-- Installing: /home/stlab24-04/ira2_ws/install/haptic_teleop/lib/haptic_teleop/haptic_control
-- Set non-toolchain portion of runtime path of "/home/stlab24-04/ira2_ws/install/haptic_teleop/lib/haptic_teleop/haptic_control" to ""
-- Installing: /home/stlab24-04/ira2_ws/install/haptic_teleop/lib/haptic_teleop/haptic_control2
-- Set non-toolchain portion of runtime path of "/home/stlab24-04/ira2_ws/install/haptic_teleop/lib/haptic_teleop/haptic_control2" to ""
-- Installing: /home/stlab24-04/ira2_ws/install/haptic_teleop/lib/haptic_teleop/get_force
-- Set non-toolchain portion of runtime path of "/home/stlab24-04/ira2_ws/install/haptic_teleop/lib/haptic_teleop/get_force" to ""
-- Installing: /home/stlab24-04/ira2_ws/install/haptic_teleop/lib/haptic_teleop/color_publisher
-- Set non-toolchain portion of runtime path of "/home/stlab24-04/ira2_ws/install/haptic_teleop/lib/haptic_teleop/color_publisher" to ""
-- Installing: /home/stlab24-04/ira2_ws/install/haptic_teleop/lib/haptic_teleop/position_service
-- Set non-toolchain portion of runtime path of "/home/stlab24-04/ira2_ws/install/haptic_teleop/lib/haptic_teleop/position_service" to ""
-- Installing: /home/stlab24-04/ira2_ws/install/haptic_teleop/share/ament_index/resource_index/package_run_dependencies/haptic_teleop
-- Installing: /home/stlab24-04/ira2_ws/install/haptic_teleop/share/ament_index/resource_index/parent_prefix_path/haptic_teleop
-- Installing: /home/stlab24-04/ira2_ws/install/haptic_teleop/share/haptic_teleop/environment/ament_prefix_path.sh
-- Installing: /home/stlab24-04/ira2_ws/install/haptic_teleop/share/haptic_teleop/environment/ament_prefix_path.dsv
-- Installing: /home/stlab24-04/ira2_ws/install/haptic_teleop/share/haptic_teleop/environment/path.sh
-- Installing: /home/stlab24-04/ira2_ws/install/haptic_teleop/share/haptic_teleop/environment/path.dsv
-- Installing: /home/stlab24-04/ira2_ws/install/haptic_teleop/share/haptic_teleop/local_setup.bash
-- Installing: /home/stlab24-04/ira2_ws/install/haptic_teleop/share/haptic_teleop/local_setup.sh
-- Installing: /home/stlab24-04/ira2_ws/install/haptic_teleop/share/haptic_teleop/local_setup.zsh
-- Installing: /home/stlab24-04/ira2_ws/install/haptic_teleop/share/haptic_teleop/local_setup.dsv
-- Installing: /home/stlab24-04/ira2_ws/install/haptic_teleop/share/haptic_teleop/package.dsv
-- Installing: /home/stlab24-04/ira2_ws/install/haptic_teleop/share/ament_index/resource_index/packages/haptic_teleop
-- Installing: /home/stlab24-04/ira2_ws/install/haptic_teleop/share/haptic_teleop/cmake/export_haptic_teleop__rosidl_generator_cExport.cmake
-- Installing: /home/stlab24-04/ira2_ws/install/haptic_teleop/share/haptic_teleop/cmake/export_haptic_teleop__rosidl_generator_cExport-noconfig.cmake
-- Installing: /home/stlab24-04/ira2_ws/install/haptic_teleop/share/haptic_teleop/cmake/export_haptic_teleop__rosidl_typesupport_fastrtps_cExport.cmake
-- Installing: /home/stlab24-04/ira2_ws/install/haptic_teleop/share/haptic_teleop/cmake/export_haptic_teleop__rosidl_typesupport_fastrtps_cExport-noconfig.cmake
-- Installing: /home/stlab24-04/ira2_ws/install/haptic_teleop/share/haptic_teleop/cmake/export_haptic_teleop__rosidl_generator_cppExport.cmake
-- Installing: /home/stlab24-04/ira2_ws/install/haptic_teleop/share/haptic_teleop/cmake/export_haptic_teleop__rosidl_typesupport_fastrtps_cppExport.cmake
-- Installing: /home/stlab24-04/ira2_ws/install/haptic_teleop/share/haptic_teleop/cmake/export_haptic_teleop__rosidl_typesupport_fastrtps_cppExport-noconfig.cmake
-- Installing: /home/stlab24-04/ira2_ws/install/haptic_teleop/share/haptic_teleop/cmake/haptic_teleop__rosidl_typesupport_introspection_cExport.cmake
-- Installing: /home/stlab24-04/ira2_ws/install/haptic_teleop/share/haptic_teleop/cmake/haptic_teleop__rosidl_typesupport_introspection_cExport-noconfig.cmake
-- Installing: /home/stlab24-04/ira2_ws/install/haptic_teleop/share/haptic_teleop/cmake/haptic_teleop__rosidl_typesupport_cExport.cmake
-- Installing: /home/stlab24-04/ira2_ws/install/haptic_teleop/share/haptic_teleop/cmake/haptic_teleop__rosidl_typesupport_cExport-noconfig.cmake
-- Installing: /home/stlab24-04/ira2_ws/install/haptic_teleop/share/haptic_teleop/cmake/haptic_teleop__rosidl_typesupport_introspection_cppExport.cmake
-- Installing: /home/stlab24-04/ira2_ws/install/haptic_teleop/share/haptic_teleop/cmake/haptic_teleop__rosidl_typesupport_introspection_cppExport-noconfig.cmake
-- Installing: /home/stlab24-04/ira2_ws/install/haptic_teleop/share/haptic_teleop/cmake/haptic_teleop__rosidl_typesupport_cppExport.cmake
-- Installing: /home/stlab24-04/ira2_ws/install/haptic_teleop/share/haptic_teleop/cmake/haptic_teleop__rosidl_typesupport_cppExport-noconfig.cmake
-- Installing: /home/stlab24-04/ira2_ws/install/haptic_teleop/share/haptic_teleop/cmake/export_haptic_teleop__rosidl_generator_pyExport.cmake
-- Installing: /home/stlab24-04/ira2_ws/install/haptic_teleop/share/haptic_teleop/cmake/export_haptic_teleop__rosidl_generator_pyExport-noconfig.cmake
-- Installing: /home/stlab24-04/ira2_ws/install/haptic_teleop/share/haptic_teleop/cmake/rosidl_cmake-extras.cmake
-- Installing: /home/stlab24-04/ira2_ws/install/haptic_teleop/share/haptic_teleop/cmake/ament_cmake_export_dependencies-extras.cmake
-- Installing: /home/stlab24-04/ira2_ws/install/haptic_teleop/share/haptic_teleop/cmake/ament_cmake_export_include_directories-extras.cmake
-- Installing: /home/stlab24-04/ira2_ws/install/haptic_teleop/share/haptic_teleop/cmake/ament_cmake_export_libraries-extras.cmake
-- Installing: /home/stlab24-04/ira2_ws/install/haptic_teleop/share/haptic_teleop/cmake/ament_cmake_export_targets-extras.cmake
-- Installing: /home/stlab24-04/ira2_ws/install/haptic_teleop/share/haptic_teleop/cmake/rosidl_cmake_export_typesupport_targets-extras.cmake
-- Installing: /home/stlab24-04/ira2_ws/install/haptic_teleop/share/haptic_teleop/cmake/rosidl_cmake_export_typesupport_libraries-extras.cmake
-- Installing: /home/stlab24-04/ira2_ws/install/haptic_teleop/share/haptic_teleop/cmake/haptic_teleopConfig.cmake
-- Installing: /home/stlab24-04/ira2_ws/install/haptic_teleop/share/haptic_teleop/cmake/haptic_teleopConfig-version.cmake
-- Installing: /home/stlab24-04/ira2_ws/install/haptic_teleop/share/haptic_teleop/package.xml
