[  1%] Built target unity_robotics_ira2__rosidl_generator_type_description
[  3%] Built target robot_control
[  6%] Built target ament_cmake_python_copy_unity_robotics_ira2
[  8%] Built target unity_control
[  8%] Built target get_force
[ 10%] Built target unity_control_v2
[ 13%] Built target joints_sub
[ 14%] Built target unity_robotics_ira2__cpp
[ 31%] Built target unity_robotics_ira2__rosidl_generator_c
[ 60%] Built target unity_robotics_ira2__rosidl_typesupport_introspection_c
[ 60%] Built target unity_robotics_ira2__rosidl_typesupport_introspection_cpp
[ 60%] Built target unity_robotics_ira2__rosidl_typesupport_cpp
[ 60%] Built target unity_robotics_ira2__rosidl_typesupport_fastrtps_cpp
[ 68%] Built target unity_robotics_ira2__rosidl_typesupport_c
[ 75%] Built target unity_robotics_ira2__rosidl_typesupport_fastrtps_c
[ 75%] Built target unity_robotics_ira2
[ 76%] Built target unity_robotics_ira2__py
[ 79%] Built target color_publisher
[ 81%] Built target position_service
[ 86%] Built target haptic_control
[ 86%] Built target haptic_control2
[ 92%] Built target unity_robotics_ira2__rosidl_generator_py
[ 98%] Built target unity_robotics_ira2_s__rosidl_typesupport_fastrtps_c
[ 98%] Built target unity_robotics_ira2_s__rosidl_typesupport_introspection_c
[100%] Built target unity_robotics_ira2_s__rosidl_typesupport_c
running egg_info
writing unity_robotics_ira2.egg-info/PKG-INFO
writing dependency_links to unity_robotics_ira2.egg-info/dependency_links.txt
writing top-level names to unity_robotics_ira2.egg-info/top_level.txt
reading manifest file 'unity_robotics_ira2.egg-info/SOURCES.txt'
writing manifest file 'unity_robotics_ira2.egg-info/SOURCES.txt'
[100%] Built target ament_cmake_python_build_unity_robotics_ira2_egg
-- Install configuration: ""
-- Up-to-date: /home/stlab24-04/ira2_ws/install/unity_robotics_ira2/share/ament_index/resource_index/rosidl_interfaces/unity_robotics_ira2
-- Up-to-date: /home/stlab24-04/ira2_ws/install/unity_robotics_ira2/share/unity_robotics_ira2/msg/PosRot.json
-- Up-to-date: /home/stlab24-04/ira2_ws/install/unity_robotics_ira2/share/unity_robotics_ira2/msg/UnityColor.json
-- Up-to-date: /home/stlab24-04/ira2_ws/install/unity_robotics_ira2/share/unity_robotics_ira2/srv/PositionService.json
-- Up-to-date: /home/stlab24-04/ira2_ws/install/unity_robotics_ira2/share/unity_robotics_ira2/srv/ObjectPoseService.json
-- Up-to-date: /home/stlab24-04/ira2_ws/install/unity_robotics_ira2/include/unity_robotics_ira2/unity_robotics_ira2
-- Up-to-date: /home/stlab24-04/ira2_ws/install/unity_robotics_ira2/include/unity_robotics_ira2/unity_robotics_ira2/srv
-- Up-to-date: /home/stlab24-04/ira2_ws/install/unity_robotics_ira2/include/unity_robotics_ira2/unity_robotics_ira2/srv/position_service.h
-- Up-to-date: /home/stlab24-04/ira2_ws/install/unity_robotics_ira2/include/unity_robotics_ira2/unity_robotics_ira2/srv/detail
-- Up-to-date: /home/stlab24-04/ira2_ws/install/unity_robotics_ira2/include/unity_robotics_ira2/unity_robotics_ira2/srv/detail/position_service__struct.h
-- Up-to-date: /home/stlab24-04/ira2_ws/install/unity_robotics_ira2/include/unity_robotics_ira2/unity_robotics_ira2/srv/detail/object_pose_service__struct.h
-- Up-to-date: /home/stlab24-04/ira2_ws/install/unity_robotics_ira2/include/unity_robotics_ira2/unity_robotics_ira2/srv/detail/object_pose_service__functions.h
-- Up-to-date: /home/stlab24-04/ira2_ws/install/unity_robotics_ira2/include/unity_robotics_ira2/unity_robotics_ira2/srv/detail/position_service__type_support.h
-- Up-to-date: /home/stlab24-04/ira2_ws/install/unity_robotics_ira2/include/unity_robotics_ira2/unity_robotics_ira2/srv/detail/object_pose_service__functions.c
-- Up-to-date: /home/stlab24-04/ira2_ws/install/unity_robotics_ira2/include/unity_robotics_ira2/unity_robotics_ira2/srv/detail/object_pose_service__type_support.c
-- Up-to-date: /home/stlab24-04/ira2_ws/install/unity_robotics_ira2/include/unity_robotics_ira2/unity_robotics_ira2/srv/detail/object_pose_service__description.c
-- Up-to-date: /home/stlab24-04/ira2_ws/install/unity_robotics_ira2/include/unity_robotics_ira2/unity_robotics_ira2/srv/detail/position_service__type_support.c
-- Up-to-date: /home/stlab24-04/ira2_ws/install/unity_robotics_ira2/include/unity_robotics_ira2/unity_robotics_ira2/srv/detail/position_service__description.c
-- Up-to-date: /home/stlab24-04/ira2_ws/install/unity_robotics_ira2/include/unity_robotics_ira2/unity_robotics_ira2/srv/detail/position_service__functions.c
-- Up-to-date: /home/stlab24-04/ira2_ws/install/unity_robotics_ira2/include/unity_robotics_ira2/unity_robotics_ira2/srv/detail/object_pose_service__type_support.h
-- Up-to-date: /home/stlab24-04/ira2_ws/install/unity_robotics_ira2/include/unity_robotics_ira2/unity_robotics_ira2/srv/detail/position_service__functions.h
-- Up-to-date: /home/stlab24-04/ira2_ws/install/unity_robotics_ira2/include/unity_robotics_ira2/unity_robotics_ira2/srv/object_pose_service.h
-- Up-to-date: /home/stlab24-04/ira2_ws/install/unity_robotics_ira2/include/unity_robotics_ira2/unity_robotics_ira2/msg
-- Up-to-date: /home/stlab24-04/ira2_ws/install/unity_robotics_ira2/include/unity_robotics_ira2/unity_robotics_ira2/msg/unity_color.h
-- Up-to-date: /home/stlab24-04/ira2_ws/install/unity_robotics_ira2/include/unity_robotics_ira2/unity_robotics_ira2/msg/detail
-- Up-to-date: /home/stlab24-04/ira2_ws/install/unity_robotics_ira2/include/unity_robotics_ira2/unity_robotics_ira2/msg/detail/pos_rot__type_support.c
-- Up-to-date: /home/stlab24-04/ira2_ws/install/unity_robotics_ira2/include/unity_robotics_ira2/unity_robotics_ira2/msg/detail/pos_rot__type_support.h
-- Up-to-date: /home/stlab24-04/ira2_ws/install/unity_robotics_ira2/include/unity_robotics_ira2/unity_robotics_ira2/msg/detail/pos_rot__functions.c
-- Up-to-date: /home/stlab24-04/ira2_ws/install/unity_robotics_ira2/include/unity_robotics_ira2/unity_robotics_ira2/msg/detail/unity_color__functions.c
-- Up-to-date: /home/stlab24-04/ira2_ws/install/unity_robotics_ira2/include/unity_robotics_ira2/unity_robotics_ira2/msg/detail/pos_rot__functions.h
-- Up-to-date: /home/stlab24-04/ira2_ws/install/unity_robotics_ira2/include/unity_robotics_ira2/unity_robotics_ira2/msg/detail/pos_rot__description.c
-- Up-to-date: /home/stlab24-04/ira2_ws/install/unity_robotics_ira2/include/unity_robotics_ira2/unity_robotics_ira2/msg/detail/unity_color__type_support.h
-- Up-to-date: /home/stlab24-04/ira2_ws/install/unity_robotics_ira2/include/unity_robotics_ira2/unity_robotics_ira2/msg/detail/pos_rot__struct.h
-- Up-to-date: /home/stlab24-04/ira2_ws/install/unity_robotics_ira2/include/unity_robotics_ira2/unity_robotics_ira2/msg/detail/unity_color__struct.h
-- Up-to-date: /home/stlab24-04/ira2_ws/install/unity_robotics_ira2/include/unity_robotics_ira2/unity_robotics_ira2/msg/detail/unity_color__functions.h
-- Up-to-date: /home/stlab24-04/ira2_ws/install/unity_robotics_ira2/include/unity_robotics_ira2/unity_robotics_ira2/msg/detail/unity_color__description.c
-- Up-to-date: /home/stlab24-04/ira2_ws/install/unity_robotics_ira2/include/unity_robotics_ira2/unity_robotics_ira2/msg/detail/unity_color__type_support.c
-- Up-to-date: /home/stlab24-04/ira2_ws/install/unity_robotics_ira2/include/unity_robotics_ira2/unity_robotics_ira2/msg/pos_rot.h
-- Up-to-date: /home/stlab24-04/ira2_ws/install/unity_robotics_ira2/include/unity_robotics_ira2/unity_robotics_ira2/msg/rosidl_generator_c__visibility_control.h
-- Up-to-date: /home/stlab24-04/ira2_ws/install/unity_robotics_ira2/share/unity_robotics_ira2/environment/library_path.sh
-- Up-to-date: /home/stlab24-04/ira2_ws/install/unity_robotics_ira2/share/unity_robotics_ira2/environment/library_path.dsv
-- Up-to-date: /home/stlab24-04/ira2_ws/install/unity_robotics_ira2/lib/libunity_robotics_ira2__rosidl_generator_c.so
-- Up-to-date: /home/stlab24-04/ira2_ws/install/unity_robotics_ira2/include/unity_robotics_ira2/unity_robotics_ira2
-- Up-to-date: /home/stlab24-04/ira2_ws/install/unity_robotics_ira2/include/unity_robotics_ira2/unity_robotics_ira2/srv
-- Up-to-date: /home/stlab24-04/ira2_ws/install/unity_robotics_ira2/include/unity_robotics_ira2/unity_robotics_ira2/srv/detail
-- Up-to-date: /home/stlab24-04/ira2_ws/install/unity_robotics_ira2/include/unity_robotics_ira2/unity_robotics_ira2/srv/detail/object_pose_service__rosidl_typesupport_fastrtps_c.h
-- Up-to-date: /home/stlab24-04/ira2_ws/install/unity_robotics_ira2/include/unity_robotics_ira2/unity_robotics_ira2/srv/detail/position_service__rosidl_typesupport_fastrtps_c.h
-- Up-to-date: /home/stlab24-04/ira2_ws/install/unity_robotics_ira2/include/unity_robotics_ira2/unity_robotics_ira2/msg
-- Up-to-date: /home/stlab24-04/ira2_ws/install/unity_robotics_ira2/include/unity_robotics_ira2/unity_robotics_ira2/msg/rosidl_typesupport_fastrtps_c__visibility_control.h
-- Up-to-date: /home/stlab24-04/ira2_ws/install/unity_robotics_ira2/include/unity_robotics_ira2/unity_robotics_ira2/msg/detail
-- Up-to-date: /home/stlab24-04/ira2_ws/install/unity_robotics_ira2/include/unity_robotics_ira2/unity_robotics_ira2/msg/detail/unity_color__rosidl_typesupport_fastrtps_c.h
-- Up-to-date: /home/stlab24-04/ira2_ws/install/unity_robotics_ira2/include/unity_robotics_ira2/unity_robotics_ira2/msg/detail/pos_rot__rosidl_typesupport_fastrtps_c.h
-- Up-to-date: /home/stlab24-04/ira2_ws/install/unity_robotics_ira2/lib/libunity_robotics_ira2__rosidl_typesupport_fastrtps_c.so
-- Up-to-date: /home/stlab24-04/ira2_ws/install/unity_robotics_ira2/include/unity_robotics_ira2/unity_robotics_ira2
-- Up-to-date: /home/stlab24-04/ira2_ws/install/unity_robotics_ira2/include/unity_robotics_ira2/unity_robotics_ira2/srv
-- Up-to-date: /home/stlab24-04/ira2_ws/install/unity_robotics_ira2/include/unity_robotics_ira2/unity_robotics_ira2/srv/object_pose_service.hpp
-- Up-to-date: /home/stlab24-04/ira2_ws/install/unity_robotics_ira2/include/unity_robotics_ira2/unity_robotics_ira2/srv/detail
-- Up-to-date: /home/stlab24-04/ira2_ws/install/unity_robotics_ira2/include/unity_robotics_ira2/unity_robotics_ira2/srv/detail/object_pose_service__struct.hpp
-- Up-to-date: /home/stlab24-04/ira2_ws/install/unity_robotics_ira2/include/unity_robotics_ira2/unity_robotics_ira2/srv/detail/position_service__builder.hpp
-- Up-to-date: /home/stlab24-04/ira2_ws/install/unity_robotics_ira2/include/unity_robotics_ira2/unity_robotics_ira2/srv/detail/position_service__traits.hpp
-- Up-to-date: /home/stlab24-04/ira2_ws/install/unity_robotics_ira2/include/unity_robotics_ira2/unity_robotics_ira2/srv/detail/object_pose_service__builder.hpp
-- Up-to-date: /home/stlab24-04/ira2_ws/install/unity_robotics_ira2/include/unity_robotics_ira2/unity_robotics_ira2/srv/detail/object_pose_service__traits.hpp
-- Up-to-date: /home/stlab24-04/ira2_ws/install/unity_robotics_ira2/include/unity_robotics_ira2/unity_robotics_ira2/srv/detail/object_pose_service__type_support.hpp
-- Up-to-date: /home/stlab24-04/ira2_ws/install/unity_robotics_ira2/include/unity_robotics_ira2/unity_robotics_ira2/srv/detail/position_service__type_support.hpp
-- Up-to-date: /home/stlab24-04/ira2_ws/install/unity_robotics_ira2/include/unity_robotics_ira2/unity_robotics_ira2/srv/detail/position_service__struct.hpp
-- Up-to-date: /home/stlab24-04/ira2_ws/install/unity_robotics_ira2/include/unity_robotics_ira2/unity_robotics_ira2/srv/position_service.hpp
-- Up-to-date: /home/stlab24-04/ira2_ws/install/unity_robotics_ira2/include/unity_robotics_ira2/unity_robotics_ira2/msg
-- Up-to-date: /home/stlab24-04/ira2_ws/install/unity_robotics_ira2/include/unity_robotics_ira2/unity_robotics_ira2/msg/pos_rot.hpp
-- Up-to-date: /home/stlab24-04/ira2_ws/install/unity_robotics_ira2/include/unity_robotics_ira2/unity_robotics_ira2/msg/rosidl_generator_cpp__visibility_control.hpp
-- Up-to-date: /home/stlab24-04/ira2_ws/install/unity_robotics_ira2/include/unity_robotics_ira2/unity_robotics_ira2/msg/detail
-- Up-to-date: /home/stlab24-04/ira2_ws/install/unity_robotics_ira2/include/unity_robotics_ira2/unity_robotics_ira2/msg/detail/pos_rot__struct.hpp
-- Up-to-date: /home/stlab24-04/ira2_ws/install/unity_robotics_ira2/include/unity_robotics_ira2/unity_robotics_ira2/msg/detail/unity_color__type_support.hpp
-- Up-to-date: /home/stlab24-04/ira2_ws/install/unity_robotics_ira2/include/unity_robotics_ira2/unity_robotics_ira2/msg/detail/pos_rot__type_support.hpp
-- Up-to-date: /home/stlab24-04/ira2_ws/install/unity_robotics_ira2/include/unity_robotics_ira2/unity_robotics_ira2/msg/detail/unity_color__builder.hpp
-- Up-to-date: /home/stlab24-04/ira2_ws/install/unity_robotics_ira2/include/unity_robotics_ira2/unity_robotics_ira2/msg/detail/unity_color__traits.hpp
-- Up-to-date: /home/stlab24-04/ira2_ws/install/unity_robotics_ira2/include/unity_robotics_ira2/unity_robotics_ira2/msg/detail/pos_rot__builder.hpp
-- Up-to-date: /home/stlab24-04/ira2_ws/install/unity_robotics_ira2/include/unity_robotics_ira2/unity_robotics_ira2/msg/detail/unity_color__struct.hpp
-- Up-to-date: /home/stlab24-04/ira2_ws/install/unity_robotics_ira2/include/unity_robotics_ira2/unity_robotics_ira2/msg/detail/pos_rot__traits.hpp
-- Up-to-date: /home/stlab24-04/ira2_ws/install/unity_robotics_ira2/include/unity_robotics_ira2/unity_robotics_ira2/msg/unity_color.hpp
-- Up-to-date: /home/stlab24-04/ira2_ws/install/unity_robotics_ira2/include/unity_robotics_ira2/unity_robotics_ira2
-- Up-to-date: /home/stlab24-04/ira2_ws/install/unity_robotics_ira2/include/unity_robotics_ira2/unity_robotics_ira2/srv
-- Up-to-date: /home/stlab24-04/ira2_ws/install/unity_robotics_ira2/include/unity_robotics_ira2/unity_robotics_ira2/srv/detail
-- Up-to-date: /home/stlab24-04/ira2_ws/install/unity_robotics_ira2/include/unity_robotics_ira2/unity_robotics_ira2/srv/detail/object_pose_service__rosidl_typesupport_fastrtps_cpp.hpp
-- Up-to-date: /home/stlab24-04/ira2_ws/install/unity_robotics_ira2/include/unity_robotics_ira2/unity_robotics_ira2/srv/detail/dds_fastrtps
-- Up-to-date: /home/stlab24-04/ira2_ws/install/unity_robotics_ira2/include/unity_robotics_ira2/unity_robotics_ira2/srv/detail/position_service__rosidl_typesupport_fastrtps_cpp.hpp
-- Up-to-date: /home/stlab24-04/ira2_ws/install/unity_robotics_ira2/include/unity_robotics_ira2/unity_robotics_ira2/msg
-- Up-to-date: /home/stlab24-04/ira2_ws/install/unity_robotics_ira2/include/unity_robotics_ira2/unity_robotics_ira2/msg/rosidl_typesupport_fastrtps_cpp__visibility_control.h
-- Up-to-date: /home/stlab24-04/ira2_ws/install/unity_robotics_ira2/include/unity_robotics_ira2/unity_robotics_ira2/msg/detail
-- Up-to-date: /home/stlab24-04/ira2_ws/install/unity_robotics_ira2/include/unity_robotics_ira2/unity_robotics_ira2/msg/detail/dds_fastrtps
-- Up-to-date: /home/stlab24-04/ira2_ws/install/unity_robotics_ira2/include/unity_robotics_ira2/unity_robotics_ira2/msg/detail/unity_color__rosidl_typesupport_fastrtps_cpp.hpp
-- Up-to-date: /home/stlab24-04/ira2_ws/install/unity_robotics_ira2/include/unity_robotics_ira2/unity_robotics_ira2/msg/detail/pos_rot__rosidl_typesupport_fastrtps_cpp.hpp
-- Up-to-date: /home/stlab24-04/ira2_ws/install/unity_robotics_ira2/lib/libunity_robotics_ira2__rosidl_typesupport_fastrtps_cpp.so
-- Up-to-date: /home/stlab24-04/ira2_ws/install/unity_robotics_ira2/include/unity_robotics_ira2/unity_robotics_ira2
-- Up-to-date: /home/stlab24-04/ira2_ws/install/unity_robotics_ira2/include/unity_robotics_ira2/unity_robotics_ira2/srv
-- Up-to-date: /home/stlab24-04/ira2_ws/install/unity_robotics_ira2/include/unity_robotics_ira2/unity_robotics_ira2/srv/detail
-- Up-to-date: /home/stlab24-04/ira2_ws/install/unity_robotics_ira2/include/unity_robotics_ira2/unity_robotics_ira2/srv/detail/object_pose_service__rosidl_typesupport_introspection_c.h
-- Up-to-date: /home/stlab24-04/ira2_ws/install/unity_robotics_ira2/include/unity_robotics_ira2/unity_robotics_ira2/srv/detail/object_pose_service__type_support.c
-- Up-to-date: /home/stlab24-04/ira2_ws/install/unity_robotics_ira2/include/unity_robotics_ira2/unity_robotics_ira2/srv/detail/position_service__rosidl_typesupport_introspection_c.h
-- Up-to-date: /home/stlab24-04/ira2_ws/install/unity_robotics_ira2/include/unity_robotics_ira2/unity_robotics_ira2/srv/detail/position_service__type_support.c
-- Up-to-date: /home/stlab24-04/ira2_ws/install/unity_robotics_ira2/include/unity_robotics_ira2/unity_robotics_ira2/msg
-- Up-to-date: /home/stlab24-04/ira2_ws/install/unity_robotics_ira2/include/unity_robotics_ira2/unity_robotics_ira2/msg/rosidl_typesupport_introspection_c__visibility_control.h
-- Up-to-date: /home/stlab24-04/ira2_ws/install/unity_robotics_ira2/include/unity_robotics_ira2/unity_robotics_ira2/msg/detail
-- Up-to-date: /home/stlab24-04/ira2_ws/install/unity_robotics_ira2/include/unity_robotics_ira2/unity_robotics_ira2/msg/detail/pos_rot__type_support.c
-- Up-to-date: /home/stlab24-04/ira2_ws/install/unity_robotics_ira2/include/unity_robotics_ira2/unity_robotics_ira2/msg/detail/unity_color__rosidl_typesupport_introspection_c.h
-- Up-to-date: /home/stlab24-04/ira2_ws/install/unity_robotics_ira2/include/unity_robotics_ira2/unity_robotics_ira2/msg/detail/pos_rot__rosidl_typesupport_introspection_c.h
-- Up-to-date: /home/stlab24-04/ira2_ws/install/unity_robotics_ira2/include/unity_robotics_ira2/unity_robotics_ira2/msg/detail/unity_color__type_support.c
-- Up-to-date: /home/stlab24-04/ira2_ws/install/unity_robotics_ira2/lib/libunity_robotics_ira2__rosidl_typesupport_introspection_c.so
-- Up-to-date: /home/stlab24-04/ira2_ws/install/unity_robotics_ira2/lib/libunity_robotics_ira2__rosidl_typesupport_c.so
-- Up-to-date: /home/stlab24-04/ira2_ws/install/unity_robotics_ira2/include/unity_robotics_ira2/unity_robotics_ira2
-- Up-to-date: /home/stlab24-04/ira2_ws/install/unity_robotics_ira2/include/unity_robotics_ira2/unity_robotics_ira2/srv
-- Up-to-date: /home/stlab24-04/ira2_ws/install/unity_robotics_ira2/include/unity_robotics_ira2/unity_robotics_ira2/srv/detail
-- Up-to-date: /home/stlab24-04/ira2_ws/install/unity_robotics_ira2/include/unity_robotics_ira2/unity_robotics_ira2/srv/detail/position_service__type_support.cpp
-- Up-to-date: /home/stlab24-04/ira2_ws/install/unity_robotics_ira2/include/unity_robotics_ira2/unity_robotics_ira2/srv/detail/position_service__rosidl_typesupport_introspection_cpp.hpp
-- Up-to-date: /home/stlab24-04/ira2_ws/install/unity_robotics_ira2/include/unity_robotics_ira2/unity_robotics_ira2/srv/detail/object_pose_service__type_support.cpp
-- Up-to-date: /home/stlab24-04/ira2_ws/install/unity_robotics_ira2/include/unity_robotics_ira2/unity_robotics_ira2/srv/detail/object_pose_service__rosidl_typesupport_introspection_cpp.hpp
-- Up-to-date: /home/stlab24-04/ira2_ws/install/unity_robotics_ira2/include/unity_robotics_ira2/unity_robotics_ira2/msg
-- Up-to-date: /home/stlab24-04/ira2_ws/install/unity_robotics_ira2/include/unity_robotics_ira2/unity_robotics_ira2/msg/detail
-- Up-to-date: /home/stlab24-04/ira2_ws/install/unity_robotics_ira2/include/unity_robotics_ira2/unity_robotics_ira2/msg/detail/pos_rot__rosidl_typesupport_introspection_cpp.hpp
-- Up-to-date: /home/stlab24-04/ira2_ws/install/unity_robotics_ira2/include/unity_robotics_ira2/unity_robotics_ira2/msg/detail/unity_color__type_support.cpp
-- Up-to-date: /home/stlab24-04/ira2_ws/install/unity_robotics_ira2/include/unity_robotics_ira2/unity_robotics_ira2/msg/detail/pos_rot__type_support.cpp
-- Up-to-date: /home/stlab24-04/ira2_ws/install/unity_robotics_ira2/include/unity_robotics_ira2/unity_robotics_ira2/msg/detail/unity_color__rosidl_typesupport_introspection_cpp.hpp
-- Up-to-date: /home/stlab24-04/ira2_ws/install/unity_robotics_ira2/lib/libunity_robotics_ira2__rosidl_typesupport_introspection_cpp.so
-- Up-to-date: /home/stlab24-04/ira2_ws/install/unity_robotics_ira2/lib/libunity_robotics_ira2__rosidl_typesupport_cpp.so
-- Up-to-date: /home/stlab24-04/ira2_ws/install/unity_robotics_ira2/share/unity_robotics_ira2/environment/pythonpath.sh
-- Up-to-date: /home/stlab24-04/ira2_ws/install/unity_robotics_ira2/share/unity_robotics_ira2/environment/pythonpath.dsv
-- Up-to-date: /home/stlab24-04/ira2_ws/install/unity_robotics_ira2/lib/python3.12/site-packages/unity_robotics_ira2-0.0.0-py3.12.egg-info
-- Installing: /home/stlab24-04/ira2_ws/install/unity_robotics_ira2/lib/python3.12/site-packages/unity_robotics_ira2-0.0.0-py3.12.egg-info/PKG-INFO
-- Installing: /home/stlab24-04/ira2_ws/install/unity_robotics_ira2/lib/python3.12/site-packages/unity_robotics_ira2-0.0.0-py3.12.egg-info/SOURCES.txt
-- Installing: /home/stlab24-04/ira2_ws/install/unity_robotics_ira2/lib/python3.12/site-packages/unity_robotics_ira2-0.0.0-py3.12.egg-info/top_level.txt
-- Installing: /home/stlab24-04/ira2_ws/install/unity_robotics_ira2/lib/python3.12/site-packages/unity_robotics_ira2-0.0.0-py3.12.egg-info/dependency_links.txt
-- Up-to-date: /home/stlab24-04/ira2_ws/install/unity_robotics_ira2/lib/python3.12/site-packages/unity_robotics_ira2
-- Up-to-date: /home/stlab24-04/ira2_ws/install/unity_robotics_ira2/lib/python3.12/site-packages/unity_robotics_ira2/srv
-- Up-to-date: /home/stlab24-04/ira2_ws/install/unity_robotics_ira2/lib/python3.12/site-packages/unity_robotics_ira2/srv/_object_pose_service_s.c
-- Up-to-date: /home/stlab24-04/ira2_ws/install/unity_robotics_ira2/lib/python3.12/site-packages/unity_robotics_ira2/srv/_position_service_s.c
-- Up-to-date: /home/stlab24-04/ira2_ws/install/unity_robotics_ira2/lib/python3.12/site-packages/unity_robotics_ira2/srv/_position_service.py
-- Up-to-date: /home/stlab24-04/ira2_ws/install/unity_robotics_ira2/lib/python3.12/site-packages/unity_robotics_ira2/srv/__init__.py
-- Up-to-date: /home/stlab24-04/ira2_ws/install/unity_robotics_ira2/lib/python3.12/site-packages/unity_robotics_ira2/srv/_object_pose_service.py
-- Up-to-date: /home/stlab24-04/ira2_ws/install/unity_robotics_ira2/lib/python3.12/site-packages/unity_robotics_ira2/unity_robotics_ira2_s__rosidl_typesupport_fastrtps_c.so
-- Up-to-date: /home/stlab24-04/ira2_ws/install/unity_robotics_ira2/lib/python3.12/site-packages/unity_robotics_ira2/msg
-- Up-to-date: /home/stlab24-04/ira2_ws/install/unity_robotics_ira2/lib/python3.12/site-packages/unity_robotics_ira2/msg/_unity_color.py
-- Up-to-date: /home/stlab24-04/ira2_ws/install/unity_robotics_ira2/lib/python3.12/site-packages/unity_robotics_ira2/msg/_pos_rot_s.c
-- Up-to-date: /home/stlab24-04/ira2_ws/install/unity_robotics_ira2/lib/python3.12/site-packages/unity_robotics_ira2/msg/_pos_rot.py
-- Up-to-date: /home/stlab24-04/ira2_ws/install/unity_robotics_ira2/lib/python3.12/site-packages/unity_robotics_ira2/msg/__init__.py
-- Up-to-date: /home/stlab24-04/ira2_ws/install/unity_robotics_ira2/lib/python3.12/site-packages/unity_robotics_ira2/msg/_unity_color_s.c
-- Up-to-date: /home/stlab24-04/ira2_ws/install/unity_robotics_ira2/lib/python3.12/site-packages/unity_robotics_ira2/_unity_robotics_ira2_s.ep.rosidl_typesupport_fastrtps_c.c
-- Up-to-date: /home/stlab24-04/ira2_ws/install/unity_robotics_ira2/lib/python3.12/site-packages/unity_robotics_ira2/__init__.py
-- Up-to-date: /home/stlab24-04/ira2_ws/install/unity_robotics_ira2/lib/python3.12/site-packages/unity_robotics_ira2/_unity_robotics_ira2_s.ep.rosidl_typesupport_introspection_c.c
-- Up-to-date: /home/stlab24-04/ira2_ws/install/unity_robotics_ira2/lib/python3.12/site-packages/unity_robotics_ira2/unity_robotics_ira2_s__rosidl_typesupport_c.so
-- Up-to-date: /home/stlab24-04/ira2_ws/install/unity_robotics_ira2/lib/python3.12/site-packages/unity_robotics_ira2/_unity_robotics_ira2_s.ep.rosidl_typesupport_c.c
-- Up-to-date: /home/stlab24-04/ira2_ws/install/unity_robotics_ira2/lib/python3.12/site-packages/unity_robotics_ira2/unity_robotics_ira2_s__rosidl_typesupport_introspection_c.so
Listing '/home/stlab24-04/ira2_ws/install/unity_robotics_ira2/lib/python3.12/site-packages/unity_robotics_ira2'...
Listing '/home/stlab24-04/ira2_ws/install/unity_robotics_ira2/lib/python3.12/site-packages/unity_robotics_ira2/msg'...
Listing '/home/stlab24-04/ira2_ws/install/unity_robotics_ira2/lib/python3.12/site-packages/unity_robotics_ira2/srv'...
-- Up-to-date: /home/stlab24-04/ira2_ws/install/unity_robotics_ira2/lib/python3.12/site-packages/unity_robotics_ira2/unity_robotics_ira2_s__rosidl_typesupport_fastrtps_c.so
-- Up-to-date: /home/stlab24-04/ira2_ws/install/unity_robotics_ira2/lib/python3.12/site-packages/unity_robotics_ira2/unity_robotics_ira2_s__rosidl_typesupport_introspection_c.so
-- Up-to-date: /home/stlab24-04/ira2_ws/install/unity_robotics_ira2/lib/python3.12/site-packages/unity_robotics_ira2/unity_robotics_ira2_s__rosidl_typesupport_c.so
-- Up-to-date: /home/stlab24-04/ira2_ws/install/unity_robotics_ira2/lib/libunity_robotics_ira2__rosidl_generator_py.so
-- Up-to-date: /home/stlab24-04/ira2_ws/install/unity_robotics_ira2/share/unity_robotics_ira2/msg/PosRot.idl
-- Up-to-date: /home/stlab24-04/ira2_ws/install/unity_robotics_ira2/share/unity_robotics_ira2/msg/UnityColor.idl
-- Up-to-date: /home/stlab24-04/ira2_ws/install/unity_robotics_ira2/share/unity_robotics_ira2/srv/PositionService.idl
-- Up-to-date: /home/stlab24-04/ira2_ws/install/unity_robotics_ira2/share/unity_robotics_ira2/srv/ObjectPoseService.idl
-- Up-to-date: /home/stlab24-04/ira2_ws/install/unity_robotics_ira2/share/unity_robotics_ira2/msg/PosRot.msg
-- Up-to-date: /home/stlab24-04/ira2_ws/install/unity_robotics_ira2/share/unity_robotics_ira2/msg/UnityColor.msg
-- Up-to-date: /home/stlab24-04/ira2_ws/install/unity_robotics_ira2/share/unity_robotics_ira2/srv/PositionService.srv
-- Up-to-date: /home/stlab24-04/ira2_ws/install/unity_robotics_ira2/share/unity_robotics_ira2/srv/ObjectPoseService.srv
-- Up-to-date: /home/stlab24-04/ira2_ws/install/unity_robotics_ira2/lib/unity_robotics_ira2/unity_control
-- Up-to-date: /home/stlab24-04/ira2_ws/install/unity_robotics_ira2/lib/unity_robotics_ira2/unity_control_v2
-- Up-to-date: /home/stlab24-04/ira2_ws/install/unity_robotics_ira2/lib/unity_robotics_ira2/robot_control
-- Up-to-date: /home/stlab24-04/ira2_ws/install/unity_robotics_ira2/lib/unity_robotics_ira2/joints_sub
-- Up-to-date: /home/stlab24-04/ira2_ws/install/unity_robotics_ira2/lib/unity_robotics_ira2/haptic_control
-- Up-to-date: /home/stlab24-04/ira2_ws/install/unity_robotics_ira2/lib/unity_robotics_ira2/haptic_control2
-- Up-to-date: /home/stlab24-04/ira2_ws/install/unity_robotics_ira2/lib/unity_robotics_ira2/get_force
-- Up-to-date: /home/stlab24-04/ira2_ws/install/unity_robotics_ira2/lib/unity_robotics_ira2/color_publisher
-- Up-to-date: /home/stlab24-04/ira2_ws/install/unity_robotics_ira2/lib/unity_robotics_ira2/position_service
-- Up-to-date: /home/stlab24-04/ira2_ws/install/unity_robotics_ira2/share/ament_index/resource_index/package_run_dependencies/unity_robotics_ira2
-- Up-to-date: /home/stlab24-04/ira2_ws/install/unity_robotics_ira2/share/ament_index/resource_index/parent_prefix_path/unity_robotics_ira2
-- Up-to-date: /home/stlab24-04/ira2_ws/install/unity_robotics_ira2/share/unity_robotics_ira2/environment/ament_prefix_path.sh
-- Up-to-date: /home/stlab24-04/ira2_ws/install/unity_robotics_ira2/share/unity_robotics_ira2/environment/ament_prefix_path.dsv
-- Up-to-date: /home/stlab24-04/ira2_ws/install/unity_robotics_ira2/share/unity_robotics_ira2/environment/path.sh
-- Up-to-date: /home/stlab24-04/ira2_ws/install/unity_robotics_ira2/share/unity_robotics_ira2/environment/path.dsv
-- Up-to-date: /home/stlab24-04/ira2_ws/install/unity_robotics_ira2/share/unity_robotics_ira2/local_setup.bash
-- Up-to-date: /home/stlab24-04/ira2_ws/install/unity_robotics_ira2/share/unity_robotics_ira2/local_setup.sh
-- Up-to-date: /home/stlab24-04/ira2_ws/install/unity_robotics_ira2/share/unity_robotics_ira2/local_setup.zsh
-- Up-to-date: /home/stlab24-04/ira2_ws/install/unity_robotics_ira2/share/unity_robotics_ira2/local_setup.dsv
-- Installing: /home/stlab24-04/ira2_ws/install/unity_robotics_ira2/share/unity_robotics_ira2/package.dsv
-- Up-to-date: /home/stlab24-04/ira2_ws/install/unity_robotics_ira2/share/ament_index/resource_index/packages/unity_robotics_ira2
-- Up-to-date: /home/stlab24-04/ira2_ws/install/unity_robotics_ira2/share/unity_robotics_ira2/cmake/export_unity_robotics_ira2__rosidl_generator_cExport.cmake
-- Up-to-date: /home/stlab24-04/ira2_ws/install/unity_robotics_ira2/share/unity_robotics_ira2/cmake/export_unity_robotics_ira2__rosidl_generator_cExport-noconfig.cmake
-- Up-to-date: /home/stlab24-04/ira2_ws/install/unity_robotics_ira2/share/unity_robotics_ira2/cmake/export_unity_robotics_ira2__rosidl_typesupport_fastrtps_cExport.cmake
-- Up-to-date: /home/stlab24-04/ira2_ws/install/unity_robotics_ira2/share/unity_robotics_ira2/cmake/export_unity_robotics_ira2__rosidl_typesupport_fastrtps_cExport-noconfig.cmake
-- Up-to-date: /home/stlab24-04/ira2_ws/install/unity_robotics_ira2/share/unity_robotics_ira2/cmake/export_unity_robotics_ira2__rosidl_generator_cppExport.cmake
-- Up-to-date: /home/stlab24-04/ira2_ws/install/unity_robotics_ira2/share/unity_robotics_ira2/cmake/export_unity_robotics_ira2__rosidl_typesupport_fastrtps_cppExport.cmake
-- Up-to-date: /home/stlab24-04/ira2_ws/install/unity_robotics_ira2/share/unity_robotics_ira2/cmake/export_unity_robotics_ira2__rosidl_typesupport_fastrtps_cppExport-noconfig.cmake
-- Up-to-date: /home/stlab24-04/ira2_ws/install/unity_robotics_ira2/share/unity_robotics_ira2/cmake/unity_robotics_ira2__rosidl_typesupport_introspection_cExport.cmake
-- Up-to-date: /home/stlab24-04/ira2_ws/install/unity_robotics_ira2/share/unity_robotics_ira2/cmake/unity_robotics_ira2__rosidl_typesupport_introspection_cExport-noconfig.cmake
-- Up-to-date: /home/stlab24-04/ira2_ws/install/unity_robotics_ira2/share/unity_robotics_ira2/cmake/unity_robotics_ira2__rosidl_typesupport_cExport.cmake
-- Up-to-date: /home/stlab24-04/ira2_ws/install/unity_robotics_ira2/share/unity_robotics_ira2/cmake/unity_robotics_ira2__rosidl_typesupport_cExport-noconfig.cmake
-- Up-to-date: /home/stlab24-04/ira2_ws/install/unity_robotics_ira2/share/unity_robotics_ira2/cmake/unity_robotics_ira2__rosidl_typesupport_introspection_cppExport.cmake
-- Up-to-date: /home/stlab24-04/ira2_ws/install/unity_robotics_ira2/share/unity_robotics_ira2/cmake/unity_robotics_ira2__rosidl_typesupport_introspection_cppExport-noconfig.cmake
-- Up-to-date: /home/stlab24-04/ira2_ws/install/unity_robotics_ira2/share/unity_robotics_ira2/cmake/unity_robotics_ira2__rosidl_typesupport_cppExport.cmake
-- Up-to-date: /home/stlab24-04/ira2_ws/install/unity_robotics_ira2/share/unity_robotics_ira2/cmake/unity_robotics_ira2__rosidl_typesupport_cppExport-noconfig.cmake
-- Up-to-date: /home/stlab24-04/ira2_ws/install/unity_robotics_ira2/share/unity_robotics_ira2/cmake/export_unity_robotics_ira2__rosidl_generator_pyExport.cmake
-- Up-to-date: /home/stlab24-04/ira2_ws/install/unity_robotics_ira2/share/unity_robotics_ira2/cmake/export_unity_robotics_ira2__rosidl_generator_pyExport-noconfig.cmake
-- Up-to-date: /home/stlab24-04/ira2_ws/install/unity_robotics_ira2/share/unity_robotics_ira2/cmake/rosidl_cmake-extras.cmake
-- Up-to-date: /home/stlab24-04/ira2_ws/install/unity_robotics_ira2/share/unity_robotics_ira2/cmake/ament_cmake_export_dependencies-extras.cmake
-- Up-to-date: /home/stlab24-04/ira2_ws/install/unity_robotics_ira2/share/unity_robotics_ira2/cmake/ament_cmake_export_include_directories-extras.cmake
-- Up-to-date: /home/stlab24-04/ira2_ws/install/unity_robotics_ira2/share/unity_robotics_ira2/cmake/ament_cmake_export_libraries-extras.cmake
-- Up-to-date: /home/stlab24-04/ira2_ws/install/unity_robotics_ira2/share/unity_robotics_ira2/cmake/ament_cmake_export_targets-extras.cmake
-- Up-to-date: /home/stlab24-04/ira2_ws/install/unity_robotics_ira2/share/unity_robotics_ira2/cmake/rosidl_cmake_export_typesupport_targets-extras.cmake
-- Up-to-date: /home/stlab24-04/ira2_ws/install/unity_robotics_ira2/share/unity_robotics_ira2/cmake/rosidl_cmake_export_typesupport_libraries-extras.cmake
-- Up-to-date: /home/stlab24-04/ira2_ws/install/unity_robotics_ira2/share/unity_robotics_ira2/cmake/unity_robotics_ira2Config.cmake
-- Up-to-date: /home/stlab24-04/ira2_ws/install/unity_robotics_ira2/share/unity_robotics_ira2/cmake/unity_robotics_ira2Config-version.cmake
-- Up-to-date: /home/stlab24-04/ira2_ws/install/unity_robotics_ira2/share/unity_robotics_ira2/package.xml
