[1.292s] Invoking command in '/home/stlab24-04/ira2_ws/src/ur_motion_manager': DEBUGINFOD_URLS=https://debuginfod.ubuntu.com PYTHONPATH=/home/stlab24-04/ira2_ws/build/ur_motion_manager/prefix_override:/usr/lib/python3/dist-packages/colcon_core/task/python/colcon_distutils_commands:/home/stlab24-04/ira2_ws/install/ur_motion_manager/lib/python3.12/site-packages:${PYTHONPATH} /usr/bin/python3 -W ignore:setup.py install is deprecated -W ignore:easy_install command is deprecated setup.py egg_info --egg-base ../../build/ur_motion_manager build --build-base /home/stlab24-04/ira2_ws/build/ur_motion_manager/build install --record /home/stlab24-04/ira2_ws/build/ur_motion_manager/install.log --single-version-externally-managed install_data
[1.523s] running egg_info
[1.541s] writing ../../build/ur_motion_manager/ur_motion_manager.egg-info/PKG-INFO
[1.541s] writing dependency_links to ../../build/ur_motion_manager/ur_motion_manager.egg-info/dependency_links.txt
[1.542s] writing entry points to ../../build/ur_motion_manager/ur_motion_manager.egg-info/entry_points.txt
[1.542s] writing requirements to ../../build/ur_motion_manager/ur_motion_manager.egg-info/requires.txt
[1.542s] writing top-level names to ../../build/ur_motion_manager/ur_motion_manager.egg-info/top_level.txt
[1.578s] reading manifest file '../../build/ur_motion_manager/ur_motion_manager.egg-info/SOURCES.txt'
[1.578s] writing manifest file '../../build/ur_motion_manager/ur_motion_manager.egg-info/SOURCES.txt'
[1.578s] running build
[1.579s] running build_py
[1.579s] running install
[1.583s] running install_lib
[1.602s] running install_data
[1.602s] running install_egg_info
[1.620s] removing '/home/stlab24-04/ira2_ws/install/ur_motion_manager/lib/python3.12/site-packages/ur_motion_manager-0.0.0-py3.12.egg-info' (and everything under it)
[1.620s] Copying ../../build/ur_motion_manager/ur_motion_manager.egg-info to /home/stlab24-04/ira2_ws/install/ur_motion_manager/lib/python3.12/site-packages/ur_motion_manager-0.0.0-py3.12.egg-info
[1.621s] running install_scripts
[1.735s] Installing motion_manager_node script to /home/stlab24-04/ira2_ws/install/ur_motion_manager/lib/ur_motion_manager
[1.735s] Installing teach_node script to /home/stlab24-04/ira2_ws/install/ur_motion_manager/lib/ur_motion_manager
[1.735s] writing list of installed files to '/home/stlab24-04/ira2_ws/build/ur_motion_manager/install.log'
[1.784s] Invoked command in '/home/stlab24-04/ira2_ws/src/ur_motion_manager' returned '0': DEBUGINFOD_URLS=https://debuginfod.ubuntu.com PYTHONPATH=/home/stlab24-04/ira2_ws/build/ur_motion_manager/prefix_override:/usr/lib/python3/dist-packages/colcon_core/task/python/colcon_distutils_commands:/home/stlab24-04/ira2_ws/install/ur_motion_manager/lib/python3.12/site-packages:${PYTHONPATH} /usr/bin/python3 -W ignore:setup.py install is deprecated -W ignore:easy_install command is deprecated setup.py egg_info --egg-base ../../build/ur_motion_manager build --build-base /home/stlab24-04/ira2_ws/build/ur_motion_manager/build install --record /home/stlab24-04/ira2_ws/build/ur_motion_manager/install.log --single-version-externally-managed install_data
